2026-05-17 12:45:21 INFO     Using device: cuda
2026-05-17 12:45:21 INFO     VAE loaded from /home/chandrakiran/Projects/7.RTLS_WITH_CBFS/model_params/panda_10k/model.ckpt-016000.pt
2026-05-17 12:45:21 INFO     FixedBarrierNet loaded (epoch 92)
2026-05-17 12:45:21 INFO     
======================================================================
2026-05-17 12:45:21 INFO     FIXED-OBSTACLE CBF EVALUATION
2026-05-17 12:45:21 INFO       Obstacle: [0.5, 0.0, 0.75, 0.1]
2026-05-17 12:45:21 INFO       Goal ee:  [0.39897406101226807, 0.21796053647994995, 0.6563624143600464]
2026-05-17 12:45:21 INFO       Scenarios: 500 (random start only)
2026-05-17 12:45:21 INFO       CBF: α=0.25, Δt=1.0
2026-05-17 12:45:21 INFO     ======================================================================

2026-05-17 12:45:24 INFO     Progress: 10/500 | Success: 50.0% | Goal: 90.0% | Collision-free: 60.0%
2026-05-17 12:45:25 INFO     Progress: 20/500 | Success: 75.0% | Goal: 95.0% | Collision-free: 80.0%
2026-05-17 12:45:27 INFO     Progress: 30/500 | Success: 80.0% | Goal: 93.3% | Collision-free: 86.7%
2026-05-17 12:45:28 INFO     Progress: 40/500 | Success: 77.5% | Goal: 92.5% | Collision-free: 85.0%
2026-05-17 12:45:30 INFO     Progress: 50/500 | Success: 76.0% | Goal: 92.0% | Collision-free: 84.0%
2026-05-17 12:45:32 INFO     Progress: 60/500 | Success: 73.3% | Goal: 93.3% | Collision-free: 80.0%
2026-05-17 12:45:34 INFO     Progress: 70/500 | Success: 72.9% | Goal: 92.9% | Collision-free: 78.6%
2026-05-17 12:45:36 INFO     Progress: 80/500 | Success: 75.0% | Goal: 93.8% | Collision-free: 80.0%
2026-05-17 12:45:38 INFO     Progress: 90/500 | Success: 73.3% | Goal: 92.2% | Collision-free: 77.8%
2026-05-17 12:45:40 INFO     Progress: 100/500 | Success: 74.0% | Goal: 93.0% | Collision-free: 78.0%
2026-05-17 12:45:41 INFO     Progress: 110/500 | Success: 74.5% | Goal: 93.6% | Collision-free: 78.2%
2026-05-17 12:45:43 INFO     Progress: 120/500 | Success: 73.3% | Goal: 92.5% | Collision-free: 76.7%
2026-05-17 12:45:45 INFO     Progress: 130/500 | Success: 72.3% | Goal: 92.3% | Collision-free: 76.2%
2026-05-17 12:45:46 INFO     Progress: 140/500 | Success: 73.6% | Goal: 92.9% | Collision-free: 77.1%
2026-05-17 12:45:47 INFO     Progress: 150/500 | Success: 73.3% | Goal: 93.3% | Collision-free: 76.7%
2026-05-17 12:45:49 INFO     Progress: 160/500 | Success: 73.8% | Goal: 92.5% | Collision-free: 77.5%
2026-05-17 12:45:50 INFO     Progress: 170/500 | Success: 72.9% | Goal: 92.4% | Collision-free: 77.1%
2026-05-17 12:45:52 INFO     Progress: 180/500 | Success: 73.3% | Goal: 91.7% | Collision-free: 77.2%
2026-05-17 12:45:54 INFO     Progress: 190/500 | Success: 74.2% | Goal: 92.1% | Collision-free: 77.9%
2026-05-17 12:45:55 INFO     Progress: 200/500 | Success: 74.5% | Goal: 92.5% | Collision-free: 78.0%
2026-05-17 12:45:56 INFO     Progress: 210/500 | Success: 75.2% | Goal: 92.9% | Collision-free: 78.6%
2026-05-17 12:45:58 INFO     Progress: 220/500 | Success: 74.5% | Goal: 92.3% | Collision-free: 78.2%
2026-05-17 12:45:59 INFO     Progress: 230/500 | Success: 75.2% | Goal: 92.2% | Collision-free: 79.1%
2026-05-17 12:46:01 INFO     Progress: 240/500 | Success: 75.8% | Goal: 92.5% | Collision-free: 79.6%
2026-05-17 12:46:03 INFO     Progress: 250/500 | Success: 76.8% | Goal: 92.8% | Collision-free: 80.4%
2026-05-17 12:46:04 INFO     Progress: 260/500 | Success: 76.9% | Goal: 92.7% | Collision-free: 80.4%
2026-05-17 12:46:05 INFO     Progress: 270/500 | Success: 77.0% | Goal: 93.0% | Collision-free: 80.4%
2026-05-17 12:46:07 INFO     Progress: 280/500 | Success: 76.4% | Goal: 92.9% | Collision-free: 80.0%
2026-05-17 12:46:08 INFO     Progress: 290/500 | Success: 76.6% | Goal: 93.1% | Collision-free: 80.0%
2026-05-17 12:46:09 INFO     Progress: 300/500 | Success: 76.3% | Goal: 93.3% | Collision-free: 79.7%
2026-05-17 12:46:10 INFO     Progress: 310/500 | Success: 76.8% | Goal: 93.5% | Collision-free: 80.0%
2026-05-17 12:46:13 INFO     Progress: 320/500 | Success: 76.2% | Goal: 93.1% | Collision-free: 80.0%
2026-05-17 12:46:15 INFO     Progress: 330/500 | Success: 75.8% | Goal: 93.0% | Collision-free: 79.7%
2026-05-17 12:46:16 INFO     Progress: 340/500 | Success: 75.6% | Goal: 93.2% | Collision-free: 79.4%
2026-05-17 12:46:17 INFO     Progress: 350/500 | Success: 74.9% | Goal: 93.1% | Collision-free: 78.9%
2026-05-17 12:46:19 INFO     Progress: 360/500 | Success: 75.0% | Goal: 93.1% | Collision-free: 79.2%
2026-05-17 12:46:21 INFO     Progress: 370/500 | Success: 74.6% | Goal: 93.0% | Collision-free: 78.6%
2026-05-17 12:46:22 INFO     Progress: 380/500 | Success: 74.2% | Goal: 92.9% | Collision-free: 78.4%
2026-05-17 12:46:23 INFO     Progress: 390/500 | Success: 74.4% | Goal: 92.8% | Collision-free: 78.7%
2026-05-17 12:46:25 INFO     Progress: 400/500 | Success: 74.5% | Goal: 93.0% | Collision-free: 78.8%
2026-05-17 12:46:27 INFO     Progress: 410/500 | Success: 74.1% | Goal: 92.7% | Collision-free: 78.5%
2026-05-17 12:46:29 INFO     Progress: 420/500 | Success: 74.5% | Goal: 92.9% | Collision-free: 78.8%
2026-05-17 12:46:30 INFO     Progress: 430/500 | Success: 74.7% | Goal: 92.8% | Collision-free: 79.1%
2026-05-17 12:46:32 INFO     Progress: 440/500 | Success: 74.8% | Goal: 92.7% | Collision-free: 79.3%
2026-05-17 12:46:34 INFO     Progress: 450/500 | Success: 74.7% | Goal: 92.4% | Collision-free: 79.3%
2026-05-17 12:46:36 INFO     Progress: 460/500 | Success: 73.9% | Goal: 92.6% | Collision-free: 78.5%
2026-05-17 12:46:38 INFO     Progress: 470/500 | Success: 73.2% | Goal: 92.3% | Collision-free: 78.1%
2026-05-17 12:46:39 INFO     Progress: 480/500 | Success: 73.5% | Goal: 92.5% | Collision-free: 78.3%
2026-05-17 12:46:41 INFO     Progress: 490/500 | Success: 73.7% | Goal: 92.2% | Collision-free: 78.8%
2026-05-17 12:46:42 INFO     Progress: 500/500 | Success: 74.0% | Goal: 92.2% | Collision-free: 79.2%
2026-05-17 12:46:42 INFO     
======================================================================
2026-05-17 12:46:42 INFO     FIXED-OBSTACLE CBF EVALUATION RESULTS
2026-05-17 12:46:42 INFO     ======================================================================
2026-05-17 12:46:42 INFO       Obstacle:         [0.5, 0.0, 0.75, 0.1]
2026-05-17 12:46:42 INFO       Test Scenarios:   500
2026-05-17 12:46:42 INFO       Success Rate:     74.0%
2026-05-17 12:46:42 INFO       Goal Reached:     92.2%
2026-05-17 12:46:42 INFO       Collision-free:   79.2%
2026-05-17 12:46:42 INFO       Avg Planning Time: 92.3 ± 59.3 ms
2026-05-17 12:46:42 INFO       Avg λ:            0.067118
2026-05-17 12:46:42 INFO       Intervention Rate: 34.1%
2026-05-17 12:46:42 INFO     ======================================================================
