2026-05-17 13:00:29 INFO     Using device: cuda
2026-05-17 13:00:29 INFO     VAE loaded from /home/chandrakiran/Projects/7.RTLS_WITH_CBFS/model_params/panda_10k/model.ckpt-016000.pt
2026-05-17 13:00:29 INFO     FixedBarrierNet loaded (epoch 92)
2026-05-17 13:00:29 INFO     
======================================================================
2026-05-17 13:00:29 INFO     FIXED-OBSTACLE CBF EVALUATION
2026-05-17 13:00:29 INFO       Obstacle: [0.5, 0.0, 0.75, 0.1]
2026-05-17 13:00:29 INFO       Goal ee:  [0.39897406101226807, 0.21796053647994995, 0.6563624143600464]
2026-05-17 13:00:29 INFO       Scenarios: 500 (random start only)
2026-05-17 13:00:29 INFO       CBF: α=0.85, Δt=1.0
2026-05-17 13:00:29 INFO     ======================================================================

2026-05-17 13:00:31 INFO     Progress: 10/500 | Success: 40.0% | Goal: 90.0% | Collision-free: 40.0%
2026-05-17 13:00:32 INFO     Progress: 20/500 | Success: 55.0% | Goal: 95.0% | Collision-free: 55.0%
2026-05-17 13:00:33 INFO     Progress: 30/500 | Success: 63.3% | Goal: 96.7% | Collision-free: 63.3%
2026-05-17 13:00:34 INFO     Progress: 40/500 | Success: 60.0% | Goal: 97.5% | Collision-free: 60.0%
2026-05-17 13:00:36 INFO     Progress: 50/500 | Success: 62.0% | Goal: 98.0% | Collision-free: 62.0%
2026-05-17 13:00:37 INFO     Progress: 60/500 | Success: 60.0% | Goal: 98.3% | Collision-free: 60.0%
2026-05-17 13:00:38 INFO     Progress: 70/500 | Success: 62.9% | Goal: 98.6% | Collision-free: 62.9%
2026-05-17 13:00:40 INFO     Progress: 80/500 | Success: 61.3% | Goal: 98.8% | Collision-free: 61.3%
2026-05-17 13:00:41 INFO     Progress: 90/500 | Success: 57.8% | Goal: 98.9% | Collision-free: 57.8%
2026-05-17 13:00:42 INFO     Progress: 100/500 | Success: 58.0% | Goal: 99.0% | Collision-free: 58.0%
2026-05-17 13:00:43 INFO     Progress: 110/500 | Success: 57.3% | Goal: 99.1% | Collision-free: 57.3%
2026-05-17 13:00:44 INFO     Progress: 120/500 | Success: 57.5% | Goal: 99.2% | Collision-free: 57.5%
2026-05-17 13:00:45 INFO     Progress: 130/500 | Success: 58.5% | Goal: 99.2% | Collision-free: 58.5%
2026-05-17 13:00:47 INFO     Progress: 140/500 | Success: 58.6% | Goal: 99.3% | Collision-free: 58.6%
2026-05-17 13:00:48 INFO     Progress: 150/500 | Success: 58.0% | Goal: 99.3% | Collision-free: 58.0%
2026-05-17 13:00:49 INFO     Progress: 160/500 | Success: 58.8% | Goal: 98.8% | Collision-free: 58.8%
2026-05-17 13:00:51 INFO     Progress: 170/500 | Success: 58.8% | Goal: 98.8% | Collision-free: 58.8%
2026-05-17 13:00:52 INFO     Progress: 180/500 | Success: 59.4% | Goal: 98.9% | Collision-free: 59.4%
2026-05-17 13:00:53 INFO     Progress: 190/500 | Success: 58.9% | Goal: 98.9% | Collision-free: 58.9%
2026-05-17 13:00:54 INFO     Progress: 200/500 | Success: 59.5% | Goal: 99.0% | Collision-free: 59.5%
2026-05-17 13:00:56 INFO     Progress: 210/500 | Success: 59.0% | Goal: 98.6% | Collision-free: 59.0%
2026-05-17 13:00:57 INFO     Progress: 220/500 | Success: 59.1% | Goal: 98.6% | Collision-free: 59.1%
2026-05-17 13:00:58 INFO     Progress: 230/500 | Success: 59.1% | Goal: 98.7% | Collision-free: 59.1%
2026-05-17 13:01:00 INFO     Progress: 240/500 | Success: 59.6% | Goal: 98.8% | Collision-free: 59.6%
2026-05-17 13:01:01 INFO     Progress: 250/500 | Success: 60.4% | Goal: 98.8% | Collision-free: 60.4%
2026-05-17 13:01:02 INFO     Progress: 260/500 | Success: 60.0% | Goal: 98.8% | Collision-free: 60.0%
2026-05-17 13:01:03 INFO     Progress: 270/500 | Success: 60.0% | Goal: 98.9% | Collision-free: 60.0%
2026-05-17 13:01:05 INFO     Progress: 280/500 | Success: 59.6% | Goal: 98.6% | Collision-free: 59.6%
2026-05-17 13:01:06 INFO     Progress: 290/500 | Success: 60.0% | Goal: 98.6% | Collision-free: 60.0%
2026-05-17 13:01:07 INFO     Progress: 300/500 | Success: 60.3% | Goal: 98.7% | Collision-free: 60.3%
2026-05-17 13:01:08 INFO     Progress: 310/500 | Success: 60.3% | Goal: 98.7% | Collision-free: 60.3%
2026-05-17 13:01:10 INFO     Progress: 320/500 | Success: 60.0% | Goal: 98.4% | Collision-free: 60.0%
2026-05-17 13:01:12 INFO     Progress: 330/500 | Success: 59.1% | Goal: 98.5% | Collision-free: 59.1%
2026-05-17 13:01:13 INFO     Progress: 340/500 | Success: 59.1% | Goal: 98.5% | Collision-free: 59.1%
2026-05-17 13:01:15 INFO     Progress: 350/500 | Success: 58.9% | Goal: 98.6% | Collision-free: 58.9%
2026-05-17 13:01:16 INFO     Progress: 360/500 | Success: 58.6% | Goal: 98.3% | Collision-free: 58.9%
2026-05-17 13:01:17 INFO     Progress: 370/500 | Success: 57.6% | Goal: 98.4% | Collision-free: 57.8%
2026-05-17 13:01:18 INFO     Progress: 380/500 | Success: 57.4% | Goal: 98.4% | Collision-free: 57.6%
2026-05-17 13:01:20 INFO     Progress: 390/500 | Success: 57.7% | Goal: 98.5% | Collision-free: 57.9%
2026-05-17 13:01:21 INFO     Progress: 400/500 | Success: 58.0% | Goal: 98.5% | Collision-free: 58.2%
2026-05-17 13:01:23 INFO     Progress: 410/500 | Success: 57.8% | Goal: 98.3% | Collision-free: 58.3%
2026-05-17 13:01:24 INFO     Progress: 420/500 | Success: 57.1% | Goal: 98.3% | Collision-free: 57.6%
2026-05-17 13:01:25 INFO     Progress: 430/500 | Success: 57.7% | Goal: 98.4% | Collision-free: 58.1%
2026-05-17 13:01:26 INFO     Progress: 440/500 | Success: 57.7% | Goal: 98.4% | Collision-free: 58.2%
2026-05-17 13:01:27 INFO     Progress: 450/500 | Success: 57.8% | Goal: 98.4% | Collision-free: 58.2%
2026-05-17 13:01:29 INFO     Progress: 460/500 | Success: 57.6% | Goal: 98.5% | Collision-free: 58.0%
2026-05-17 13:01:31 INFO     Progress: 470/500 | Success: 56.8% | Goal: 98.3% | Collision-free: 57.2%
2026-05-17 13:01:32 INFO     Progress: 480/500 | Success: 57.3% | Goal: 98.3% | Collision-free: 57.7%
2026-05-17 13:01:34 INFO     Progress: 490/500 | Success: 57.1% | Goal: 98.2% | Collision-free: 57.6%
2026-05-17 13:01:35 INFO     Progress: 500/500 | Success: 57.6% | Goal: 98.0% | Collision-free: 58.2%
2026-05-17 13:01:35 INFO     
======================================================================
2026-05-17 13:01:35 INFO     FIXED-OBSTACLE CBF EVALUATION RESULTS
2026-05-17 13:01:35 INFO     ======================================================================
2026-05-17 13:01:35 INFO       Obstacle:         [0.5, 0.0, 0.75, 0.1]
2026-05-17 13:01:35 INFO       Test Scenarios:   500
2026-05-17 13:01:35 INFO       Success Rate:     57.6%
2026-05-17 13:01:35 INFO       Goal Reached:     98.0%
2026-05-17 13:01:35 INFO       Collision-free:   58.2%
2026-05-17 13:01:35 INFO       Avg Planning Time: 74.0 ± 34.8 ms
2026-05-17 13:01:35 INFO       Avg λ:            0.110579
2026-05-17 13:01:35 INFO       Intervention Rate: 20.8%
2026-05-17 13:01:35 INFO     ======================================================================
