2026-05-17 12:39:19 INFO     Using device: cuda
2026-05-17 12:39:19 INFO     VAE loaded from /home/chandrakiran/Projects/7.RTLS_WITH_CBFS/model_params/panda_10k/model.ckpt-016000.pt
2026-05-17 12:39:19 INFO     FixedBarrierNet loaded (epoch 92)
2026-05-17 12:39:19 INFO     
======================================================================
2026-05-17 12:39:19 INFO     FIXED-OBSTACLE CBF EVALUATION
2026-05-17 12:39:19 INFO       Obstacle: [0.5, 0.0, 0.75, 0.1]
2026-05-17 12:39:19 INFO       Goal ee:  [0.39897406101226807, 0.21796053647994995, 0.6563624143600464]
2026-05-17 12:39:19 INFO       Scenarios: 500 (random start only)
2026-05-17 12:39:19 INFO       CBF: α=0.05, Δt=1.0
2026-05-17 12:39:19 INFO     ======================================================================

2026-05-17 12:39:23 INFO     Progress: 10/500 | Success: 40.0% | Goal: 70.0% | Collision-free: 70.0%
2026-05-17 12:39:24 INFO     Progress: 20/500 | Success: 65.0% | Goal: 80.0% | Collision-free: 85.0%
2026-05-17 12:39:26 INFO     Progress: 30/500 | Success: 73.3% | Goal: 83.3% | Collision-free: 90.0%
2026-05-17 12:39:29 INFO     Progress: 40/500 | Success: 75.0% | Goal: 85.0% | Collision-free: 90.0%
2026-05-17 12:39:31 INFO     Progress: 50/500 | Success: 76.0% | Goal: 86.0% | Collision-free: 90.0%
2026-05-17 12:39:34 INFO     Progress: 60/500 | Success: 71.7% | Goal: 83.3% | Collision-free: 88.3%
2026-05-17 12:39:36 INFO     Progress: 70/500 | Success: 71.4% | Goal: 84.3% | Collision-free: 87.1%
2026-05-17 12:39:38 INFO     Progress: 80/500 | Success: 72.5% | Goal: 85.0% | Collision-free: 86.2%
2026-05-17 12:39:40 INFO     Progress: 90/500 | Success: 73.3% | Goal: 85.6% | Collision-free: 86.7%
2026-05-17 12:39:42 INFO     Progress: 100/500 | Success: 73.0% | Goal: 85.0% | Collision-free: 86.0%
2026-05-17 12:39:44 INFO     Progress: 110/500 | Success: 74.5% | Goal: 86.4% | Collision-free: 86.4%
2026-05-17 12:39:47 INFO     Progress: 120/500 | Success: 74.2% | Goal: 85.0% | Collision-free: 86.7%
2026-05-17 12:39:49 INFO     Progress: 130/500 | Success: 73.1% | Goal: 83.8% | Collision-free: 86.9%
2026-05-17 12:39:51 INFO     Progress: 140/500 | Success: 73.6% | Goal: 84.3% | Collision-free: 87.1%
2026-05-17 12:39:53 INFO     Progress: 150/500 | Success: 72.0% | Goal: 84.7% | Collision-free: 85.3%
2026-05-17 12:39:55 INFO     Progress: 160/500 | Success: 72.5% | Goal: 84.4% | Collision-free: 86.2%
2026-05-17 12:39:57 INFO     Progress: 170/500 | Success: 72.4% | Goal: 84.7% | Collision-free: 85.9%
2026-05-17 12:39:59 INFO     Progress: 180/500 | Success: 72.2% | Goal: 83.9% | Collision-free: 86.7%
2026-05-17 12:40:01 INFO     Progress: 190/500 | Success: 73.7% | Goal: 84.7% | Collision-free: 87.4%
2026-05-17 12:40:03 INFO     Progress: 200/500 | Success: 74.0% | Goal: 85.5% | Collision-free: 87.0%
2026-05-17 12:40:04 INFO     Progress: 210/500 | Success: 74.3% | Goal: 85.7% | Collision-free: 87.1%
2026-05-17 12:40:06 INFO     Progress: 220/500 | Success: 74.1% | Goal: 85.5% | Collision-free: 87.3%
2026-05-17 12:40:08 INFO     Progress: 230/500 | Success: 74.8% | Goal: 85.7% | Collision-free: 87.8%
2026-05-17 12:40:10 INFO     Progress: 240/500 | Success: 75.0% | Goal: 85.8% | Collision-free: 87.9%
2026-05-17 12:40:12 INFO     Progress: 250/500 | Success: 75.2% | Goal: 85.6% | Collision-free: 88.4%
2026-05-17 12:40:14 INFO     Progress: 260/500 | Success: 75.4% | Goal: 85.4% | Collision-free: 88.5%
2026-05-17 12:40:16 INFO     Progress: 270/500 | Success: 75.6% | Goal: 85.9% | Collision-free: 88.1%
2026-05-17 12:40:18 INFO     Progress: 280/500 | Success: 75.0% | Goal: 85.7% | Collision-free: 87.5%
2026-05-17 12:40:19 INFO     Progress: 290/500 | Success: 75.2% | Goal: 86.2% | Collision-free: 87.2%
2026-05-17 12:40:21 INFO     Progress: 300/500 | Success: 75.3% | Goal: 86.3% | Collision-free: 87.3%
2026-05-17 12:40:22 INFO     Progress: 310/500 | Success: 75.8% | Goal: 86.8% | Collision-free: 87.4%
2026-05-17 12:40:24 INFO     Progress: 320/500 | Success: 75.3% | Goal: 86.2% | Collision-free: 87.5%
2026-05-17 12:40:26 INFO     Progress: 330/500 | Success: 75.2% | Goal: 86.1% | Collision-free: 87.6%
2026-05-17 12:40:28 INFO     Progress: 340/500 | Success: 75.6% | Goal: 86.5% | Collision-free: 87.6%
2026-05-17 12:40:30 INFO     Progress: 350/500 | Success: 74.9% | Goal: 86.3% | Collision-free: 87.1%
2026-05-17 12:40:32 INFO     Progress: 360/500 | Success: 75.0% | Goal: 86.4% | Collision-free: 87.2%
2026-05-17 12:40:33 INFO     Progress: 370/500 | Success: 74.6% | Goal: 86.5% | Collision-free: 86.5%
2026-05-17 12:40:35 INFO     Progress: 380/500 | Success: 74.5% | Goal: 86.6% | Collision-free: 86.3%
2026-05-17 12:40:37 INFO     Progress: 390/500 | Success: 74.6% | Goal: 86.7% | Collision-free: 86.4%
2026-05-17 12:40:39 INFO     Progress: 400/500 | Success: 74.8% | Goal: 87.0% | Collision-free: 86.2%
2026-05-17 12:40:41 INFO     Progress: 410/500 | Success: 74.4% | Goal: 87.1% | Collision-free: 85.9%
2026-05-17 12:40:44 INFO     Progress: 420/500 | Success: 74.5% | Goal: 86.9% | Collision-free: 86.2%
2026-05-17 12:40:46 INFO     Progress: 430/500 | Success: 74.7% | Goal: 87.0% | Collision-free: 86.3%
2026-05-17 12:40:48 INFO     Progress: 440/500 | Success: 74.5% | Goal: 86.8% | Collision-free: 86.4%
2026-05-17 12:40:50 INFO     Progress: 450/500 | Success: 74.4% | Goal: 86.4% | Collision-free: 86.7%
2026-05-17 12:40:52 INFO     Progress: 460/500 | Success: 73.7% | Goal: 86.1% | Collision-free: 86.3%
2026-05-17 12:40:55 INFO     Progress: 470/500 | Success: 73.6% | Goal: 86.0% | Collision-free: 86.4%
2026-05-17 12:40:56 INFO     Progress: 480/500 | Success: 74.0% | Goal: 86.2% | Collision-free: 86.5%
2026-05-17 12:40:58 INFO     Progress: 490/500 | Success: 74.1% | Goal: 86.1% | Collision-free: 86.7%
2026-05-17 12:40:59 INFO     Progress: 500/500 | Success: 74.4% | Goal: 86.2% | Collision-free: 87.0%
2026-05-17 12:40:59 INFO     
======================================================================
2026-05-17 12:40:59 INFO     FIXED-OBSTACLE CBF EVALUATION RESULTS
2026-05-17 12:40:59 INFO     ======================================================================
2026-05-17 12:40:59 INFO       Obstacle:         [0.5, 0.0, 0.75, 0.1]
2026-05-17 12:40:59 INFO       Test Scenarios:   500
2026-05-17 12:40:59 INFO       Success Rate:     74.4%
2026-05-17 12:40:59 INFO       Goal Reached:     86.2%
2026-05-17 12:40:59 INFO       Collision-free:   87.0%
2026-05-17 12:40:59 INFO       Avg Planning Time: 117.4 ± 76.9 ms
2026-05-17 12:40:59 INFO       Avg λ:            0.065214
2026-05-17 12:40:59 INFO       Intervention Rate: 67.0%
2026-05-17 12:40:59 INFO     ======================================================================
