2026-05-17 12:50:38 INFO     Using device: cuda
2026-05-17 12:50:38 INFO     VAE loaded from /home/chandrakiran/Projects/7.RTLS_WITH_CBFS/model_params/panda_10k/model.ckpt-016000.pt
2026-05-17 12:50:38 INFO     FixedBarrierNet loaded (epoch 92)
2026-05-17 12:50:38 INFO     
======================================================================
2026-05-17 12:50:38 INFO     FIXED-OBSTACLE CBF EVALUATION
2026-05-17 12:50:38 INFO       Obstacle: [0.5, 0.0, 0.75, 0.1]
2026-05-17 12:50:38 INFO       Goal ee:  [0.39897406101226807, 0.21796053647994995, 0.6563624143600464]
2026-05-17 12:50:38 INFO       Scenarios: 500 (random start only)
2026-05-17 12:50:38 INFO       CBF: α=0.45, Δt=1.0
2026-05-17 12:50:38 INFO     ======================================================================

2026-05-17 12:50:41 INFO     Progress: 10/500 | Success: 50.0% | Goal: 90.0% | Collision-free: 50.0%
2026-05-17 12:50:43 INFO     Progress: 20/500 | Success: 75.0% | Goal: 95.0% | Collision-free: 75.0%
2026-05-17 12:50:44 INFO     Progress: 30/500 | Success: 76.7% | Goal: 96.7% | Collision-free: 76.7%
2026-05-17 12:50:46 INFO     Progress: 40/500 | Success: 75.0% | Goal: 97.5% | Collision-free: 75.0%
2026-05-17 12:50:48 INFO     Progress: 50/500 | Success: 74.0% | Goal: 98.0% | Collision-free: 74.0%
2026-05-17 12:50:49 INFO     Progress: 60/500 | Success: 71.7% | Goal: 98.3% | Collision-free: 71.7%
2026-05-17 12:50:50 INFO     Progress: 70/500 | Success: 74.3% | Goal: 98.6% | Collision-free: 74.3%
2026-05-17 12:50:52 INFO     Progress: 80/500 | Success: 72.5% | Goal: 98.8% | Collision-free: 72.5%
2026-05-17 12:50:54 INFO     Progress: 90/500 | Success: 67.8% | Goal: 97.8% | Collision-free: 67.8%
2026-05-17 12:50:56 INFO     Progress: 100/500 | Success: 67.0% | Goal: 98.0% | Collision-free: 67.0%
2026-05-17 12:50:57 INFO     Progress: 110/500 | Success: 66.4% | Goal: 98.2% | Collision-free: 66.4%
2026-05-17 12:50:59 INFO     Progress: 120/500 | Success: 65.8% | Goal: 97.5% | Collision-free: 65.8%
2026-05-17 12:51:01 INFO     Progress: 130/500 | Success: 66.2% | Goal: 97.7% | Collision-free: 66.2%
2026-05-17 12:51:03 INFO     Progress: 140/500 | Success: 65.0% | Goal: 96.4% | Collision-free: 65.7%
2026-05-17 12:51:05 INFO     Progress: 150/500 | Success: 64.7% | Goal: 96.7% | Collision-free: 65.3%
2026-05-17 12:51:07 INFO     Progress: 160/500 | Success: 65.6% | Goal: 95.6% | Collision-free: 66.9%
2026-05-17 12:51:08 INFO     Progress: 170/500 | Success: 65.9% | Goal: 95.9% | Collision-free: 67.1%
2026-05-17 12:51:10 INFO     Progress: 180/500 | Success: 66.1% | Goal: 95.6% | Collision-free: 67.2%
2026-05-17 12:51:12 INFO     Progress: 190/500 | Success: 67.4% | Goal: 95.8% | Collision-free: 68.4%
2026-05-17 12:51:14 INFO     Progress: 200/500 | Success: 67.5% | Goal: 95.5% | Collision-free: 68.5%
2026-05-17 12:51:16 INFO     Progress: 210/500 | Success: 67.6% | Goal: 95.7% | Collision-free: 68.6%
2026-05-17 12:51:17 INFO     Progress: 220/500 | Success: 68.2% | Goal: 95.5% | Collision-free: 69.1%
2026-05-17 12:51:19 INFO     Progress: 230/500 | Success: 68.7% | Goal: 95.7% | Collision-free: 69.6%
2026-05-17 12:51:21 INFO     Progress: 240/500 | Success: 68.8% | Goal: 95.0% | Collision-free: 70.0%
2026-05-17 12:51:22 INFO     Progress: 250/500 | Success: 69.6% | Goal: 95.2% | Collision-free: 70.8%
2026-05-17 12:51:24 INFO     Progress: 260/500 | Success: 69.6% | Goal: 95.4% | Collision-free: 70.8%
2026-05-17 12:51:25 INFO     Progress: 270/500 | Success: 69.6% | Goal: 95.6% | Collision-free: 70.7%
2026-05-17 12:51:27 INFO     Progress: 280/500 | Success: 69.3% | Goal: 95.4% | Collision-free: 70.7%
2026-05-17 12:51:28 INFO     Progress: 290/500 | Success: 69.7% | Goal: 95.5% | Collision-free: 71.0%
2026-05-17 12:51:30 INFO     Progress: 300/500 | Success: 69.7% | Goal: 95.7% | Collision-free: 71.0%
2026-05-17 12:51:31 INFO     Progress: 310/500 | Success: 70.3% | Goal: 95.8% | Collision-free: 71.6%
2026-05-17 12:51:34 INFO     Progress: 320/500 | Success: 70.3% | Goal: 95.9% | Collision-free: 71.6%
2026-05-17 12:51:36 INFO     Progress: 330/500 | Success: 70.3% | Goal: 96.1% | Collision-free: 71.5%
2026-05-17 12:51:37 INFO     Progress: 340/500 | Success: 70.6% | Goal: 96.2% | Collision-free: 71.8%
2026-05-17 12:51:39 INFO     Progress: 350/500 | Success: 70.0% | Goal: 96.3% | Collision-free: 71.1%
2026-05-17 12:51:42 INFO     Progress: 360/500 | Success: 69.7% | Goal: 95.8% | Collision-free: 71.1%
2026-05-17 12:51:43 INFO     Progress: 370/500 | Success: 69.5% | Goal: 95.7% | Collision-free: 70.8%
2026-05-17 12:51:45 INFO     Progress: 380/500 | Success: 69.2% | Goal: 95.5% | Collision-free: 70.5%
2026-05-17 12:51:46 INFO     Progress: 390/500 | Success: 69.2% | Goal: 95.6% | Collision-free: 70.5%
2026-05-17 12:51:47 INFO     Progress: 400/500 | Success: 69.2% | Goal: 95.8% | Collision-free: 70.5%
2026-05-17 12:51:49 INFO     Progress: 410/500 | Success: 69.3% | Goal: 95.9% | Collision-free: 70.5%
2026-05-17 12:51:51 INFO     Progress: 420/500 | Success: 69.0% | Goal: 95.5% | Collision-free: 70.5%
2026-05-17 12:51:53 INFO     Progress: 430/500 | Success: 69.1% | Goal: 95.3% | Collision-free: 70.5%
2026-05-17 12:51:55 INFO     Progress: 440/500 | Success: 69.1% | Goal: 95.5% | Collision-free: 70.5%
2026-05-17 12:51:57 INFO     Progress: 450/500 | Success: 69.3% | Goal: 95.1% | Collision-free: 70.9%
2026-05-17 12:51:59 INFO     Progress: 460/500 | Success: 68.7% | Goal: 95.2% | Collision-free: 70.2%
2026-05-17 12:52:01 INFO     Progress: 470/500 | Success: 68.1% | Goal: 95.3% | Collision-free: 69.6%
2026-05-17 12:52:03 INFO     Progress: 480/500 | Success: 68.3% | Goal: 95.4% | Collision-free: 69.8%
2026-05-17 12:52:05 INFO     Progress: 490/500 | Success: 68.2% | Goal: 95.1% | Collision-free: 70.0%
2026-05-17 12:52:06 INFO     Progress: 500/500 | Success: 68.6% | Goal: 95.0% | Collision-free: 70.6%
2026-05-17 12:52:06 INFO     
======================================================================
2026-05-17 12:52:06 INFO     FIXED-OBSTACLE CBF EVALUATION RESULTS
2026-05-17 12:52:06 INFO     ======================================================================
2026-05-17 12:52:06 INFO       Obstacle:         [0.5, 0.0, 0.75, 0.1]
2026-05-17 12:52:06 INFO       Test Scenarios:   500
2026-05-17 12:52:06 INFO       Success Rate:     68.6%
2026-05-17 12:52:06 INFO       Goal Reached:     95.0%
2026-05-17 12:52:06 INFO       Collision-free:   70.6%
2026-05-17 12:52:06 INFO       Avg Planning Time: 101.4 ± 59.1 ms
2026-05-17 12:52:06 INFO       Avg λ:            0.074897
2026-05-17 12:52:06 INFO       Intervention Rate: 25.6%
2026-05-17 12:52:06 INFO     ======================================================================
