2026-05-17 12:52:08 INFO     Using device: cuda
2026-05-17 12:52:08 INFO     VAE loaded from /home/chandrakiran/Projects/7.RTLS_WITH_CBFS/model_params/panda_10k/model.ckpt-016000.pt
2026-05-17 12:52:08 INFO     FixedBarrierNet loaded (epoch 92)
2026-05-17 12:52:08 INFO     
======================================================================
2026-05-17 12:52:08 INFO     FIXED-OBSTACLE CBF EVALUATION
2026-05-17 12:52:08 INFO       Obstacle: [0.5, 0.0, 0.75, 0.1]
2026-05-17 12:52:08 INFO       Goal ee:  [0.39897406101226807, 0.21796053647994995, 0.6563624143600464]
2026-05-17 12:52:08 INFO       Scenarios: 500 (random start only)
2026-05-17 12:52:08 INFO       CBF: α=0.5, Δt=1.0
2026-05-17 12:52:08 INFO     ======================================================================

2026-05-17 12:52:11 INFO     Progress: 10/500 | Success: 40.0% | Goal: 90.0% | Collision-free: 50.0%
2026-05-17 12:52:12 INFO     Progress: 20/500 | Success: 65.0% | Goal: 95.0% | Collision-free: 70.0%
2026-05-17 12:52:14 INFO     Progress: 30/500 | Success: 76.7% | Goal: 96.7% | Collision-free: 80.0%
2026-05-17 12:52:15 INFO     Progress: 40/500 | Success: 75.0% | Goal: 95.0% | Collision-free: 77.5%
2026-05-17 12:52:18 INFO     Progress: 50/500 | Success: 74.0% | Goal: 94.0% | Collision-free: 76.0%
2026-05-17 12:52:20 INFO     Progress: 60/500 | Success: 71.7% | Goal: 95.0% | Collision-free: 73.3%
2026-05-17 12:52:22 INFO     Progress: 70/500 | Success: 74.3% | Goal: 95.7% | Collision-free: 75.7%
2026-05-17 12:52:24 INFO     Progress: 80/500 | Success: 73.8% | Goal: 96.2% | Collision-free: 75.0%
2026-05-17 12:52:26 INFO     Progress: 90/500 | Success: 68.9% | Goal: 96.7% | Collision-free: 70.0%
2026-05-17 12:52:27 INFO     Progress: 100/500 | Success: 68.0% | Goal: 97.0% | Collision-free: 69.0%
2026-05-17 12:52:28 INFO     Progress: 110/500 | Success: 67.3% | Goal: 97.3% | Collision-free: 68.2%
2026-05-17 12:52:30 INFO     Progress: 120/500 | Success: 66.7% | Goal: 96.7% | Collision-free: 67.5%
2026-05-17 12:52:31 INFO     Progress: 130/500 | Success: 66.9% | Goal: 96.9% | Collision-free: 67.7%
2026-05-17 12:52:32 INFO     Progress: 140/500 | Success: 66.4% | Goal: 97.1% | Collision-free: 67.1%
2026-05-17 12:52:34 INFO     Progress: 150/500 | Success: 66.0% | Goal: 97.3% | Collision-free: 66.7%
2026-05-17 12:52:36 INFO     Progress: 160/500 | Success: 66.9% | Goal: 96.2% | Collision-free: 67.5%
2026-05-17 12:52:37 INFO     Progress: 170/500 | Success: 67.1% | Goal: 96.5% | Collision-free: 67.6%
2026-05-17 12:52:38 INFO     Progress: 180/500 | Success: 68.3% | Goal: 96.7% | Collision-free: 68.9%
2026-05-17 12:52:39 INFO     Progress: 190/500 | Success: 68.9% | Goal: 96.8% | Collision-free: 69.5%
2026-05-17 12:52:41 INFO     Progress: 200/500 | Success: 69.5% | Goal: 97.0% | Collision-free: 70.0%
2026-05-17 12:52:43 INFO     Progress: 210/500 | Success: 68.6% | Goal: 96.7% | Collision-free: 69.0%
2026-05-17 12:52:45 INFO     Progress: 220/500 | Success: 68.2% | Goal: 96.4% | Collision-free: 68.6%
2026-05-17 12:52:47 INFO     Progress: 230/500 | Success: 69.1% | Goal: 96.5% | Collision-free: 69.6%
2026-05-17 12:52:48 INFO     Progress: 240/500 | Success: 69.2% | Goal: 96.2% | Collision-free: 69.6%
2026-05-17 12:52:49 INFO     Progress: 250/500 | Success: 70.0% | Goal: 96.4% | Collision-free: 70.4%
2026-05-17 12:52:51 INFO     Progress: 260/500 | Success: 70.0% | Goal: 96.5% | Collision-free: 70.4%
2026-05-17 12:52:52 INFO     Progress: 270/500 | Success: 70.0% | Goal: 96.7% | Collision-free: 70.4%
2026-05-17 12:52:53 INFO     Progress: 280/500 | Success: 69.3% | Goal: 96.4% | Collision-free: 70.0%
2026-05-17 12:52:54 INFO     Progress: 290/500 | Success: 69.7% | Goal: 96.6% | Collision-free: 70.3%
2026-05-17 12:52:55 INFO     Progress: 300/500 | Success: 70.3% | Goal: 96.7% | Collision-free: 71.0%
2026-05-17 12:52:57 INFO     Progress: 310/500 | Success: 71.0% | Goal: 96.8% | Collision-free: 71.6%
2026-05-17 12:52:59 INFO     Progress: 320/500 | Success: 71.2% | Goal: 96.9% | Collision-free: 71.9%
2026-05-17 12:53:01 INFO     Progress: 330/500 | Success: 70.3% | Goal: 97.0% | Collision-free: 70.9%
2026-05-17 12:53:02 INFO     Progress: 340/500 | Success: 70.3% | Goal: 97.1% | Collision-free: 70.9%
2026-05-17 12:53:03 INFO     Progress: 350/500 | Success: 70.0% | Goal: 97.1% | Collision-free: 70.6%
2026-05-17 12:53:05 INFO     Progress: 360/500 | Success: 70.0% | Goal: 96.9% | Collision-free: 70.8%
2026-05-17 12:53:06 INFO     Progress: 370/500 | Success: 69.5% | Goal: 96.8% | Collision-free: 70.3%
2026-05-17 12:53:08 INFO     Progress: 380/500 | Success: 69.2% | Goal: 96.6% | Collision-free: 70.0%
2026-05-17 12:53:09 INFO     Progress: 390/500 | Success: 69.2% | Goal: 96.7% | Collision-free: 70.0%
2026-05-17 12:53:10 INFO     Progress: 400/500 | Success: 69.2% | Goal: 96.8% | Collision-free: 70.0%
2026-05-17 12:53:12 INFO     Progress: 410/500 | Success: 69.3% | Goal: 96.6% | Collision-free: 70.0%
2026-05-17 12:53:15 INFO     Progress: 420/500 | Success: 69.5% | Goal: 96.4% | Collision-free: 70.2%
2026-05-17 12:53:16 INFO     Progress: 430/500 | Success: 69.5% | Goal: 96.3% | Collision-free: 70.2%
2026-05-17 12:53:18 INFO     Progress: 440/500 | Success: 69.5% | Goal: 96.4% | Collision-free: 70.2%
2026-05-17 12:53:20 INFO     Progress: 450/500 | Success: 69.8% | Goal: 96.4% | Collision-free: 70.4%
2026-05-17 12:53:22 INFO     Progress: 460/500 | Success: 69.1% | Goal: 96.5% | Collision-free: 69.8%
2026-05-17 12:53:25 INFO     Progress: 470/500 | Success: 68.3% | Goal: 96.0% | Collision-free: 69.1%
2026-05-17 12:53:27 INFO     Progress: 480/500 | Success: 68.3% | Goal: 96.0% | Collision-free: 69.2%
2026-05-17 12:53:30 INFO     Progress: 490/500 | Success: 68.4% | Goal: 95.7% | Collision-free: 69.6%
2026-05-17 12:53:32 INFO     Progress: 500/500 | Success: 68.6% | Goal: 95.6% | Collision-free: 70.0%
2026-05-17 12:53:32 INFO     
======================================================================
2026-05-17 12:53:32 INFO     FIXED-OBSTACLE CBF EVALUATION RESULTS
2026-05-17 12:53:32 INFO     ======================================================================
2026-05-17 12:53:32 INFO       Obstacle:         [0.5, 0.0, 0.75, 0.1]
2026-05-17 12:53:32 INFO       Test Scenarios:   500
2026-05-17 12:53:32 INFO       Success Rate:     68.6%
2026-05-17 12:53:32 INFO       Goal Reached:     95.6%
2026-05-17 12:53:32 INFO       Collision-free:   70.0%
2026-05-17 12:53:32 INFO       Avg Planning Time: 96.6 ± 53.4 ms
2026-05-17 12:53:32 INFO       Avg λ:            0.077726
2026-05-17 12:53:32 INFO       Intervention Rate: 24.6%
2026-05-17 12:53:32 INFO     ======================================================================
