2026-05-17 12:48:05 INFO     Using device: cuda
2026-05-17 12:48:06 INFO     VAE loaded from /home/chandrakiran/Projects/7.RTLS_WITH_CBFS/model_params/panda_10k/model.ckpt-016000.pt
2026-05-17 12:48:06 INFO     FixedBarrierNet loaded (epoch 92)
2026-05-17 12:48:06 INFO     
======================================================================
2026-05-17 12:48:06 INFO     FIXED-OBSTACLE CBF EVALUATION
2026-05-17 12:48:06 INFO       Obstacle: [0.5, 0.0, 0.75, 0.1]
2026-05-17 12:48:06 INFO       Goal ee:  [0.39897406101226807, 0.21796053647994995, 0.6563624143600464]
2026-05-17 12:48:06 INFO       Scenarios: 500 (random start only)
2026-05-17 12:48:06 INFO       CBF: α=0.35, Δt=1.0
2026-05-17 12:48:06 INFO     ======================================================================

2026-05-17 12:48:08 INFO     Progress: 10/500 | Success: 50.0% | Goal: 90.0% | Collision-free: 60.0%
2026-05-17 12:48:09 INFO     Progress: 20/500 | Success: 75.0% | Goal: 95.0% | Collision-free: 80.0%
2026-05-17 12:48:10 INFO     Progress: 30/500 | Success: 83.3% | Goal: 96.7% | Collision-free: 86.7%
2026-05-17 12:48:11 INFO     Progress: 40/500 | Success: 80.0% | Goal: 95.0% | Collision-free: 85.0%
2026-05-17 12:48:13 INFO     Progress: 50/500 | Success: 80.0% | Goal: 96.0% | Collision-free: 84.0%
2026-05-17 12:48:15 INFO     Progress: 60/500 | Success: 80.0% | Goal: 95.0% | Collision-free: 83.3%
2026-05-17 12:48:16 INFO     Progress: 70/500 | Success: 80.0% | Goal: 95.7% | Collision-free: 82.9%
2026-05-17 12:48:18 INFO     Progress: 80/500 | Success: 77.5% | Goal: 96.2% | Collision-free: 80.0%
2026-05-17 12:48:20 INFO     Progress: 90/500 | Success: 74.4% | Goal: 95.6% | Collision-free: 76.7%
2026-05-17 12:48:21 INFO     Progress: 100/500 | Success: 73.0% | Goal: 96.0% | Collision-free: 75.0%
2026-05-17 12:48:22 INFO     Progress: 110/500 | Success: 71.8% | Goal: 96.4% | Collision-free: 73.6%
2026-05-17 12:48:23 INFO     Progress: 120/500 | Success: 70.8% | Goal: 95.8% | Collision-free: 72.5%
2026-05-17 12:48:25 INFO     Progress: 130/500 | Success: 70.8% | Goal: 96.2% | Collision-free: 72.3%
2026-05-17 12:48:26 INFO     Progress: 140/500 | Success: 70.7% | Goal: 96.4% | Collision-free: 72.1%
2026-05-17 12:48:27 INFO     Progress: 150/500 | Success: 70.0% | Goal: 96.7% | Collision-free: 71.3%
2026-05-17 12:48:29 INFO     Progress: 160/500 | Success: 70.6% | Goal: 95.6% | Collision-free: 71.9%
2026-05-17 12:48:30 INFO     Progress: 170/500 | Success: 70.6% | Goal: 95.9% | Collision-free: 71.8%
2026-05-17 12:48:32 INFO     Progress: 180/500 | Success: 70.6% | Goal: 95.0% | Collision-free: 71.7%
2026-05-17 12:48:33 INFO     Progress: 190/500 | Success: 71.6% | Goal: 95.3% | Collision-free: 72.6%
2026-05-17 12:48:34 INFO     Progress: 200/500 | Success: 71.5% | Goal: 95.5% | Collision-free: 72.5%
2026-05-17 12:48:35 INFO     Progress: 210/500 | Success: 71.4% | Goal: 95.7% | Collision-free: 72.4%
2026-05-17 12:48:37 INFO     Progress: 220/500 | Success: 71.4% | Goal: 95.0% | Collision-free: 72.3%
2026-05-17 12:48:38 INFO     Progress: 230/500 | Success: 72.2% | Goal: 95.2% | Collision-free: 73.0%
2026-05-17 12:48:40 INFO     Progress: 240/500 | Success: 72.5% | Goal: 95.4% | Collision-free: 73.3%
2026-05-17 12:48:42 INFO     Progress: 250/500 | Success: 73.6% | Goal: 95.6% | Collision-free: 74.4%
2026-05-17 12:48:43 INFO     Progress: 260/500 | Success: 73.8% | Goal: 95.4% | Collision-free: 74.6%
2026-05-17 12:48:44 INFO     Progress: 270/500 | Success: 73.7% | Goal: 95.6% | Collision-free: 74.4%
2026-05-17 12:48:46 INFO     Progress: 280/500 | Success: 72.9% | Goal: 95.4% | Collision-free: 73.9%
2026-05-17 12:48:47 INFO     Progress: 290/500 | Success: 73.1% | Goal: 95.5% | Collision-free: 74.1%
2026-05-17 12:48:48 INFO     Progress: 300/500 | Success: 73.7% | Goal: 95.7% | Collision-free: 74.7%
2026-05-17 12:48:49 INFO     Progress: 310/500 | Success: 74.2% | Goal: 95.8% | Collision-free: 75.2%
2026-05-17 12:48:51 INFO     Progress: 320/500 | Success: 73.8% | Goal: 95.6% | Collision-free: 75.0%
2026-05-17 12:48:53 INFO     Progress: 330/500 | Success: 73.6% | Goal: 95.8% | Collision-free: 74.8%
2026-05-17 12:48:54 INFO     Progress: 340/500 | Success: 73.5% | Goal: 95.9% | Collision-free: 74.7%
2026-05-17 12:48:55 INFO     Progress: 350/500 | Success: 72.9% | Goal: 95.7% | Collision-free: 74.3%
2026-05-17 12:48:57 INFO     Progress: 360/500 | Success: 72.8% | Goal: 95.6% | Collision-free: 74.4%
2026-05-17 12:48:58 INFO     Progress: 370/500 | Success: 72.4% | Goal: 95.4% | Collision-free: 74.1%
2026-05-17 12:49:00 INFO     Progress: 380/500 | Success: 72.1% | Goal: 95.5% | Collision-free: 73.7%
2026-05-17 12:49:01 INFO     Progress: 390/500 | Success: 72.1% | Goal: 95.6% | Collision-free: 73.6%
2026-05-17 12:49:03 INFO     Progress: 400/500 | Success: 72.0% | Goal: 95.5% | Collision-free: 73.8%
2026-05-17 12:49:04 INFO     Progress: 410/500 | Success: 71.7% | Goal: 95.4% | Collision-free: 73.7%
2026-05-17 12:49:06 INFO     Progress: 420/500 | Success: 72.1% | Goal: 95.2% | Collision-free: 74.3%
2026-05-17 12:49:07 INFO     Progress: 430/500 | Success: 72.3% | Goal: 95.1% | Collision-free: 74.7%
2026-05-17 12:49:09 INFO     Progress: 440/500 | Success: 72.0% | Goal: 95.0% | Collision-free: 74.3%
2026-05-17 12:49:11 INFO     Progress: 450/500 | Success: 72.0% | Goal: 94.9% | Collision-free: 74.4%
2026-05-17 12:49:12 INFO     Progress: 460/500 | Success: 71.5% | Goal: 95.0% | Collision-free: 73.9%
2026-05-17 12:49:14 INFO     Progress: 470/500 | Success: 70.9% | Goal: 95.1% | Collision-free: 73.2%
2026-05-17 12:49:15 INFO     Progress: 480/500 | Success: 71.2% | Goal: 95.2% | Collision-free: 73.5%
2026-05-17 12:49:18 INFO     Progress: 490/500 | Success: 71.2% | Goal: 94.7% | Collision-free: 74.1%
2026-05-17 12:49:19 INFO     Progress: 500/500 | Success: 71.4% | Goal: 94.6% | Collision-free: 74.4%
2026-05-17 12:49:19 INFO     
======================================================================
2026-05-17 12:49:19 INFO     FIXED-OBSTACLE CBF EVALUATION RESULTS
2026-05-17 12:49:19 INFO     ======================================================================
2026-05-17 12:49:19 INFO       Obstacle:         [0.5, 0.0, 0.75, 0.1]
2026-05-17 12:49:19 INFO       Test Scenarios:   500
2026-05-17 12:49:19 INFO       Success Rate:     71.4%
2026-05-17 12:49:19 INFO       Goal Reached:     94.6%
2026-05-17 12:49:19 INFO       Collision-free:   74.4%
2026-05-17 12:49:19 INFO       Avg Planning Time: 82.9 ± 48.4 ms
2026-05-17 12:49:19 INFO       Avg λ:            0.072425
2026-05-17 12:49:19 INFO       Intervention Rate: 28.4%
2026-05-17 12:49:19 INFO     ======================================================================
