2026-05-17 12:46:44 INFO     Using device: cuda
2026-05-17 12:46:44 INFO     VAE loaded from /home/chandrakiran/Projects/7.RTLS_WITH_CBFS/model_params/panda_10k/model.ckpt-016000.pt
2026-05-17 12:46:44 INFO     FixedBarrierNet loaded (epoch 92)
2026-05-17 12:46:44 INFO     
======================================================================
2026-05-17 12:46:44 INFO     FIXED-OBSTACLE CBF EVALUATION
2026-05-17 12:46:44 INFO       Obstacle: [0.5, 0.0, 0.75, 0.1]
2026-05-17 12:46:44 INFO       Goal ee:  [0.39897406101226807, 0.21796053647994995, 0.6563624143600464]
2026-05-17 12:46:44 INFO       Scenarios: 500 (random start only)
2026-05-17 12:46:44 INFO       CBF: α=0.3, Δt=1.0
2026-05-17 12:46:44 INFO     ======================================================================

2026-05-17 12:46:46 INFO     Progress: 10/500 | Success: 50.0% | Goal: 90.0% | Collision-free: 60.0%
2026-05-17 12:46:47 INFO     Progress: 20/500 | Success: 70.0% | Goal: 95.0% | Collision-free: 75.0%
2026-05-17 12:46:49 INFO     Progress: 30/500 | Success: 80.0% | Goal: 96.7% | Collision-free: 83.3%
2026-05-17 12:46:51 INFO     Progress: 40/500 | Success: 77.5% | Goal: 95.0% | Collision-free: 82.5%
2026-05-17 12:46:53 INFO     Progress: 50/500 | Success: 76.0% | Goal: 92.0% | Collision-free: 82.0%
2026-05-17 12:46:54 INFO     Progress: 60/500 | Success: 75.0% | Goal: 93.3% | Collision-free: 80.0%
2026-05-17 12:46:56 INFO     Progress: 70/500 | Success: 74.3% | Goal: 92.9% | Collision-free: 78.6%
2026-05-17 12:46:58 INFO     Progress: 80/500 | Success: 76.2% | Goal: 93.8% | Collision-free: 80.0%
2026-05-17 12:47:00 INFO     Progress: 90/500 | Success: 73.3% | Goal: 92.2% | Collision-free: 77.8%
2026-05-17 12:47:01 INFO     Progress: 100/500 | Success: 73.0% | Goal: 93.0% | Collision-free: 77.0%
2026-05-17 12:47:02 INFO     Progress: 110/500 | Success: 72.7% | Goal: 93.6% | Collision-free: 76.4%
2026-05-17 12:47:04 INFO     Progress: 120/500 | Success: 71.7% | Goal: 92.5% | Collision-free: 75.0%
2026-05-17 12:47:06 INFO     Progress: 130/500 | Success: 70.8% | Goal: 92.3% | Collision-free: 74.6%
2026-05-17 12:47:07 INFO     Progress: 140/500 | Success: 70.7% | Goal: 92.1% | Collision-free: 75.0%
2026-05-17 12:47:09 INFO     Progress: 150/500 | Success: 70.0% | Goal: 92.7% | Collision-free: 74.0%
2026-05-17 12:47:10 INFO     Progress: 160/500 | Success: 70.6% | Goal: 91.9% | Collision-free: 75.0%
2026-05-17 12:47:12 INFO     Progress: 170/500 | Success: 70.0% | Goal: 91.8% | Collision-free: 74.1%
2026-05-17 12:47:14 INFO     Progress: 180/500 | Success: 70.6% | Goal: 91.7% | Collision-free: 74.4%
2026-05-17 12:47:15 INFO     Progress: 190/500 | Success: 72.1% | Goal: 92.1% | Collision-free: 75.8%
2026-05-17 12:47:16 INFO     Progress: 200/500 | Success: 72.0% | Goal: 92.0% | Collision-free: 76.0%
2026-05-17 12:47:17 INFO     Progress: 210/500 | Success: 72.9% | Goal: 92.4% | Collision-free: 76.7%
2026-05-17 12:47:19 INFO     Progress: 220/500 | Success: 72.7% | Goal: 92.3% | Collision-free: 76.4%
2026-05-17 12:47:20 INFO     Progress: 230/500 | Success: 73.5% | Goal: 92.2% | Collision-free: 77.4%
2026-05-17 12:47:22 INFO     Progress: 240/500 | Success: 72.9% | Goal: 92.1% | Collision-free: 77.1%
2026-05-17 12:47:24 INFO     Progress: 250/500 | Success: 73.6% | Goal: 92.4% | Collision-free: 77.6%
2026-05-17 12:47:25 INFO     Progress: 260/500 | Success: 73.8% | Goal: 92.3% | Collision-free: 77.7%
2026-05-17 12:47:26 INFO     Progress: 270/500 | Success: 73.7% | Goal: 92.6% | Collision-free: 77.4%
2026-05-17 12:47:28 INFO     Progress: 280/500 | Success: 72.9% | Goal: 92.5% | Collision-free: 76.8%
2026-05-17 12:47:29 INFO     Progress: 290/500 | Success: 73.1% | Goal: 92.8% | Collision-free: 76.9%
2026-05-17 12:47:31 INFO     Progress: 300/500 | Success: 73.3% | Goal: 93.0% | Collision-free: 77.0%
2026-05-17 12:47:32 INFO     Progress: 310/500 | Success: 73.9% | Goal: 93.2% | Collision-free: 77.4%
2026-05-17 12:47:34 INFO     Progress: 320/500 | Success: 73.1% | Goal: 92.8% | Collision-free: 77.2%
2026-05-17 12:47:36 INFO     Progress: 330/500 | Success: 72.7% | Goal: 93.0% | Collision-free: 76.7%
2026-05-17 12:47:37 INFO     Progress: 340/500 | Success: 72.9% | Goal: 93.2% | Collision-free: 76.8%
2026-05-17 12:47:39 INFO     Progress: 350/500 | Success: 72.3% | Goal: 93.1% | Collision-free: 76.3%
2026-05-17 12:47:40 INFO     Progress: 360/500 | Success: 72.5% | Goal: 93.1% | Collision-free: 76.7%
2026-05-17 12:47:42 INFO     Progress: 370/500 | Success: 71.9% | Goal: 93.0% | Collision-free: 75.9%
2026-05-17 12:47:43 INFO     Progress: 380/500 | Success: 71.6% | Goal: 92.9% | Collision-free: 75.8%
2026-05-17 12:47:45 INFO     Progress: 390/500 | Success: 71.8% | Goal: 93.1% | Collision-free: 75.9%
2026-05-17 12:47:46 INFO     Progress: 400/500 | Success: 72.0% | Goal: 93.2% | Collision-free: 76.0%
2026-05-17 12:47:48 INFO     Progress: 410/500 | Success: 71.7% | Goal: 93.2% | Collision-free: 75.9%
2026-05-17 12:47:50 INFO     Progress: 420/500 | Success: 72.1% | Goal: 93.1% | Collision-free: 76.2%
2026-05-17 12:47:51 INFO     Progress: 430/500 | Success: 72.3% | Goal: 93.0% | Collision-free: 76.5%
2026-05-17 12:47:53 INFO     Progress: 440/500 | Success: 72.5% | Goal: 93.2% | Collision-free: 76.6%
2026-05-17 12:47:55 INFO     Progress: 450/500 | Success: 72.4% | Goal: 92.9% | Collision-free: 76.7%
2026-05-17 12:47:56 INFO     Progress: 460/500 | Success: 72.0% | Goal: 93.0% | Collision-free: 76.1%
2026-05-17 12:47:58 INFO     Progress: 470/500 | Success: 71.1% | Goal: 92.8% | Collision-free: 75.3%
2026-05-17 12:48:00 INFO     Progress: 480/500 | Success: 71.2% | Goal: 92.9% | Collision-free: 75.4%
2026-05-17 12:48:02 INFO     Progress: 490/500 | Success: 70.8% | Goal: 92.4% | Collision-free: 75.3%
2026-05-17 12:48:04 INFO     Progress: 500/500 | Success: 71.0% | Goal: 92.2% | Collision-free: 75.8%
2026-05-17 12:48:04 INFO     
======================================================================
2026-05-17 12:48:04 INFO     FIXED-OBSTACLE CBF EVALUATION RESULTS
2026-05-17 12:48:04 INFO     ======================================================================
2026-05-17 12:48:04 INFO       Obstacle:         [0.5, 0.0, 0.75, 0.1]
2026-05-17 12:48:04 INFO       Test Scenarios:   500
2026-05-17 12:48:04 INFO       Success Rate:     71.0%
2026-05-17 12:48:04 INFO       Goal Reached:     92.2%
2026-05-17 12:48:04 INFO       Collision-free:   75.8%
2026-05-17 12:48:04 INFO       Avg Planning Time: 86.8 ± 54.3 ms
2026-05-17 12:48:04 INFO       Avg λ:            0.068054
2026-05-17 12:48:04 INFO       Intervention Rate: 31.7%
2026-05-17 12:48:04 INFO     ======================================================================
