2026-05-17 12:53:33 INFO     Using device: cuda
2026-05-17 12:53:33 INFO     VAE loaded from /home/chandrakiran/Projects/7.RTLS_WITH_CBFS/model_params/panda_10k/model.ckpt-016000.pt
2026-05-17 12:53:34 INFO     FixedBarrierNet loaded (epoch 92)
2026-05-17 12:53:34 INFO     
======================================================================
2026-05-17 12:53:34 INFO     FIXED-OBSTACLE CBF EVALUATION
2026-05-17 12:53:34 INFO       Obstacle: [0.5, 0.0, 0.75, 0.1]
2026-05-17 12:53:34 INFO       Goal ee:  [0.39897406101226807, 0.21796053647994995, 0.6563624143600464]
2026-05-17 12:53:34 INFO       Scenarios: 500 (random start only)
2026-05-17 12:53:34 INFO       CBF: α=0.55, Δt=1.0
2026-05-17 12:53:34 INFO     ======================================================================

2026-05-17 12:53:36 INFO     Progress: 10/500 | Success: 50.0% | Goal: 90.0% | Collision-free: 50.0%
2026-05-17 12:53:38 INFO     Progress: 20/500 | Success: 70.0% | Goal: 95.0% | Collision-free: 70.0%
2026-05-17 12:53:39 INFO     Progress: 30/500 | Success: 76.7% | Goal: 96.7% | Collision-free: 76.7%
2026-05-17 12:53:41 INFO     Progress: 40/500 | Success: 72.5% | Goal: 97.5% | Collision-free: 72.5%
2026-05-17 12:53:42 INFO     Progress: 50/500 | Success: 72.0% | Goal: 98.0% | Collision-free: 72.0%
2026-05-17 12:53:44 INFO     Progress: 60/500 | Success: 71.7% | Goal: 98.3% | Collision-free: 71.7%
2026-05-17 12:53:45 INFO     Progress: 70/500 | Success: 74.3% | Goal: 98.6% | Collision-free: 74.3%
2026-05-17 12:53:46 INFO     Progress: 80/500 | Success: 75.0% | Goal: 98.8% | Collision-free: 75.0%
2026-05-17 12:53:48 INFO     Progress: 90/500 | Success: 70.0% | Goal: 98.9% | Collision-free: 70.0%
2026-05-17 12:53:49 INFO     Progress: 100/500 | Success: 69.0% | Goal: 99.0% | Collision-free: 69.0%
2026-05-17 12:53:50 INFO     Progress: 110/500 | Success: 68.2% | Goal: 99.1% | Collision-free: 68.2%
2026-05-17 12:53:52 INFO     Progress: 120/500 | Success: 67.5% | Goal: 97.5% | Collision-free: 67.5%
2026-05-17 12:53:53 INFO     Progress: 130/500 | Success: 67.7% | Goal: 97.7% | Collision-free: 67.7%
2026-05-17 12:53:54 INFO     Progress: 140/500 | Success: 67.9% | Goal: 97.9% | Collision-free: 67.9%
2026-05-17 12:53:55 INFO     Progress: 150/500 | Success: 67.3% | Goal: 98.0% | Collision-free: 67.3%
2026-05-17 12:53:57 INFO     Progress: 160/500 | Success: 68.1% | Goal: 96.9% | Collision-free: 68.8%
2026-05-17 12:53:58 INFO     Progress: 170/500 | Success: 68.2% | Goal: 97.1% | Collision-free: 68.8%
2026-05-17 12:54:00 INFO     Progress: 180/500 | Success: 68.3% | Goal: 97.2% | Collision-free: 68.9%
2026-05-17 12:54:01 INFO     Progress: 190/500 | Success: 67.9% | Goal: 97.4% | Collision-free: 68.4%
2026-05-17 12:54:02 INFO     Progress: 200/500 | Success: 68.5% | Goal: 97.5% | Collision-free: 69.0%
2026-05-17 12:54:04 INFO     Progress: 210/500 | Success: 67.6% | Goal: 97.1% | Collision-free: 68.1%
2026-05-17 12:54:05 INFO     Progress: 220/500 | Success: 67.3% | Goal: 96.4% | Collision-free: 68.2%
2026-05-17 12:54:07 INFO     Progress: 230/500 | Success: 68.3% | Goal: 96.5% | Collision-free: 69.1%
2026-05-17 12:54:08 INFO     Progress: 240/500 | Success: 68.3% | Goal: 96.7% | Collision-free: 69.2%
2026-05-17 12:54:09 INFO     Progress: 250/500 | Success: 68.8% | Goal: 96.8% | Collision-free: 69.6%
2026-05-17 12:54:11 INFO     Progress: 260/500 | Success: 68.5% | Goal: 96.9% | Collision-free: 69.2%
2026-05-17 12:54:12 INFO     Progress: 270/500 | Success: 68.5% | Goal: 97.0% | Collision-free: 69.3%
2026-05-17 12:54:13 INFO     Progress: 280/500 | Success: 67.9% | Goal: 96.8% | Collision-free: 68.9%
2026-05-17 12:54:14 INFO     Progress: 290/500 | Success: 68.3% | Goal: 96.9% | Collision-free: 69.3%
2026-05-17 12:54:15 INFO     Progress: 300/500 | Success: 69.0% | Goal: 97.0% | Collision-free: 70.0%
2026-05-17 12:54:17 INFO     Progress: 310/500 | Success: 69.7% | Goal: 97.1% | Collision-free: 70.6%
2026-05-17 12:54:18 INFO     Progress: 320/500 | Success: 70.0% | Goal: 97.2% | Collision-free: 70.9%
2026-05-17 12:54:20 INFO     Progress: 330/500 | Success: 69.1% | Goal: 97.3% | Collision-free: 70.0%
2026-05-17 12:54:21 INFO     Progress: 340/500 | Success: 69.1% | Goal: 97.4% | Collision-free: 70.0%
2026-05-17 12:54:22 INFO     Progress: 350/500 | Success: 68.6% | Goal: 97.4% | Collision-free: 69.4%
2026-05-17 12:54:25 INFO     Progress: 360/500 | Success: 68.6% | Goal: 96.9% | Collision-free: 69.7%
2026-05-17 12:54:26 INFO     Progress: 370/500 | Success: 68.1% | Goal: 96.8% | Collision-free: 69.2%
2026-05-17 12:54:27 INFO     Progress: 380/500 | Success: 67.9% | Goal: 96.8% | Collision-free: 68.9%
2026-05-17 12:54:28 INFO     Progress: 390/500 | Success: 67.9% | Goal: 96.9% | Collision-free: 69.0%
2026-05-17 12:54:30 INFO     Progress: 400/500 | Success: 68.0% | Goal: 97.0% | Collision-free: 69.0%
2026-05-17 12:54:31 INFO     Progress: 410/500 | Success: 68.0% | Goal: 97.1% | Collision-free: 69.0%
2026-05-17 12:54:33 INFO     Progress: 420/500 | Success: 68.1% | Goal: 96.9% | Collision-free: 69.0%
2026-05-17 12:54:34 INFO     Progress: 430/500 | Success: 68.1% | Goal: 96.7% | Collision-free: 69.1%
2026-05-17 12:54:35 INFO     Progress: 440/500 | Success: 68.2% | Goal: 96.8% | Collision-free: 69.1%
2026-05-17 12:54:36 INFO     Progress: 450/500 | Success: 68.2% | Goal: 96.9% | Collision-free: 69.1%
2026-05-17 12:54:38 INFO     Progress: 460/500 | Success: 67.4% | Goal: 97.0% | Collision-free: 68.3%
2026-05-17 12:54:40 INFO     Progress: 470/500 | Success: 66.6% | Goal: 97.0% | Collision-free: 67.4%
2026-05-17 12:54:41 INFO     Progress: 480/500 | Success: 66.9% | Goal: 97.1% | Collision-free: 67.7%
2026-05-17 12:54:43 INFO     Progress: 490/500 | Success: 66.7% | Goal: 96.7% | Collision-free: 68.0%
2026-05-17 12:54:44 INFO     Progress: 500/500 | Success: 67.0% | Goal: 96.6% | Collision-free: 68.4%
2026-05-17 12:54:44 INFO     
======================================================================
2026-05-17 12:54:44 INFO     FIXED-OBSTACLE CBF EVALUATION RESULTS
2026-05-17 12:54:44 INFO     ======================================================================
2026-05-17 12:54:44 INFO       Obstacle:         [0.5, 0.0, 0.75, 0.1]
2026-05-17 12:54:44 INFO       Test Scenarios:   500
2026-05-17 12:54:44 INFO       Success Rate:     67.0%
2026-05-17 12:54:44 INFO       Goal Reached:     96.6%
2026-05-17 12:54:44 INFO       Collision-free:   68.4%
2026-05-17 12:54:44 INFO       Avg Planning Time: 80.8 ± 43.2 ms
2026-05-17 12:54:44 INFO       Avg λ:            0.078062
2026-05-17 12:54:44 INFO       Intervention Rate: 23.7%
2026-05-17 12:54:44 INFO     ======================================================================
