2026-05-17 12:55:56 INFO     Using device: cuda
2026-05-17 12:55:57 INFO     VAE loaded from /home/chandrakiran/Projects/7.RTLS_WITH_CBFS/model_params/panda_10k/model.ckpt-016000.pt
2026-05-17 12:55:57 INFO     FixedBarrierNet loaded (epoch 92)
2026-05-17 12:55:57 INFO     
======================================================================
2026-05-17 12:55:57 INFO     FIXED-OBSTACLE CBF EVALUATION
2026-05-17 12:55:57 INFO       Obstacle: [0.5, 0.0, 0.75, 0.1]
2026-05-17 12:55:57 INFO       Goal ee:  [0.39897406101226807, 0.21796053647994995, 0.6563624143600464]
2026-05-17 12:55:57 INFO       Scenarios: 500 (random start only)
2026-05-17 12:55:57 INFO       CBF: α=0.65, Δt=1.0
2026-05-17 12:55:57 INFO     ======================================================================

2026-05-17 12:55:59 INFO     Progress: 10/500 | Success: 40.0% | Goal: 100.0% | Collision-free: 40.0%
2026-05-17 12:56:00 INFO     Progress: 20/500 | Success: 65.0% | Goal: 100.0% | Collision-free: 65.0%
2026-05-17 12:56:01 INFO     Progress: 30/500 | Success: 70.0% | Goal: 100.0% | Collision-free: 70.0%
2026-05-17 12:56:02 INFO     Progress: 40/500 | Success: 67.5% | Goal: 100.0% | Collision-free: 67.5%
2026-05-17 12:56:04 INFO     Progress: 50/500 | Success: 68.0% | Goal: 100.0% | Collision-free: 68.0%
2026-05-17 12:56:06 INFO     Progress: 60/500 | Success: 65.0% | Goal: 100.0% | Collision-free: 65.0%
2026-05-17 12:56:07 INFO     Progress: 70/500 | Success: 67.1% | Goal: 100.0% | Collision-free: 67.1%
2026-05-17 12:56:08 INFO     Progress: 80/500 | Success: 65.0% | Goal: 100.0% | Collision-free: 65.0%
2026-05-17 12:56:10 INFO     Progress: 90/500 | Success: 61.1% | Goal: 100.0% | Collision-free: 61.1%
2026-05-17 12:56:11 INFO     Progress: 100/500 | Success: 61.0% | Goal: 100.0% | Collision-free: 61.0%
2026-05-17 12:56:12 INFO     Progress: 110/500 | Success: 60.0% | Goal: 100.0% | Collision-free: 60.0%
2026-05-17 12:56:13 INFO     Progress: 120/500 | Success: 60.0% | Goal: 100.0% | Collision-free: 60.0%
2026-05-17 12:56:14 INFO     Progress: 130/500 | Success: 60.8% | Goal: 100.0% | Collision-free: 60.8%
2026-05-17 12:56:16 INFO     Progress: 140/500 | Success: 60.0% | Goal: 100.0% | Collision-free: 60.0%
2026-05-17 12:56:17 INFO     Progress: 150/500 | Success: 60.7% | Goal: 100.0% | Collision-free: 60.7%
2026-05-17 12:56:19 INFO     Progress: 160/500 | Success: 61.9% | Goal: 99.4% | Collision-free: 61.9%
2026-05-17 12:56:20 INFO     Progress: 170/500 | Success: 61.8% | Goal: 99.4% | Collision-free: 61.8%
2026-05-17 12:56:22 INFO     Progress: 180/500 | Success: 62.2% | Goal: 99.4% | Collision-free: 62.2%
2026-05-17 12:56:23 INFO     Progress: 190/500 | Success: 61.1% | Goal: 98.9% | Collision-free: 61.1%
2026-05-17 12:56:25 INFO     Progress: 200/500 | Success: 62.0% | Goal: 99.0% | Collision-free: 62.0%
2026-05-17 12:56:26 INFO     Progress: 210/500 | Success: 62.4% | Goal: 99.0% | Collision-free: 62.4%
2026-05-17 12:56:27 INFO     Progress: 220/500 | Success: 62.3% | Goal: 99.1% | Collision-free: 62.3%
2026-05-17 12:56:28 INFO     Progress: 230/500 | Success: 63.5% | Goal: 99.1% | Collision-free: 63.5%
2026-05-17 12:56:30 INFO     Progress: 240/500 | Success: 63.3% | Goal: 99.2% | Collision-free: 63.3%
2026-05-17 12:56:31 INFO     Progress: 250/500 | Success: 64.4% | Goal: 99.2% | Collision-free: 64.4%
2026-05-17 12:56:32 INFO     Progress: 260/500 | Success: 64.2% | Goal: 99.2% | Collision-free: 64.2%
2026-05-17 12:56:33 INFO     Progress: 270/500 | Success: 64.1% | Goal: 99.3% | Collision-free: 64.1%
2026-05-17 12:56:34 INFO     Progress: 280/500 | Success: 63.2% | Goal: 98.9% | Collision-free: 63.6%
2026-05-17 12:56:35 INFO     Progress: 290/500 | Success: 63.8% | Goal: 99.0% | Collision-free: 64.1%
2026-05-17 12:56:37 INFO     Progress: 300/500 | Success: 64.0% | Goal: 98.7% | Collision-free: 64.3%
2026-05-17 12:56:38 INFO     Progress: 310/500 | Success: 64.5% | Goal: 98.7% | Collision-free: 64.8%
2026-05-17 12:56:40 INFO     Progress: 320/500 | Success: 64.4% | Goal: 98.8% | Collision-free: 64.7%
2026-05-17 12:56:41 INFO     Progress: 330/500 | Success: 63.6% | Goal: 98.8% | Collision-free: 63.9%
2026-05-17 12:56:43 INFO     Progress: 340/500 | Success: 63.8% | Goal: 98.8% | Collision-free: 64.1%
2026-05-17 12:56:44 INFO     Progress: 350/500 | Success: 63.4% | Goal: 98.9% | Collision-free: 63.7%
2026-05-17 12:56:45 INFO     Progress: 360/500 | Success: 63.3% | Goal: 98.6% | Collision-free: 63.9%
2026-05-17 12:56:47 INFO     Progress: 370/500 | Success: 62.7% | Goal: 98.4% | Collision-free: 63.2%
2026-05-17 12:56:48 INFO     Progress: 380/500 | Success: 62.6% | Goal: 98.2% | Collision-free: 63.2%
2026-05-17 12:56:50 INFO     Progress: 390/500 | Success: 62.8% | Goal: 98.2% | Collision-free: 63.3%
2026-05-17 12:56:51 INFO     Progress: 400/500 | Success: 63.2% | Goal: 98.2% | Collision-free: 63.7%
2026-05-17 12:56:52 INFO     Progress: 410/500 | Success: 63.4% | Goal: 98.3% | Collision-free: 63.9%
2026-05-17 12:56:54 INFO     Progress: 420/500 | Success: 63.3% | Goal: 98.3% | Collision-free: 63.8%
2026-05-17 12:56:55 INFO     Progress: 430/500 | Success: 63.5% | Goal: 98.1% | Collision-free: 64.0%
2026-05-17 12:56:56 INFO     Progress: 440/500 | Success: 63.6% | Goal: 98.2% | Collision-free: 64.1%
2026-05-17 12:56:58 INFO     Progress: 450/500 | Success: 63.8% | Goal: 98.2% | Collision-free: 64.2%
2026-05-17 12:56:59 INFO     Progress: 460/500 | Success: 63.0% | Goal: 98.3% | Collision-free: 63.5%
2026-05-17 12:57:00 INFO     Progress: 470/500 | Success: 62.6% | Goal: 98.3% | Collision-free: 63.0%
2026-05-17 12:57:02 INFO     Progress: 480/500 | Success: 62.9% | Goal: 98.3% | Collision-free: 63.3%
2026-05-17 12:57:04 INFO     Progress: 490/500 | Success: 62.9% | Goal: 98.0% | Collision-free: 63.3%
2026-05-17 12:57:05 INFO     Progress: 500/500 | Success: 63.0% | Goal: 97.8% | Collision-free: 63.6%
2026-05-17 12:57:05 INFO     
======================================================================
2026-05-17 12:57:05 INFO     FIXED-OBSTACLE CBF EVALUATION RESULTS
2026-05-17 12:57:05 INFO     ======================================================================
2026-05-17 12:57:05 INFO       Obstacle:         [0.5, 0.0, 0.75, 0.1]
2026-05-17 12:57:05 INFO       Test Scenarios:   500
2026-05-17 12:57:05 INFO       Success Rate:     63.0%
2026-05-17 12:57:05 INFO       Goal Reached:     97.8%
2026-05-17 12:57:05 INFO       Collision-free:   63.6%
2026-05-17 12:57:05 INFO       Avg Planning Time: 78.1 ± 42.4 ms
2026-05-17 12:57:05 INFO       Avg λ:            0.085056
2026-05-17 12:57:05 INFO       Intervention Rate: 22.4%
2026-05-17 12:57:05 INFO     ======================================================================
