2026-05-18 22:53:42 INFO     Using device: cuda
2026-05-18 22:53:42 INFO     VAE loaded from /home/chandrakiran/Projects/7.RTLS_WITH_CBFS/model_params/panda_10k/model.ckpt-016000.pt
2026-05-18 22:53:42 INFO     FixedCollisionClassifier loaded (epoch 81, val_acc=98.9%)
2026-05-18 22:53:42 INFO     
======================================================================
2026-05-18 22:53:42 INFO     FIXED-OBSTACLE CLASSIFIER EVALUATION
2026-05-18 22:53:42 INFO       Obstacle: [0.5, 0.0, 0.75, 0.1]
2026-05-18 22:53:42 INFO       Goal ee:  [0.39897406101226807, 0.21796053647994995, 0.6563624143600464]
2026-05-18 22:53:42 INFO       Scenarios: 500 (random start only)
2026-05-18 22:53:42 INFO       Planner: Goal + Prior + C(z) collision loss
2026-05-18 22:53:42 INFO       λ_prior=0.05, λ_collision=0.25, T=1.0
2026-05-18 22:53:42 INFO     ======================================================================

2026-05-18 22:53:50 INFO     Progress: 50/500 | Success: 62.0% | Goal: 94.0% | Collision-free: 64.0%
2026-05-18 22:53:58 INFO     Progress: 100/500 | Success: 60.0% | Goal: 96.0% | Collision-free: 61.0%
2026-05-18 22:54:05 INFO     Progress: 150/500 | Success: 58.7% | Goal: 96.7% | Collision-free: 59.3%
2026-05-18 22:54:13 INFO     Progress: 200/500 | Success: 60.0% | Goal: 96.0% | Collision-free: 60.5%
2026-05-18 22:54:21 INFO     Progress: 250/500 | Success: 61.2% | Goal: 95.6% | Collision-free: 61.6%
2026-05-18 22:54:28 INFO     Progress: 300/500 | Success: 61.7% | Goal: 96.0% | Collision-free: 62.0%
2026-05-18 22:54:37 INFO     Progress: 350/500 | Success: 61.1% | Goal: 96.0% | Collision-free: 61.4%
2026-05-18 22:54:45 INFO     Progress: 400/500 | Success: 59.8% | Goal: 95.8% | Collision-free: 60.2%
2026-05-18 22:54:53 INFO     Progress: 450/500 | Success: 59.6% | Goal: 95.8% | Collision-free: 60.0%
2026-05-18 22:55:01 INFO     Progress: 500/500 | Success: 58.2% | Goal: 95.4% | Collision-free: 58.8%
2026-05-18 22:55:01 INFO     
======================================================================
2026-05-18 22:55:01 INFO     FIXED-OBSTACLE CLASSIFIER EVALUATION RESULTS
2026-05-18 22:55:01 INFO     ======================================================================
2026-05-18 22:55:01 INFO       Method:           Collision Classifier C(z) (baseline, fixed)
2026-05-18 22:55:01 INFO       Obstacle:         [0.5, 0.0, 0.75, 0.1]
2026-05-18 22:55:01 INFO       Test Scenarios:   500
2026-05-18 22:55:01 INFO       Success Rate:     58.2%
2026-05-18 22:55:01 INFO       Goal Reached:     95.4%
2026-05-18 22:55:01 INFO       Collision-free:   58.8%
2026-05-18 22:55:01 INFO       Avg Planning Time: 84.4 ± 42.6 ms
2026-05-18 22:55:01 INFO     ======================================================================
