2026-05-18 22:21:15 INFO     Using device: cuda
2026-05-18 22:21:16 INFO     VAE loaded from /home/chandrakiran/Projects/7.RTLS_WITH_CBFS/model_params/panda_10k/model.ckpt-016000.pt
2026-05-18 22:21:16 INFO     FixedCollisionClassifier loaded (epoch 81, val_acc=98.9%)
2026-05-18 22:21:16 INFO     
======================================================================
2026-05-18 22:21:16 INFO     FIXED-OBSTACLE CLASSIFIER EVALUATION
2026-05-18 22:21:16 INFO       Obstacle: [0.5, 0.0, 0.75, 0.1]
2026-05-18 22:21:16 INFO       Goal ee:  [0.39897406101226807, 0.21796053647994995, 0.6563624143600464]
2026-05-18 22:21:16 INFO       Scenarios: 500 (random start only)
2026-05-18 22:21:16 INFO       Planner: Goal + Prior + C(z) collision loss
2026-05-18 22:21:16 INFO       λ_prior=0.001, λ_collision=0.25, T=1.0
2026-05-18 22:21:16 INFO     ======================================================================

2026-05-18 22:21:25 INFO     Progress: 50/500 | Success: 66.0% | Goal: 94.0% | Collision-free: 66.0%
2026-05-18 22:21:33 INFO     Progress: 100/500 | Success: 61.0% | Goal: 92.0% | Collision-free: 62.0%
2026-05-18 22:21:41 INFO     Progress: 150/500 | Success: 60.0% | Goal: 92.0% | Collision-free: 60.7%
2026-05-18 22:21:49 INFO     Progress: 200/500 | Success: 62.0% | Goal: 94.0% | Collision-free: 62.5%
2026-05-18 22:21:56 INFO     Progress: 250/500 | Success: 63.2% | Goal: 94.0% | Collision-free: 63.6%
2026-05-18 22:22:04 INFO     Progress: 300/500 | Success: 61.7% | Goal: 94.3% | Collision-free: 62.0%
2026-05-18 22:22:13 INFO     Progress: 350/500 | Success: 60.6% | Goal: 94.3% | Collision-free: 61.1%
2026-05-18 22:22:22 INFO     Progress: 400/500 | Success: 58.8% | Goal: 93.8% | Collision-free: 59.2%
2026-05-18 22:22:30 INFO     Progress: 450/500 | Success: 58.9% | Goal: 93.6% | Collision-free: 59.6%
2026-05-18 22:22:40 INFO     Progress: 500/500 | Success: 58.6% | Goal: 93.0% | Collision-free: 59.2%
2026-05-18 22:22:40 INFO     
======================================================================
2026-05-18 22:22:40 INFO     FIXED-OBSTACLE CLASSIFIER EVALUATION RESULTS
2026-05-18 22:22:40 INFO     ======================================================================
2026-05-18 22:22:40 INFO       Method:           Collision Classifier C(z) (baseline, fixed)
2026-05-18 22:22:40 INFO       Obstacle:         [0.5, 0.0, 0.75, 0.1]
2026-05-18 22:22:40 INFO       Test Scenarios:   500
2026-05-18 22:22:40 INFO       Success Rate:     58.6%
2026-05-18 22:22:40 INFO       Goal Reached:     93.0%
2026-05-18 22:22:40 INFO       Collision-free:   59.2%
2026-05-18 22:22:40 INFO       Avg Planning Time: 91.5 ± 51.6 ms
2026-05-18 22:22:40 INFO     ======================================================================
