2026-05-18 22:56:33 INFO     Using device: cuda
2026-05-18 22:56:33 INFO     VAE loaded from /home/chandrakiran/Projects/7.RTLS_WITH_CBFS/model_params/panda_10k/model.ckpt-016000.pt
2026-05-18 22:56:34 INFO     FixedCollisionClassifier loaded (epoch 81, val_acc=98.9%)
2026-05-18 22:56:34 INFO     
======================================================================
2026-05-18 22:56:34 INFO     FIXED-OBSTACLE CLASSIFIER EVALUATION
2026-05-18 22:56:34 INFO       Obstacle: [0.5, 0.0, 0.75, 0.1]
2026-05-18 22:56:34 INFO       Goal ee:  [0.39897406101226807, 0.21796053647994995, 0.6563624143600464]
2026-05-18 22:56:34 INFO       Scenarios: 500 (random start only)
2026-05-18 22:56:34 INFO       Planner: Goal + Prior + C(z) collision loss
2026-05-18 22:56:34 INFO       λ_prior=0.05, λ_collision=1.0, T=1.0
2026-05-18 22:56:34 INFO     ======================================================================

2026-05-18 22:56:43 INFO     Progress: 50/500 | Success: 68.0% | Goal: 92.0% | Collision-free: 70.0%
2026-05-18 22:56:54 INFO     Progress: 100/500 | Success: 63.0% | Goal: 88.0% | Collision-free: 66.0%
2026-05-18 22:57:03 INFO     Progress: 150/500 | Success: 62.0% | Goal: 89.3% | Collision-free: 64.0%
2026-05-18 22:57:13 INFO     Progress: 200/500 | Success: 63.5% | Goal: 88.0% | Collision-free: 66.0%
2026-05-18 22:57:22 INFO     Progress: 250/500 | Success: 64.4% | Goal: 87.6% | Collision-free: 67.6%
2026-05-18 22:57:32 INFO     Progress: 300/500 | Success: 65.0% | Goal: 87.3% | Collision-free: 67.7%
2026-05-18 22:57:43 INFO     Progress: 350/500 | Success: 63.7% | Goal: 86.3% | Collision-free: 66.3%
2026-05-18 22:57:54 INFO     Progress: 400/500 | Success: 62.3% | Goal: 85.2% | Collision-free: 65.0%
2026-05-18 22:58:03 INFO     Progress: 450/500 | Success: 62.0% | Goal: 85.3% | Collision-free: 64.7%
2026-05-18 22:58:13 INFO     Progress: 500/500 | Success: 61.0% | Goal: 85.0% | Collision-free: 63.6%
2026-05-18 22:58:13 INFO     
======================================================================
2026-05-18 22:58:13 INFO     FIXED-OBSTACLE CLASSIFIER EVALUATION RESULTS
2026-05-18 22:58:13 INFO     ======================================================================
2026-05-18 22:58:13 INFO       Method:           Collision Classifier C(z) (baseline, fixed)
2026-05-18 22:58:13 INFO       Obstacle:         [0.5, 0.0, 0.75, 0.1]
2026-05-18 22:58:13 INFO       Test Scenarios:   500
2026-05-18 22:58:13 INFO       Success Rate:     61.0%
2026-05-18 22:58:13 INFO       Goal Reached:     85.0%
2026-05-18 22:58:13 INFO       Collision-free:   63.6%
2026-05-18 22:58:13 INFO       Avg Planning Time: 93.0 ± 54.3 ms
2026-05-18 22:58:13 INFO     ======================================================================
