2026-05-18 22:49:15 INFO     Using device: cuda
2026-05-18 22:49:16 INFO     VAE loaded from /home/chandrakiran/Projects/7.RTLS_WITH_CBFS/model_params/panda_10k/model.ckpt-016000.pt
2026-05-18 22:49:16 INFO     FixedCollisionClassifier loaded (epoch 81, val_acc=98.9%)
2026-05-18 22:49:16 INFO     
======================================================================
2026-05-18 22:49:16 INFO     FIXED-OBSTACLE CLASSIFIER EVALUATION
2026-05-18 22:49:16 INFO       Obstacle: [0.5, 0.0, 0.75, 0.1]
2026-05-18 22:49:16 INFO       Goal ee:  [0.39897406101226807, 0.21796053647994995, 0.6563624143600464]
2026-05-18 22:49:16 INFO       Scenarios: 500 (random start only)
2026-05-18 22:49:16 INFO       Planner: Goal + Prior + C(z) collision loss
2026-05-18 22:49:16 INFO       λ_prior=0.01, λ_collision=5.0, T=1.0
2026-05-18 22:49:16 INFO     ======================================================================

2026-05-18 22:49:26 INFO     Progress: 50/500 | Success: 68.0% | Goal: 82.0% | Collision-free: 74.0%
2026-05-18 22:49:36 INFO     Progress: 100/500 | Success: 62.0% | Goal: 79.0% | Collision-free: 69.0%
2026-05-18 22:49:44 INFO     Progress: 150/500 | Success: 61.3% | Goal: 79.3% | Collision-free: 66.7%
2026-05-18 22:49:52 INFO     Progress: 200/500 | Success: 63.0% | Goal: 80.0% | Collision-free: 68.5%
2026-05-18 22:50:01 INFO     Progress: 250/500 | Success: 64.8% | Goal: 81.2% | Collision-free: 70.4%
2026-05-18 22:50:11 INFO     Progress: 300/500 | Success: 64.0% | Goal: 80.0% | Collision-free: 69.3%
2026-05-18 22:50:20 INFO     Progress: 350/500 | Success: 64.6% | Goal: 80.9% | Collision-free: 69.4%
2026-05-18 22:50:31 INFO     Progress: 400/500 | Success: 64.2% | Goal: 80.2% | Collision-free: 68.8%
2026-05-18 22:50:40 INFO     Progress: 450/500 | Success: 64.0% | Goal: 80.0% | Collision-free: 68.7%
2026-05-18 22:50:51 INFO     Progress: 500/500 | Success: 63.6% | Goal: 79.4% | Collision-free: 68.2%
2026-05-18 22:50:51 INFO     
======================================================================
2026-05-18 22:50:51 INFO     FIXED-OBSTACLE CLASSIFIER EVALUATION RESULTS
2026-05-18 22:50:51 INFO     ======================================================================
2026-05-18 22:50:51 INFO       Method:           Collision Classifier C(z) (baseline, fixed)
2026-05-18 22:50:51 INFO       Obstacle:         [0.5, 0.0, 0.75, 0.1]
2026-05-18 22:50:51 INFO       Test Scenarios:   500
2026-05-18 22:50:51 INFO       Success Rate:     63.6%
2026-05-18 22:50:51 INFO       Goal Reached:     79.4%
2026-05-18 22:50:51 INFO       Collision-free:   68.2%
2026-05-18 22:50:51 INFO       Avg Planning Time: 89.1 ± 51.5 ms
2026-05-18 22:50:51 INFO     ======================================================================
