2026-05-18 22:26:00 INFO     Using device: cuda
2026-05-18 22:26:00 INFO     VAE loaded from /home/chandrakiran/Projects/7.RTLS_WITH_CBFS/model_params/panda_10k/model.ckpt-016000.pt
2026-05-18 22:26:00 INFO     FixedCollisionClassifier loaded (epoch 81, val_acc=98.9%)
2026-05-18 22:26:00 INFO     
======================================================================
2026-05-18 22:26:00 INFO     FIXED-OBSTACLE CLASSIFIER EVALUATION
2026-05-18 22:26:00 INFO       Obstacle: [0.5, 0.0, 0.75, 0.1]
2026-05-18 22:26:00 INFO       Goal ee:  [0.39897406101226807, 0.21796053647994995, 0.6563624143600464]
2026-05-18 22:26:00 INFO       Scenarios: 500 (random start only)
2026-05-18 22:26:00 INFO       Planner: Goal + Prior + C(z) collision loss
2026-05-18 22:26:00 INFO       λ_prior=0.001, λ_collision=2.0, T=1.0
2026-05-18 22:26:00 INFO     ======================================================================

2026-05-18 22:26:10 INFO     Progress: 50/500 | Success: 72.0% | Goal: 86.0% | Collision-free: 74.0%
2026-05-18 22:26:25 INFO     Progress: 100/500 | Success: 64.0% | Goal: 81.0% | Collision-free: 70.0%
2026-05-18 22:26:34 INFO     Progress: 150/500 | Success: 60.7% | Goal: 82.0% | Collision-free: 64.7%
2026-05-18 22:26:44 INFO     Progress: 200/500 | Success: 61.0% | Goal: 82.5% | Collision-free: 66.5%
2026-05-18 22:26:52 INFO     Progress: 250/500 | Success: 62.0% | Goal: 83.6% | Collision-free: 67.2%
2026-05-18 22:27:03 INFO     Progress: 300/500 | Success: 60.3% | Goal: 83.3% | Collision-free: 65.0%
2026-05-18 22:27:13 INFO     Progress: 350/500 | Success: 60.6% | Goal: 84.0% | Collision-free: 64.9%
2026-05-18 22:27:24 INFO     Progress: 400/500 | Success: 59.8% | Goal: 82.8% | Collision-free: 63.5%
2026-05-18 22:27:34 INFO     Progress: 450/500 | Success: 60.0% | Goal: 82.4% | Collision-free: 63.6%
2026-05-18 22:27:45 INFO     Progress: 500/500 | Success: 59.6% | Goal: 81.8% | Collision-free: 63.0%
2026-05-18 22:27:45 INFO     
======================================================================
2026-05-18 22:27:45 INFO     FIXED-OBSTACLE CLASSIFIER EVALUATION RESULTS
2026-05-18 22:27:45 INFO     ======================================================================
2026-05-18 22:27:45 INFO       Method:           Collision Classifier C(z) (baseline, fixed)
2026-05-18 22:27:45 INFO       Obstacle:         [0.5, 0.0, 0.75, 0.1]
2026-05-18 22:27:45 INFO       Test Scenarios:   500
2026-05-18 22:27:45 INFO       Success Rate:     59.6%
2026-05-18 22:27:45 INFO       Goal Reached:     81.8%
2026-05-18 22:27:45 INFO       Collision-free:   63.0%
2026-05-18 22:27:45 INFO       Avg Planning Time: 99.8 ± 84.4 ms
2026-05-18 22:27:45 INFO     ======================================================================
