2026-05-18 23:04:38 INFO     Using device: cuda
2026-05-18 23:04:39 INFO     VAE loaded from /home/chandrakiran/Projects/7.RTLS_WITH_CBFS/model_params/panda_10k/model.ckpt-016000.pt
2026-05-18 23:04:39 INFO     FixedCollisionClassifier loaded (epoch 81, val_acc=98.9%)
2026-05-18 23:04:39 INFO     
======================================================================
2026-05-18 23:04:39 INFO     FIXED-OBSTACLE CLASSIFIER EVALUATION
2026-05-18 23:04:39 INFO       Obstacle: [0.5, 0.0, 0.75, 0.1]
2026-05-18 23:04:39 INFO       Goal ee:  [0.39897406101226807, 0.21796053647994995, 0.6563624143600464]
2026-05-18 23:04:39 INFO       Scenarios: 500 (random start only)
2026-05-18 23:04:39 INFO       Planner: Goal + Prior + C(z) collision loss
2026-05-18 23:04:39 INFO       λ_prior=0.1, λ_collision=0.25, T=1.0
2026-05-18 23:04:39 INFO     ======================================================================

2026-05-18 23:04:47 INFO     Progress: 50/500 | Success: 58.0% | Goal: 96.0% | Collision-free: 58.0%
2026-05-18 23:04:55 INFO     Progress: 100/500 | Success: 58.0% | Goal: 98.0% | Collision-free: 58.0%
2026-05-18 23:05:02 INFO     Progress: 150/500 | Success: 58.0% | Goal: 98.7% | Collision-free: 58.0%
2026-05-18 23:05:10 INFO     Progress: 200/500 | Success: 59.5% | Goal: 98.0% | Collision-free: 60.0%
2026-05-18 23:05:17 INFO     Progress: 250/500 | Success: 60.8% | Goal: 98.4% | Collision-free: 61.2%
2026-05-18 23:05:25 INFO     Progress: 300/500 | Success: 59.7% | Goal: 98.3% | Collision-free: 60.3%
2026-05-18 23:05:33 INFO     Progress: 350/500 | Success: 59.7% | Goal: 98.0% | Collision-free: 60.6%
2026-05-18 23:05:41 INFO     Progress: 400/500 | Success: 58.0% | Goal: 98.0% | Collision-free: 59.0%
2026-05-18 23:05:49 INFO     Progress: 450/500 | Success: 57.6% | Goal: 97.6% | Collision-free: 58.9%
2026-05-18 23:05:59 INFO     Progress: 500/500 | Success: 55.8% | Goal: 96.6% | Collision-free: 57.8%
2026-05-18 23:05:59 INFO     
======================================================================
2026-05-18 23:05:59 INFO     FIXED-OBSTACLE CLASSIFIER EVALUATION RESULTS
2026-05-18 23:05:59 INFO     ======================================================================
2026-05-18 23:05:59 INFO       Method:           Collision Classifier C(z) (baseline, fixed)
2026-05-18 23:05:59 INFO       Obstacle:         [0.5, 0.0, 0.75, 0.1]
2026-05-18 23:05:59 INFO       Test Scenarios:   500
2026-05-18 23:05:59 INFO       Success Rate:     55.8%
2026-05-18 23:05:59 INFO       Goal Reached:     96.6%
2026-05-18 23:05:59 INFO       Collision-free:   57.8%
2026-05-18 23:05:59 INFO       Avg Planning Time: 88.4 ± 45.7 ms
2026-05-18 23:05:59 INFO     ======================================================================
