2026-05-18 22:58:14 INFO     Using device: cuda
2026-05-18 22:58:15 INFO     VAE loaded from /home/chandrakiran/Projects/7.RTLS_WITH_CBFS/model_params/panda_10k/model.ckpt-016000.pt
2026-05-18 22:58:15 INFO     FixedCollisionClassifier loaded (epoch 81, val_acc=98.9%)
2026-05-18 22:58:15 INFO     
======================================================================
2026-05-18 22:58:15 INFO     FIXED-OBSTACLE CLASSIFIER EVALUATION
2026-05-18 22:58:15 INFO       Obstacle: [0.5, 0.0, 0.75, 0.1]
2026-05-18 22:58:15 INFO       Goal ee:  [0.39897406101226807, 0.21796053647994995, 0.6563624143600464]
2026-05-18 22:58:15 INFO       Scenarios: 500 (random start only)
2026-05-18 22:58:15 INFO       Planner: Goal + Prior + C(z) collision loss
2026-05-18 22:58:15 INFO       λ_prior=0.05, λ_collision=2.0, T=1.0
2026-05-18 22:58:15 INFO     ======================================================================

2026-05-18 22:58:26 INFO     Progress: 50/500 | Success: 66.0% | Goal: 78.0% | Collision-free: 74.0%
2026-05-18 22:58:36 INFO     Progress: 100/500 | Success: 63.0% | Goal: 79.0% | Collision-free: 70.0%
2026-05-18 22:58:45 INFO     Progress: 150/500 | Success: 63.3% | Goal: 80.7% | Collision-free: 70.0%
2026-05-18 22:58:55 INFO     Progress: 200/500 | Success: 64.0% | Goal: 80.0% | Collision-free: 71.0%
2026-05-18 22:59:04 INFO     Progress: 250/500 | Success: 65.6% | Goal: 80.0% | Collision-free: 72.8%
2026-05-18 22:59:15 INFO     Progress: 300/500 | Success: 65.7% | Goal: 79.3% | Collision-free: 72.3%
2026-05-18 22:59:26 INFO     Progress: 350/500 | Success: 64.0% | Goal: 78.9% | Collision-free: 70.3%
2026-05-18 22:59:36 INFO     Progress: 400/500 | Success: 63.0% | Goal: 78.5% | Collision-free: 69.0%
2026-05-18 22:59:46 INFO     Progress: 450/500 | Success: 62.7% | Goal: 78.7% | Collision-free: 68.4%
2026-05-18 22:59:56 INFO     Progress: 500/500 | Success: 61.8% | Goal: 78.6% | Collision-free: 67.4%
2026-05-18 22:59:56 INFO     
======================================================================
2026-05-18 22:59:56 INFO     FIXED-OBSTACLE CLASSIFIER EVALUATION RESULTS
2026-05-18 22:59:56 INFO     ======================================================================
2026-05-18 22:59:56 INFO       Method:           Collision Classifier C(z) (baseline, fixed)
2026-05-18 22:59:56 INFO       Obstacle:         [0.5, 0.0, 0.75, 0.1]
2026-05-18 22:59:56 INFO       Test Scenarios:   500
2026-05-18 22:59:56 INFO       Success Rate:     61.8%
2026-05-18 22:59:56 INFO       Goal Reached:     78.6%
2026-05-18 22:59:56 INFO       Collision-free:   67.4%
2026-05-18 22:59:56 INFO       Avg Planning Time: 87.5 ± 43.4 ms
2026-05-18 22:59:56 INFO     ======================================================================
