2026-05-18 22:29:30 INFO     Using device: cuda
2026-05-18 22:29:30 INFO     VAE loaded from /home/chandrakiran/Projects/7.RTLS_WITH_CBFS/model_params/panda_10k/model.ckpt-016000.pt
2026-05-18 22:29:31 INFO     FixedCollisionClassifier loaded (epoch 81, val_acc=98.9%)
2026-05-18 22:29:31 INFO     
======================================================================
2026-05-18 22:29:31 INFO     FIXED-OBSTACLE CLASSIFIER EVALUATION
2026-05-18 22:29:31 INFO       Obstacle: [0.5, 0.0, 0.75, 0.1]
2026-05-18 22:29:31 INFO       Goal ee:  [0.39897406101226807, 0.21796053647994995, 0.6563624143600464]
2026-05-18 22:29:31 INFO       Scenarios: 500 (random start only)
2026-05-18 22:29:31 INFO       Planner: Goal + Prior + C(z) collision loss
2026-05-18 22:29:31 INFO       λ_prior=0.001, λ_collision=10.0, T=1.0
2026-05-18 22:29:31 INFO     ======================================================================

2026-05-18 22:29:47 INFO     Progress: 50/500 | Success: 72.0% | Goal: 80.0% | Collision-free: 78.0%
2026-05-18 22:29:58 INFO     Progress: 100/500 | Success: 66.0% | Goal: 79.0% | Collision-free: 73.0%
2026-05-18 22:30:07 INFO     Progress: 150/500 | Success: 63.3% | Goal: 79.3% | Collision-free: 68.0%
2026-05-18 22:30:19 INFO     Progress: 200/500 | Success: 63.5% | Goal: 79.0% | Collision-free: 69.5%
2026-05-18 22:30:29 INFO     Progress: 250/500 | Success: 65.2% | Goal: 81.2% | Collision-free: 70.0%
2026-05-18 22:30:40 INFO     Progress: 300/500 | Success: 64.0% | Goal: 80.3% | Collision-free: 68.7%
2026-05-18 22:30:51 INFO     Progress: 350/500 | Success: 64.6% | Goal: 80.6% | Collision-free: 68.9%
2026-05-18 22:31:03 INFO     Progress: 400/500 | Success: 63.7% | Goal: 79.8% | Collision-free: 67.8%
2026-05-18 22:31:14 INFO     Progress: 450/500 | Success: 63.3% | Goal: 79.6% | Collision-free: 67.8%
2026-05-18 22:31:26 INFO     Progress: 500/500 | Success: 62.6% | Goal: 79.2% | Collision-free: 67.2%
2026-05-18 22:31:26 INFO     
======================================================================
2026-05-18 22:31:26 INFO     FIXED-OBSTACLE CLASSIFIER EVALUATION RESULTS
2026-05-18 22:31:26 INFO     ======================================================================
2026-05-18 22:31:26 INFO       Method:           Collision Classifier C(z) (baseline, fixed)
2026-05-18 22:31:26 INFO       Obstacle:         [0.5, 0.0, 0.75, 0.1]
2026-05-18 22:31:26 INFO       Test Scenarios:   500
2026-05-18 22:31:26 INFO       Success Rate:     62.6%
2026-05-18 22:31:26 INFO       Goal Reached:     79.2%
2026-05-18 22:31:26 INFO       Collision-free:   67.2%
2026-05-18 22:31:26 INFO       Avg Planning Time: 110.1 ± 74.6 ms
2026-05-18 22:31:26 INFO     ======================================================================
