2026-05-18 22:47:40 INFO     Using device: cuda
2026-05-18 22:47:40 INFO     VAE loaded from /home/chandrakiran/Projects/7.RTLS_WITH_CBFS/model_params/panda_10k/model.ckpt-016000.pt
2026-05-18 22:47:40 INFO     FixedCollisionClassifier loaded (epoch 81, val_acc=98.9%)
2026-05-18 22:47:40 INFO     
======================================================================
2026-05-18 22:47:40 INFO     FIXED-OBSTACLE CLASSIFIER EVALUATION
2026-05-18 22:47:40 INFO       Obstacle: [0.5, 0.0, 0.75, 0.1]
2026-05-18 22:47:40 INFO       Goal ee:  [0.39897406101226807, 0.21796053647994995, 0.6563624143600464]
2026-05-18 22:47:40 INFO       Scenarios: 500 (random start only)
2026-05-18 22:47:40 INFO       Planner: Goal + Prior + C(z) collision loss
2026-05-18 22:47:40 INFO       λ_prior=0.01, λ_collision=2.0, T=1.0
2026-05-18 22:47:40 INFO     ======================================================================

2026-05-18 22:47:50 INFO     Progress: 50/500 | Success: 70.0% | Goal: 84.0% | Collision-free: 74.0%
2026-05-18 22:48:00 INFO     Progress: 100/500 | Success: 64.0% | Goal: 80.0% | Collision-free: 68.0%
2026-05-18 22:48:08 INFO     Progress: 150/500 | Success: 62.0% | Goal: 81.3% | Collision-free: 65.3%
2026-05-18 22:48:17 INFO     Progress: 200/500 | Success: 62.5% | Goal: 82.5% | Collision-free: 66.0%
2026-05-18 22:48:25 INFO     Progress: 250/500 | Success: 62.4% | Goal: 82.8% | Collision-free: 66.8%
2026-05-18 22:48:35 INFO     Progress: 300/500 | Success: 62.0% | Goal: 81.3% | Collision-free: 66.0%
2026-05-18 22:48:44 INFO     Progress: 350/500 | Success: 62.9% | Goal: 82.3% | Collision-free: 66.9%
2026-05-18 22:48:54 INFO     Progress: 400/500 | Success: 62.0% | Goal: 81.5% | Collision-free: 65.5%
2026-05-18 22:49:03 INFO     Progress: 450/500 | Success: 62.0% | Goal: 81.1% | Collision-free: 65.8%
2026-05-18 22:49:14 INFO     Progress: 500/500 | Success: 61.2% | Goal: 80.8% | Collision-free: 64.8%
2026-05-18 22:49:14 INFO     
======================================================================
2026-05-18 22:49:14 INFO     FIXED-OBSTACLE CLASSIFIER EVALUATION RESULTS
2026-05-18 22:49:14 INFO     ======================================================================
2026-05-18 22:49:14 INFO       Method:           Collision Classifier C(z) (baseline, fixed)
2026-05-18 22:49:14 INFO       Obstacle:         [0.5, 0.0, 0.75, 0.1]
2026-05-18 22:49:14 INFO       Test Scenarios:   500
2026-05-18 22:49:14 INFO       Success Rate:     61.2%
2026-05-18 22:49:14 INFO       Goal Reached:     80.8%
2026-05-18 22:49:14 INFO       Collision-free:   64.8%
2026-05-18 22:49:14 INFO       Avg Planning Time: 86.6 ± 49.4 ms
2026-05-18 22:49:14 INFO     ======================================================================
