2026-05-18 23:03:27 INFO     Using device: cuda
2026-05-18 23:03:27 INFO     VAE loaded from /home/chandrakiran/Projects/7.RTLS_WITH_CBFS/model_params/panda_10k/model.ckpt-016000.pt
2026-05-18 23:03:28 INFO     FixedCollisionClassifier loaded (epoch 81, val_acc=98.9%)
2026-05-18 23:03:28 INFO     
======================================================================
2026-05-18 23:03:28 INFO     FIXED-OBSTACLE CLASSIFIER EVALUATION
2026-05-18 23:03:28 INFO       Obstacle: [0.5, 0.0, 0.75, 0.1]
2026-05-18 23:03:28 INFO       Goal ee:  [0.39897406101226807, 0.21796053647994995, 0.6563624143600464]
2026-05-18 23:03:28 INFO       Scenarios: 500 (random start only)
2026-05-18 23:03:28 INFO       Planner: Goal + Prior + C(z) collision loss
2026-05-18 23:03:28 INFO       λ_prior=0.1, λ_collision=0.1, T=1.0
2026-05-18 23:03:28 INFO     ======================================================================

2026-05-18 23:03:35 INFO     Progress: 50/500 | Success: 60.0% | Goal: 96.0% | Collision-free: 60.0%
2026-05-18 23:03:41 INFO     Progress: 100/500 | Success: 59.0% | Goal: 98.0% | Collision-free: 59.0%
2026-05-18 23:03:47 INFO     Progress: 150/500 | Success: 58.7% | Goal: 98.7% | Collision-free: 58.7%
2026-05-18 23:03:54 INFO     Progress: 200/500 | Success: 59.5% | Goal: 98.0% | Collision-free: 60.0%
2026-05-18 23:04:00 INFO     Progress: 250/500 | Success: 60.8% | Goal: 98.4% | Collision-free: 61.2%
2026-05-18 23:04:07 INFO     Progress: 300/500 | Success: 58.7% | Goal: 98.3% | Collision-free: 59.3%
2026-05-18 23:04:15 INFO     Progress: 350/500 | Success: 58.6% | Goal: 98.0% | Collision-free: 59.4%
2026-05-18 23:04:21 INFO     Progress: 400/500 | Success: 56.8% | Goal: 97.8% | Collision-free: 57.8%
2026-05-18 23:04:29 INFO     Progress: 450/500 | Success: 56.4% | Goal: 97.6% | Collision-free: 57.8%
2026-05-18 23:04:37 INFO     Progress: 500/500 | Success: 55.0% | Goal: 97.0% | Collision-free: 56.8%
2026-05-18 23:04:37 INFO     
======================================================================
2026-05-18 23:04:37 INFO     FIXED-OBSTACLE CLASSIFIER EVALUATION RESULTS
2026-05-18 23:04:37 INFO     ======================================================================
2026-05-18 23:04:37 INFO       Method:           Collision Classifier C(z) (baseline, fixed)
2026-05-18 23:04:37 INFO       Obstacle:         [0.5, 0.0, 0.75, 0.1]
2026-05-18 23:04:37 INFO       Test Scenarios:   500
2026-05-18 23:04:37 INFO       Success Rate:     55.0%
2026-05-18 23:04:37 INFO       Goal Reached:     97.0%
2026-05-18 23:04:37 INFO       Collision-free:   56.8%
2026-05-18 23:04:37 INFO       Avg Planning Time: 84.1 ± 37.0 ms
2026-05-18 23:04:37 INFO     ======================================================================
