2026-05-18 23:11:00 INFO     Using device: cuda
2026-05-18 23:11:00 INFO     VAE loaded from /home/chandrakiran/Projects/7.RTLS_WITH_CBFS/model_params/panda_10k/model.ckpt-016000.pt
2026-05-18 23:11:00 INFO     FixedCollisionClassifier loaded (epoch 81, val_acc=98.9%)
2026-05-18 23:11:00 INFO     
======================================================================
2026-05-18 23:11:00 INFO     FIXED-OBSTACLE CLASSIFIER EVALUATION
2026-05-18 23:11:00 INFO       Obstacle: [0.5, 0.0, 0.75, 0.1]
2026-05-18 23:11:00 INFO       Goal ee:  [0.39897406101226807, 0.21796053647994995, 0.6563624143600464]
2026-05-18 23:11:00 INFO       Scenarios: 500 (random start only)
2026-05-18 23:11:00 INFO       Planner: Goal + Prior + C(z) collision loss
2026-05-18 23:11:00 INFO       λ_prior=0.1, λ_collision=5.0, T=1.0
2026-05-18 23:11:00 INFO     ======================================================================

2026-05-18 23:11:10 INFO     Progress: 50/500 | Success: 68.0% | Goal: 80.0% | Collision-free: 74.0%
2026-05-18 23:11:22 INFO     Progress: 100/500 | Success: 61.0% | Goal: 75.0% | Collision-free: 70.0%
2026-05-18 23:11:32 INFO     Progress: 150/500 | Success: 62.0% | Goal: 76.0% | Collision-free: 70.0%
2026-05-18 23:11:43 INFO     Progress: 200/500 | Success: 61.5% | Goal: 76.5% | Collision-free: 70.5%
2026-05-18 23:11:53 INFO     Progress: 250/500 | Success: 62.8% | Goal: 77.2% | Collision-free: 71.2%
2026-05-18 23:12:05 INFO     Progress: 300/500 | Success: 62.0% | Goal: 75.7% | Collision-free: 70.3%
2026-05-18 23:12:17 INFO     Progress: 350/500 | Success: 61.7% | Goal: 75.7% | Collision-free: 70.6%
2026-05-18 23:12:28 INFO     Progress: 400/500 | Success: 60.5% | Goal: 75.8% | Collision-free: 69.2%
2026-05-18 23:12:38 INFO     Progress: 450/500 | Success: 60.9% | Goal: 76.0% | Collision-free: 69.3%
2026-05-18 23:12:49 INFO     Progress: 500/500 | Success: 59.8% | Goal: 75.6% | Collision-free: 68.4%
2026-05-18 23:12:49 INFO     
======================================================================
2026-05-18 23:12:49 INFO     FIXED-OBSTACLE CLASSIFIER EVALUATION RESULTS
2026-05-18 23:12:49 INFO     ======================================================================
2026-05-18 23:12:49 INFO       Method:           Collision Classifier C(z) (baseline, fixed)
2026-05-18 23:12:49 INFO       Obstacle:         [0.5, 0.0, 0.75, 0.1]
2026-05-18 23:12:49 INFO       Test Scenarios:   500
2026-05-18 23:12:49 INFO       Success Rate:     59.8%
2026-05-18 23:12:49 INFO       Goal Reached:     75.6%
2026-05-18 23:12:49 INFO       Collision-free:   68.4%
2026-05-18 23:12:49 INFO       Avg Planning Time: 93.9 ± 49.4 ms
2026-05-18 23:12:49 INFO     ======================================================================
