2026-05-18 22:50:53 INFO     Using device: cuda
2026-05-18 22:50:53 INFO     VAE loaded from /home/chandrakiran/Projects/7.RTLS_WITH_CBFS/model_params/panda_10k/model.ckpt-016000.pt
2026-05-18 22:50:53 INFO     FixedCollisionClassifier loaded (epoch 81, val_acc=98.9%)
2026-05-18 22:50:53 INFO     
======================================================================
2026-05-18 22:50:53 INFO     FIXED-OBSTACLE CLASSIFIER EVALUATION
2026-05-18 22:50:53 INFO       Obstacle: [0.5, 0.0, 0.75, 0.1]
2026-05-18 22:50:53 INFO       Goal ee:  [0.39897406101226807, 0.21796053647994995, 0.6563624143600464]
2026-05-18 22:50:53 INFO       Scenarios: 500 (random start only)
2026-05-18 22:50:53 INFO       Planner: Goal + Prior + C(z) collision loss
2026-05-18 22:50:53 INFO       λ_prior=0.01, λ_collision=10.0, T=1.0
2026-05-18 22:50:53 INFO     ======================================================================

2026-05-18 22:51:03 INFO     Progress: 50/500 | Success: 68.0% | Goal: 78.0% | Collision-free: 76.0%
2026-05-18 22:51:13 INFO     Progress: 100/500 | Success: 65.0% | Goal: 77.0% | Collision-free: 73.0%
2026-05-18 22:51:22 INFO     Progress: 150/500 | Success: 63.3% | Goal: 78.0% | Collision-free: 70.0%
2026-05-18 22:51:31 INFO     Progress: 200/500 | Success: 63.0% | Goal: 78.5% | Collision-free: 70.0%
2026-05-18 22:51:40 INFO     Progress: 250/500 | Success: 64.0% | Goal: 79.6% | Collision-free: 71.2%
2026-05-18 22:51:50 INFO     Progress: 300/500 | Success: 63.7% | Goal: 79.0% | Collision-free: 70.3%
2026-05-18 22:51:59 INFO     Progress: 350/500 | Success: 64.3% | Goal: 79.7% | Collision-free: 70.3%
2026-05-18 22:52:10 INFO     Progress: 400/500 | Success: 63.7% | Goal: 79.0% | Collision-free: 69.5%
2026-05-18 22:52:20 INFO     Progress: 450/500 | Success: 63.6% | Goal: 78.9% | Collision-free: 70.0%
2026-05-18 22:52:30 INFO     Progress: 500/500 | Success: 63.2% | Goal: 78.2% | Collision-free: 70.0%
2026-05-18 22:52:30 INFO     
======================================================================
2026-05-18 22:52:30 INFO     FIXED-OBSTACLE CLASSIFIER EVALUATION RESULTS
2026-05-18 22:52:30 INFO     ======================================================================
2026-05-18 22:52:30 INFO       Method:           Collision Classifier C(z) (baseline, fixed)
2026-05-18 22:52:30 INFO       Obstacle:         [0.5, 0.0, 0.75, 0.1]
2026-05-18 22:52:30 INFO       Test Scenarios:   500
2026-05-18 22:52:30 INFO       Success Rate:     63.2%
2026-05-18 22:52:30 INFO       Goal Reached:     78.2%
2026-05-18 22:52:30 INFO       Collision-free:   70.0%
2026-05-18 22:52:30 INFO       Avg Planning Time: 86.7 ± 45.8 ms
2026-05-18 22:52:30 INFO     ======================================================================
