2026-05-18 22:44:39 INFO     Using device: cuda
2026-05-18 22:44:39 INFO     VAE loaded from /home/chandrakiran/Projects/7.RTLS_WITH_CBFS/model_params/panda_10k/model.ckpt-016000.pt
2026-05-18 22:44:39 INFO     FixedCollisionClassifier loaded (epoch 81, val_acc=98.9%)
2026-05-18 22:44:39 INFO     
======================================================================
2026-05-18 22:44:39 INFO     FIXED-OBSTACLE CLASSIFIER EVALUATION
2026-05-18 22:44:39 INFO       Obstacle: [0.5, 0.0, 0.75, 0.1]
2026-05-18 22:44:39 INFO       Goal ee:  [0.39897406101226807, 0.21796053647994995, 0.6563624143600464]
2026-05-18 22:44:39 INFO       Scenarios: 500 (random start only)
2026-05-18 22:44:39 INFO       Planner: Goal + Prior + C(z) collision loss
2026-05-18 22:44:39 INFO       λ_prior=0.01, λ_collision=0.5, T=1.0
2026-05-18 22:44:39 INFO     ======================================================================

2026-05-18 22:44:48 INFO     Progress: 50/500 | Success: 66.0% | Goal: 92.0% | Collision-free: 68.0%
2026-05-18 22:44:58 INFO     Progress: 100/500 | Success: 60.0% | Goal: 89.0% | Collision-free: 62.0%
2026-05-18 22:45:05 INFO     Progress: 150/500 | Success: 58.7% | Goal: 90.0% | Collision-free: 60.0%
2026-05-18 22:45:14 INFO     Progress: 200/500 | Success: 60.5% | Goal: 91.0% | Collision-free: 62.0%
2026-05-18 22:45:21 INFO     Progress: 250/500 | Success: 60.0% | Goal: 91.6% | Collision-free: 61.6%
2026-05-18 22:45:30 INFO     Progress: 300/500 | Success: 59.7% | Goal: 91.7% | Collision-free: 61.0%
2026-05-18 22:45:38 INFO     Progress: 350/500 | Success: 60.3% | Goal: 91.7% | Collision-free: 61.7%
2026-05-18 22:45:48 INFO     Progress: 400/500 | Success: 59.2% | Goal: 91.0% | Collision-free: 60.5%
2026-05-18 22:45:57 INFO     Progress: 450/500 | Success: 59.8% | Goal: 91.1% | Collision-free: 61.3%
2026-05-18 22:46:06 INFO     Progress: 500/500 | Success: 58.8% | Goal: 91.0% | Collision-free: 60.4%
2026-05-18 22:46:06 INFO     
======================================================================
2026-05-18 22:46:06 INFO     FIXED-OBSTACLE CLASSIFIER EVALUATION RESULTS
2026-05-18 22:46:06 INFO     ======================================================================
2026-05-18 22:46:06 INFO       Method:           Collision Classifier C(z) (baseline, fixed)
2026-05-18 22:46:06 INFO       Obstacle:         [0.5, 0.0, 0.75, 0.1]
2026-05-18 22:46:06 INFO       Test Scenarios:   500
2026-05-18 22:46:06 INFO       Success Rate:     58.8%
2026-05-18 22:46:06 INFO       Goal Reached:     91.0%
2026-05-18 22:46:06 INFO       Collision-free:   60.4%
2026-05-18 22:46:06 INFO       Avg Planning Time: 86.4 ± 47.3 ms
2026-05-18 22:46:06 INFO     ======================================================================
