2026-05-18 22:52:32 INFO     Using device: cuda
2026-05-18 22:52:32 INFO     VAE loaded from /home/chandrakiran/Projects/7.RTLS_WITH_CBFS/model_params/panda_10k/model.ckpt-016000.pt
2026-05-18 22:52:32 INFO     FixedCollisionClassifier loaded (epoch 81, val_acc=98.9%)
2026-05-18 22:52:32 INFO     
======================================================================
2026-05-18 22:52:32 INFO     FIXED-OBSTACLE CLASSIFIER EVALUATION
2026-05-18 22:52:32 INFO       Obstacle: [0.5, 0.0, 0.75, 0.1]
2026-05-18 22:52:32 INFO       Goal ee:  [0.39897406101226807, 0.21796053647994995, 0.6563624143600464]
2026-05-18 22:52:32 INFO       Scenarios: 500 (random start only)
2026-05-18 22:52:32 INFO       Planner: Goal + Prior + C(z) collision loss
2026-05-18 22:52:32 INFO       λ_prior=0.05, λ_collision=0.1, T=1.0
2026-05-18 22:52:32 INFO     ======================================================================

2026-05-18 22:52:39 INFO     Progress: 50/500 | Success: 62.0% | Goal: 96.0% | Collision-free: 62.0%
2026-05-18 22:52:46 INFO     Progress: 100/500 | Success: 60.0% | Goal: 97.0% | Collision-free: 60.0%
2026-05-18 22:52:52 INFO     Progress: 150/500 | Success: 57.3% | Goal: 98.0% | Collision-free: 57.3%
2026-05-18 22:52:59 INFO     Progress: 200/500 | Success: 59.0% | Goal: 97.5% | Collision-free: 59.0%
2026-05-18 22:53:05 INFO     Progress: 250/500 | Success: 59.6% | Goal: 97.6% | Collision-free: 59.6%
2026-05-18 22:53:12 INFO     Progress: 300/500 | Success: 60.3% | Goal: 97.7% | Collision-free: 60.3%
2026-05-18 22:53:19 INFO     Progress: 350/500 | Success: 59.7% | Goal: 97.7% | Collision-free: 59.7%
2026-05-18 22:53:26 INFO     Progress: 400/500 | Success: 58.2% | Goal: 97.8% | Collision-free: 58.5%
2026-05-18 22:53:32 INFO     Progress: 450/500 | Success: 58.0% | Goal: 97.3% | Collision-free: 58.2%
2026-05-18 22:53:40 INFO     Progress: 500/500 | Success: 56.8% | Goal: 97.0% | Collision-free: 57.2%
2026-05-18 22:53:40 INFO     
======================================================================
2026-05-18 22:53:40 INFO     FIXED-OBSTACLE CLASSIFIER EVALUATION RESULTS
2026-05-18 22:53:40 INFO     ======================================================================
2026-05-18 22:53:40 INFO       Method:           Collision Classifier C(z) (baseline, fixed)
2026-05-18 22:53:40 INFO       Obstacle:         [0.5, 0.0, 0.75, 0.1]
2026-05-18 22:53:40 INFO       Test Scenarios:   500
2026-05-18 22:53:40 INFO       Success Rate:     56.8%
2026-05-18 22:53:40 INFO       Goal Reached:     97.0%
2026-05-18 22:53:40 INFO       Collision-free:   57.2%
2026-05-18 22:53:40 INFO       Avg Planning Time: 78.8 ± 34.4 ms
2026-05-18 22:53:40 INFO     ======================================================================
