2026-05-18 22:32:46 INFO     Using device: cuda
2026-05-18 22:32:46 INFO     VAE loaded from /home/chandrakiran/Projects/7.RTLS_WITH_CBFS/model_params/panda_10k/model.ckpt-016000.pt
2026-05-18 22:32:46 INFO     FixedCollisionClassifier loaded (epoch 81, val_acc=98.9%)
2026-05-18 22:32:46 INFO     
======================================================================
2026-05-18 22:32:46 INFO     FIXED-OBSTACLE CLASSIFIER EVALUATION
2026-05-18 22:32:46 INFO       Obstacle: [0.5, 0.0, 0.75, 0.1]
2026-05-18 22:32:46 INFO       Goal ee:  [0.39897406101226807, 0.21796053647994995, 0.6563624143600464]
2026-05-18 22:32:46 INFO       Scenarios: 500 (random start only)
2026-05-18 22:32:46 INFO       Planner: Goal + Prior + C(z) collision loss
2026-05-18 22:32:46 INFO       λ_prior=0.005, λ_collision=0.25, T=1.0
2026-05-18 22:32:46 INFO     ======================================================================

2026-05-18 22:32:55 INFO     Progress: 50/500 | Success: 62.0% | Goal: 94.0% | Collision-free: 62.0%
2026-05-18 22:33:04 INFO     Progress: 100/500 | Success: 58.0% | Goal: 94.0% | Collision-free: 58.0%
2026-05-18 22:33:12 INFO     Progress: 150/500 | Success: 58.7% | Goal: 93.3% | Collision-free: 58.7%
2026-05-18 22:33:20 INFO     Progress: 200/500 | Success: 59.5% | Goal: 94.0% | Collision-free: 59.5%
2026-05-18 22:33:28 INFO     Progress: 250/500 | Success: 60.4% | Goal: 94.0% | Collision-free: 60.4%
2026-05-18 22:33:36 INFO     Progress: 300/500 | Success: 59.0% | Goal: 94.3% | Collision-free: 59.0%
2026-05-18 22:33:45 INFO     Progress: 350/500 | Success: 59.1% | Goal: 94.3% | Collision-free: 59.4%
2026-05-18 22:33:54 INFO     Progress: 400/500 | Success: 57.8% | Goal: 94.0% | Collision-free: 58.0%
2026-05-18 22:34:01 INFO     Progress: 450/500 | Success: 58.0% | Goal: 93.8% | Collision-free: 58.2%
2026-05-18 22:34:10 INFO     Progress: 500/500 | Success: 57.2% | Goal: 93.2% | Collision-free: 57.4%
2026-05-18 22:34:10 INFO     
======================================================================
2026-05-18 22:34:10 INFO     FIXED-OBSTACLE CLASSIFIER EVALUATION RESULTS
2026-05-18 22:34:10 INFO     ======================================================================
2026-05-18 22:34:10 INFO       Method:           Collision Classifier C(z) (baseline, fixed)
2026-05-18 22:34:10 INFO       Obstacle:         [0.5, 0.0, 0.75, 0.1]
2026-05-18 22:34:10 INFO       Test Scenarios:   500
2026-05-18 22:34:10 INFO       Success Rate:     57.2%
2026-05-18 22:34:10 INFO       Goal Reached:     93.2%
2026-05-18 22:34:10 INFO       Collision-free:   57.4%
2026-05-18 22:34:10 INFO       Avg Planning Time: 89.4 ± 48.3 ms
2026-05-18 22:34:10 INFO     ======================================================================
