2026-05-18 22:34:12 INFO     Using device: cuda
2026-05-18 22:34:12 INFO     VAE loaded from /home/chandrakiran/Projects/7.RTLS_WITH_CBFS/model_params/panda_10k/model.ckpt-016000.pt
2026-05-18 22:34:12 INFO     FixedCollisionClassifier loaded (epoch 81, val_acc=98.9%)
2026-05-18 22:34:12 INFO     
======================================================================
2026-05-18 22:34:12 INFO     FIXED-OBSTACLE CLASSIFIER EVALUATION
2026-05-18 22:34:12 INFO       Obstacle: [0.5, 0.0, 0.75, 0.1]
2026-05-18 22:34:12 INFO       Goal ee:  [0.39897406101226807, 0.21796053647994995, 0.6563624143600464]
2026-05-18 22:34:12 INFO       Scenarios: 500 (random start only)
2026-05-18 22:34:12 INFO       Planner: Goal + Prior + C(z) collision loss
2026-05-18 22:34:12 INFO       λ_prior=0.005, λ_collision=0.5, T=1.0
2026-05-18 22:34:12 INFO     ======================================================================

2026-05-18 22:34:21 INFO     Progress: 50/500 | Success: 66.0% | Goal: 96.0% | Collision-free: 66.0%
2026-05-18 22:34:31 INFO     Progress: 100/500 | Success: 59.0% | Goal: 88.0% | Collision-free: 60.0%
2026-05-18 22:34:38 INFO     Progress: 150/500 | Success: 58.7% | Goal: 89.3% | Collision-free: 59.3%
2026-05-18 22:34:47 INFO     Progress: 200/500 | Success: 60.0% | Goal: 91.5% | Collision-free: 60.5%
2026-05-18 22:34:55 INFO     Progress: 250/500 | Success: 60.4% | Goal: 91.2% | Collision-free: 61.2%
2026-05-18 22:35:04 INFO     Progress: 300/500 | Success: 59.0% | Goal: 91.0% | Collision-free: 59.7%
2026-05-18 22:35:13 INFO     Progress: 350/500 | Success: 59.4% | Goal: 91.1% | Collision-free: 60.3%
2026-05-18 22:35:22 INFO     Progress: 400/500 | Success: 58.2% | Goal: 90.8% | Collision-free: 59.0%
2026-05-18 22:35:31 INFO     Progress: 450/500 | Success: 58.4% | Goal: 90.7% | Collision-free: 59.1%
2026-05-18 22:35:41 INFO     Progress: 500/500 | Success: 58.0% | Goal: 90.2% | Collision-free: 58.6%
2026-05-18 22:35:41 INFO     
======================================================================
2026-05-18 22:35:41 INFO     FIXED-OBSTACLE CLASSIFIER EVALUATION RESULTS
2026-05-18 22:35:41 INFO     ======================================================================
2026-05-18 22:35:41 INFO       Method:           Collision Classifier C(z) (baseline, fixed)
2026-05-18 22:35:41 INFO       Obstacle:         [0.5, 0.0, 0.75, 0.1]
2026-05-18 22:35:41 INFO       Test Scenarios:   500
2026-05-18 22:35:41 INFO       Success Rate:     58.0%
2026-05-18 22:35:41 INFO       Goal Reached:     90.2%
2026-05-18 22:35:41 INFO       Collision-free:   58.6%
2026-05-18 22:35:41 INFO       Avg Planning Time: 90.3 ± 53.6 ms
2026-05-18 22:35:41 INFO     ======================================================================
