2026-05-18 22:31:27 INFO     Using device: cuda
2026-05-18 22:31:27 INFO     VAE loaded from /home/chandrakiran/Projects/7.RTLS_WITH_CBFS/model_params/panda_10k/model.ckpt-016000.pt
2026-05-18 22:31:28 INFO     FixedCollisionClassifier loaded (epoch 81, val_acc=98.9%)
2026-05-18 22:31:28 INFO     
======================================================================
2026-05-18 22:31:28 INFO     FIXED-OBSTACLE CLASSIFIER EVALUATION
2026-05-18 22:31:28 INFO       Obstacle: [0.5, 0.0, 0.75, 0.1]
2026-05-18 22:31:28 INFO       Goal ee:  [0.39897406101226807, 0.21796053647994995, 0.6563624143600464]
2026-05-18 22:31:28 INFO       Scenarios: 500 (random start only)
2026-05-18 22:31:28 INFO       Planner: Goal + Prior + C(z) collision loss
2026-05-18 22:31:28 INFO       λ_prior=0.005, λ_collision=0.1, T=1.0
2026-05-18 22:31:28 INFO     ======================================================================

2026-05-18 22:31:36 INFO     Progress: 50/500 | Success: 62.0% | Goal: 94.0% | Collision-free: 62.0%
2026-05-18 22:31:44 INFO     Progress: 100/500 | Success: 58.0% | Goal: 95.0% | Collision-free: 58.0%
2026-05-18 22:31:51 INFO     Progress: 150/500 | Success: 56.0% | Goal: 94.0% | Collision-free: 56.0%
2026-05-18 22:31:58 INFO     Progress: 200/500 | Success: 57.5% | Goal: 95.0% | Collision-free: 57.5%
2026-05-18 22:32:05 INFO     Progress: 250/500 | Success: 58.4% | Goal: 94.8% | Collision-free: 58.4%
2026-05-18 22:32:12 INFO     Progress: 300/500 | Success: 57.3% | Goal: 95.7% | Collision-free: 57.3%
2026-05-18 22:32:20 INFO     Progress: 350/500 | Success: 57.7% | Goal: 96.3% | Collision-free: 57.7%
2026-05-18 22:32:29 INFO     Progress: 400/500 | Success: 56.2% | Goal: 96.2% | Collision-free: 56.2%
2026-05-18 22:32:37 INFO     Progress: 450/500 | Success: 56.4% | Goal: 95.8% | Collision-free: 56.4%
2026-05-18 22:32:44 INFO     Progress: 500/500 | Success: 55.6% | Goal: 96.0% | Collision-free: 55.6%
2026-05-18 22:32:44 INFO     
======================================================================
2026-05-18 22:32:44 INFO     FIXED-OBSTACLE CLASSIFIER EVALUATION RESULTS
2026-05-18 22:32:44 INFO     ======================================================================
2026-05-18 22:32:44 INFO       Method:           Collision Classifier C(z) (baseline, fixed)
2026-05-18 22:32:44 INFO       Obstacle:         [0.5, 0.0, 0.75, 0.1]
2026-05-18 22:32:44 INFO       Test Scenarios:   500
2026-05-18 22:32:44 INFO       Success Rate:     55.6%
2026-05-18 22:32:44 INFO       Goal Reached:     96.0%
2026-05-18 22:32:44 INFO       Collision-free:   55.6%
2026-05-18 22:32:44 INFO       Avg Planning Time: 89.2 ± 46.1 ms
2026-05-18 22:32:44 INFO     ======================================================================
