2026-05-18 22:38:53 INFO     Using device: cuda
2026-05-18 22:38:53 INFO     VAE loaded from /home/chandrakiran/Projects/7.RTLS_WITH_CBFS/model_params/panda_10k/model.ckpt-016000.pt
2026-05-18 22:38:53 INFO     FixedCollisionClassifier loaded (epoch 81, val_acc=98.9%)
2026-05-18 22:38:53 INFO     
======================================================================
2026-05-18 22:38:53 INFO     FIXED-OBSTACLE CLASSIFIER EVALUATION
2026-05-18 22:38:53 INFO       Obstacle: [0.5, 0.0, 0.75, 0.1]
2026-05-18 22:38:53 INFO       Goal ee:  [0.39897406101226807, 0.21796053647994995, 0.6563624143600464]
2026-05-18 22:38:53 INFO       Scenarios: 500 (random start only)
2026-05-18 22:38:53 INFO       Planner: Goal + Prior + C(z) collision loss
2026-05-18 22:38:53 INFO       λ_prior=0.005, λ_collision=5.0, T=1.0
2026-05-18 22:38:53 INFO     ======================================================================

2026-05-18 22:39:03 INFO     Progress: 50/500 | Success: 70.0% | Goal: 80.0% | Collision-free: 74.0%
2026-05-18 22:39:14 INFO     Progress: 100/500 | Success: 64.0% | Goal: 78.0% | Collision-free: 70.0%
2026-05-18 22:39:22 INFO     Progress: 150/500 | Success: 62.7% | Goal: 79.3% | Collision-free: 66.7%
2026-05-18 22:39:31 INFO     Progress: 200/500 | Success: 62.0% | Goal: 81.0% | Collision-free: 66.5%
2026-05-18 22:39:39 INFO     Progress: 250/500 | Success: 62.4% | Goal: 81.6% | Collision-free: 67.2%
2026-05-18 22:39:50 INFO     Progress: 300/500 | Success: 61.7% | Goal: 80.3% | Collision-free: 66.3%
2026-05-18 22:39:59 INFO     Progress: 350/500 | Success: 62.3% | Goal: 81.1% | Collision-free: 66.9%
2026-05-18 22:40:10 INFO     Progress: 400/500 | Success: 61.5% | Goal: 80.2% | Collision-free: 66.0%
2026-05-18 22:40:20 INFO     Progress: 450/500 | Success: 61.1% | Goal: 79.8% | Collision-free: 65.8%
2026-05-18 22:40:30 INFO     Progress: 500/500 | Success: 60.6% | Goal: 79.4% | Collision-free: 65.2%
2026-05-18 22:40:30 INFO     
======================================================================
2026-05-18 22:40:30 INFO     FIXED-OBSTACLE CLASSIFIER EVALUATION RESULTS
2026-05-18 22:40:30 INFO     ======================================================================
2026-05-18 22:40:30 INFO       Method:           Collision Classifier C(z) (baseline, fixed)
2026-05-18 22:40:30 INFO       Obstacle:         [0.5, 0.0, 0.75, 0.1]
2026-05-18 22:40:30 INFO       Test Scenarios:   500
2026-05-18 22:40:30 INFO       Success Rate:     60.6%
2026-05-18 22:40:30 INFO       Goal Reached:     79.4%
2026-05-18 22:40:30 INFO       Collision-free:   65.2%
2026-05-18 22:40:30 INFO       Avg Planning Time: 88.0 ± 50.5 ms
2026-05-18 22:40:30 INFO     ======================================================================
