2026-05-18 22:35:42 INFO     Using device: cuda
2026-05-18 22:35:43 INFO     VAE loaded from /home/chandrakiran/Projects/7.RTLS_WITH_CBFS/model_params/panda_10k/model.ckpt-016000.pt
2026-05-18 22:35:43 INFO     FixedCollisionClassifier loaded (epoch 81, val_acc=98.9%)
2026-05-18 22:35:43 INFO     
======================================================================
2026-05-18 22:35:43 INFO     FIXED-OBSTACLE CLASSIFIER EVALUATION
2026-05-18 22:35:43 INFO       Obstacle: [0.5, 0.0, 0.75, 0.1]
2026-05-18 22:35:43 INFO       Goal ee:  [0.39897406101226807, 0.21796053647994995, 0.6563624143600464]
2026-05-18 22:35:43 INFO       Scenarios: 500 (random start only)
2026-05-18 22:35:43 INFO       Planner: Goal + Prior + C(z) collision loss
2026-05-18 22:35:43 INFO       λ_prior=0.005, λ_collision=1.0, T=1.0
2026-05-18 22:35:43 INFO     ======================================================================

2026-05-18 22:35:52 INFO     Progress: 50/500 | Success: 64.0% | Goal: 90.0% | Collision-free: 66.0%
2026-05-18 22:36:03 INFO     Progress: 100/500 | Success: 59.0% | Goal: 84.0% | Collision-free: 61.0%
2026-05-18 22:36:11 INFO     Progress: 150/500 | Success: 58.7% | Goal: 86.7% | Collision-free: 60.0%
2026-05-18 22:36:19 INFO     Progress: 200/500 | Success: 61.0% | Goal: 88.5% | Collision-free: 62.5%
2026-05-18 22:36:27 INFO     Progress: 250/500 | Success: 60.4% | Goal: 88.0% | Collision-free: 62.8%
2026-05-18 22:36:37 INFO     Progress: 300/500 | Success: 59.3% | Goal: 87.0% | Collision-free: 61.3%
2026-05-18 22:36:46 INFO     Progress: 350/500 | Success: 60.3% | Goal: 87.7% | Collision-free: 62.3%
2026-05-18 22:36:56 INFO     Progress: 400/500 | Success: 59.8% | Goal: 87.2% | Collision-free: 61.5%
2026-05-18 22:37:05 INFO     Progress: 450/500 | Success: 60.0% | Goal: 87.3% | Collision-free: 61.6%
2026-05-18 22:37:15 INFO     Progress: 500/500 | Success: 59.4% | Goal: 86.8% | Collision-free: 60.8%
2026-05-18 22:37:15 INFO     
======================================================================
2026-05-18 22:37:15 INFO     FIXED-OBSTACLE CLASSIFIER EVALUATION RESULTS
2026-05-18 22:37:15 INFO     ======================================================================
2026-05-18 22:37:15 INFO       Method:           Collision Classifier C(z) (baseline, fixed)
2026-05-18 22:37:15 INFO       Obstacle:         [0.5, 0.0, 0.75, 0.1]
2026-05-18 22:37:15 INFO       Test Scenarios:   500
2026-05-18 22:37:15 INFO       Success Rate:     59.4%
2026-05-18 22:37:15 INFO       Goal Reached:     86.8%
2026-05-18 22:37:15 INFO       Collision-free:   60.8%
2026-05-18 22:37:15 INFO       Avg Planning Time: 88.2 ± 50.0 ms
2026-05-18 22:37:15 INFO     ======================================================================
