2026-05-18 23:01:42 INFO     Using device: cuda
2026-05-18 23:01:43 INFO     VAE loaded from /home/chandrakiran/Projects/7.RTLS_WITH_CBFS/model_params/panda_10k/model.ckpt-016000.pt
2026-05-18 23:01:43 INFO     FixedCollisionClassifier loaded (epoch 81, val_acc=98.9%)
2026-05-18 23:01:43 INFO     
======================================================================
2026-05-18 23:01:43 INFO     FIXED-OBSTACLE CLASSIFIER EVALUATION
2026-05-18 23:01:43 INFO       Obstacle: [0.5, 0.0, 0.75, 0.1]
2026-05-18 23:01:43 INFO       Goal ee:  [0.39897406101226807, 0.21796053647994995, 0.6563624143600464]
2026-05-18 23:01:43 INFO       Scenarios: 500 (random start only)
2026-05-18 23:01:43 INFO       Planner: Goal + Prior + C(z) collision loss
2026-05-18 23:01:43 INFO       λ_prior=0.05, λ_collision=10.0, T=1.0
2026-05-18 23:01:43 INFO     ======================================================================

2026-05-18 23:01:53 INFO     Progress: 50/500 | Success: 70.0% | Goal: 78.0% | Collision-free: 80.0%
2026-05-18 23:02:05 INFO     Progress: 100/500 | Success: 61.0% | Goal: 76.0% | Collision-free: 72.0%
2026-05-18 23:02:15 INFO     Progress: 150/500 | Success: 61.3% | Goal: 74.7% | Collision-free: 72.0%
2026-05-18 23:02:25 INFO     Progress: 200/500 | Success: 63.0% | Goal: 76.0% | Collision-free: 73.0%
2026-05-18 23:02:33 INFO     Progress: 250/500 | Success: 66.0% | Goal: 78.0% | Collision-free: 74.4%
2026-05-18 23:02:44 INFO     Progress: 300/500 | Success: 66.3% | Goal: 77.0% | Collision-free: 74.7%
2026-05-18 23:02:54 INFO     Progress: 350/500 | Success: 65.4% | Goal: 76.9% | Collision-free: 74.0%
2026-05-18 23:03:05 INFO     Progress: 400/500 | Success: 64.0% | Goal: 76.5% | Collision-free: 72.5%
2026-05-18 23:03:15 INFO     Progress: 450/500 | Success: 63.6% | Goal: 76.4% | Collision-free: 71.8%
2026-05-18 23:03:26 INFO     Progress: 500/500 | Success: 62.8% | Goal: 76.6% | Collision-free: 70.8%
2026-05-18 23:03:26 INFO     
======================================================================
2026-05-18 23:03:26 INFO     FIXED-OBSTACLE CLASSIFIER EVALUATION RESULTS
2026-05-18 23:03:26 INFO     ======================================================================
2026-05-18 23:03:26 INFO       Method:           Collision Classifier C(z) (baseline, fixed)
2026-05-18 23:03:26 INFO       Obstacle:         [0.5, 0.0, 0.75, 0.1]
2026-05-18 23:03:26 INFO       Test Scenarios:   500
2026-05-18 23:03:26 INFO       Success Rate:     62.8%
2026-05-18 23:03:26 INFO       Goal Reached:     76.6%
2026-05-18 23:03:26 INFO       Collision-free:   70.8%
2026-05-18 23:03:26 INFO       Avg Planning Time: 89.3 ± 47.2 ms
2026-05-18 23:03:26 INFO     ======================================================================
