2026-05-18 22:27:47 INFO     Using device: cuda
2026-05-18 22:27:47 INFO     VAE loaded from /home/chandrakiran/Projects/7.RTLS_WITH_CBFS/model_params/panda_10k/model.ckpt-016000.pt
2026-05-18 22:27:47 INFO     FixedCollisionClassifier loaded (epoch 81, val_acc=98.9%)
2026-05-18 22:27:47 INFO     
======================================================================
2026-05-18 22:27:47 INFO     FIXED-OBSTACLE CLASSIFIER EVALUATION
2026-05-18 22:27:47 INFO       Obstacle: [0.5, 0.0, 0.75, 0.1]
2026-05-18 22:27:47 INFO       Goal ee:  [0.39897406101226807, 0.21796053647994995, 0.6563624143600464]
2026-05-18 22:27:47 INFO       Scenarios: 500 (random start only)
2026-05-18 22:27:47 INFO       Planner: Goal + Prior + C(z) collision loss
2026-05-18 22:27:47 INFO       λ_prior=0.001, λ_collision=5.0, T=1.0
2026-05-18 22:27:47 INFO     ======================================================================

2026-05-18 22:27:57 INFO     Progress: 50/500 | Success: 72.0% | Goal: 82.0% | Collision-free: 76.0%
2026-05-18 22:28:08 INFO     Progress: 100/500 | Success: 65.0% | Goal: 78.0% | Collision-free: 72.0%
2026-05-18 22:28:17 INFO     Progress: 150/500 | Success: 62.7% | Goal: 79.3% | Collision-free: 68.0%
2026-05-18 22:28:27 INFO     Progress: 200/500 | Success: 63.5% | Goal: 79.5% | Collision-free: 69.5%
2026-05-18 22:28:36 INFO     Progress: 250/500 | Success: 64.4% | Goal: 80.8% | Collision-free: 70.0%
2026-05-18 22:28:46 INFO     Progress: 300/500 | Success: 63.3% | Goal: 80.0% | Collision-free: 68.7%
2026-05-18 22:28:57 INFO     Progress: 350/500 | Success: 63.4% | Goal: 80.6% | Collision-free: 68.6%
2026-05-18 22:29:08 INFO     Progress: 400/500 | Success: 62.0% | Goal: 79.5% | Collision-free: 66.5%
2026-05-18 22:29:18 INFO     Progress: 450/500 | Success: 61.8% | Goal: 79.3% | Collision-free: 66.4%
2026-05-18 22:29:29 INFO     Progress: 500/500 | Success: 61.2% | Goal: 78.8% | Collision-free: 65.8%
2026-05-18 22:29:29 INFO     
======================================================================
2026-05-18 22:29:29 INFO     FIXED-OBSTACLE CLASSIFIER EVALUATION RESULTS
2026-05-18 22:29:29 INFO     ======================================================================
2026-05-18 22:29:29 INFO       Method:           Collision Classifier C(z) (baseline, fixed)
2026-05-18 22:29:29 INFO       Obstacle:         [0.5, 0.0, 0.75, 0.1]
2026-05-18 22:29:29 INFO       Test Scenarios:   500
2026-05-18 22:29:29 INFO       Success Rate:     61.2%
2026-05-18 22:29:29 INFO       Goal Reached:     78.8%
2026-05-18 22:29:29 INFO       Collision-free:   65.8%
2026-05-18 22:29:29 INFO       Avg Planning Time: 92.9 ± 52.1 ms
2026-05-18 22:29:29 INFO     ======================================================================
