2026-05-18 23:07:32 INFO     Using device: cuda
2026-05-18 23:07:33 INFO     VAE loaded from /home/chandrakiran/Projects/7.RTLS_WITH_CBFS/model_params/panda_10k/model.ckpt-016000.pt
2026-05-18 23:07:33 INFO     FixedCollisionClassifier loaded (epoch 81, val_acc=98.9%)
2026-05-18 23:07:33 INFO     
======================================================================
2026-05-18 23:07:33 INFO     FIXED-OBSTACLE CLASSIFIER EVALUATION
2026-05-18 23:07:33 INFO       Obstacle: [0.5, 0.0, 0.75, 0.1]
2026-05-18 23:07:33 INFO       Goal ee:  [0.39897406101226807, 0.21796053647994995, 0.6563624143600464]
2026-05-18 23:07:33 INFO       Scenarios: 500 (random start only)
2026-05-18 23:07:33 INFO       Planner: Goal + Prior + C(z) collision loss
2026-05-18 23:07:33 INFO       λ_prior=0.1, λ_collision=1.0, T=1.0
2026-05-18 23:07:33 INFO     ======================================================================

2026-05-18 23:07:42 INFO     Progress: 50/500 | Success: 56.0% | Goal: 90.0% | Collision-free: 60.0%
2026-05-18 23:07:53 INFO     Progress: 100/500 | Success: 57.0% | Goal: 86.0% | Collision-free: 61.0%
2026-05-18 23:08:02 INFO     Progress: 150/500 | Success: 59.3% | Goal: 88.0% | Collision-free: 62.7%
2026-05-18 23:08:11 INFO     Progress: 200/500 | Success: 60.5% | Goal: 87.5% | Collision-free: 64.0%
2026-05-18 23:08:19 INFO     Progress: 250/500 | Success: 61.6% | Goal: 88.4% | Collision-free: 64.8%
2026-05-18 23:08:29 INFO     Progress: 300/500 | Success: 61.0% | Goal: 88.3% | Collision-free: 64.0%
2026-05-18 23:08:39 INFO     Progress: 350/500 | Success: 60.3% | Goal: 87.7% | Collision-free: 64.0%
2026-05-18 23:08:49 INFO     Progress: 400/500 | Success: 58.8% | Goal: 87.0% | Collision-free: 62.5%
2026-05-18 23:08:59 INFO     Progress: 450/500 | Success: 58.4% | Goal: 86.9% | Collision-free: 62.2%
2026-05-18 23:09:10 INFO     Progress: 500/500 | Success: 57.4% | Goal: 86.2% | Collision-free: 61.6%
2026-05-18 23:09:10 INFO     
======================================================================
2026-05-18 23:09:10 INFO     FIXED-OBSTACLE CLASSIFIER EVALUATION RESULTS
2026-05-18 23:09:10 INFO     ======================================================================
2026-05-18 23:09:10 INFO       Method:           Collision Classifier C(z) (baseline, fixed)
2026-05-18 23:09:10 INFO       Obstacle:         [0.5, 0.0, 0.75, 0.1]
2026-05-18 23:09:10 INFO       Test Scenarios:   500
2026-05-18 23:09:10 INFO       Success Rate:     57.4%
2026-05-18 23:09:10 INFO       Goal Reached:     86.2%
2026-05-18 23:09:10 INFO       Collision-free:   61.6%
2026-05-18 23:09:10 INFO       Avg Planning Time: 91.1 ± 52.5 ms
2026-05-18 23:09:10 INFO     ======================================================================
