2026-05-18 22:19:57 INFO     Using device: cuda
2026-05-18 22:19:58 INFO     VAE loaded from /home/chandrakiran/Projects/7.RTLS_WITH_CBFS/model_params/panda_10k/model.ckpt-016000.pt
2026-05-18 22:19:58 INFO     FixedCollisionClassifier loaded (epoch 81, val_acc=98.9%)
2026-05-18 22:19:58 INFO     
======================================================================
2026-05-18 22:19:58 INFO     FIXED-OBSTACLE CLASSIFIER EVALUATION
2026-05-18 22:19:58 INFO       Obstacle: [0.5, 0.0, 0.75, 0.1]
2026-05-18 22:19:58 INFO       Goal ee:  [0.39897406101226807, 0.21796053647994995, 0.6563624143600464]
2026-05-18 22:19:58 INFO       Scenarios: 500 (random start only)
2026-05-18 22:19:58 INFO       Planner: Goal + Prior + C(z) collision loss
2026-05-18 22:19:58 INFO       λ_prior=0.001, λ_collision=0.1, T=1.0
2026-05-18 22:19:58 INFO     ======================================================================

2026-05-18 22:20:05 INFO     Progress: 50/500 | Success: 62.0% | Goal: 98.0% | Collision-free: 62.0%
2026-05-18 22:20:13 INFO     Progress: 100/500 | Success: 57.0% | Goal: 95.0% | Collision-free: 57.0%
2026-05-18 22:20:20 INFO     Progress: 150/500 | Success: 55.3% | Goal: 94.7% | Collision-free: 55.3%
2026-05-18 22:20:27 INFO     Progress: 200/500 | Success: 58.5% | Goal: 96.0% | Collision-free: 58.5%
2026-05-18 22:20:34 INFO     Progress: 250/500 | Success: 59.2% | Goal: 95.6% | Collision-free: 59.2%
2026-05-18 22:20:41 INFO     Progress: 300/500 | Success: 58.0% | Goal: 96.0% | Collision-free: 58.0%
2026-05-18 22:20:50 INFO     Progress: 350/500 | Success: 57.7% | Goal: 96.3% | Collision-free: 58.0%
2026-05-18 22:20:58 INFO     Progress: 400/500 | Success: 56.0% | Goal: 96.0% | Collision-free: 56.2%
2026-05-18 22:21:06 INFO     Progress: 450/500 | Success: 56.4% | Goal: 95.6% | Collision-free: 56.9%
2026-05-18 22:21:14 INFO     Progress: 500/500 | Success: 56.0% | Goal: 95.2% | Collision-free: 56.6%
2026-05-18 22:21:14 INFO     
======================================================================
2026-05-18 22:21:14 INFO     FIXED-OBSTACLE CLASSIFIER EVALUATION RESULTS
2026-05-18 22:21:14 INFO     ======================================================================
2026-05-18 22:21:14 INFO       Method:           Collision Classifier C(z) (baseline, fixed)
2026-05-18 22:21:14 INFO       Obstacle:         [0.5, 0.0, 0.75, 0.1]
2026-05-18 22:21:14 INFO       Test Scenarios:   500
2026-05-18 22:21:14 INFO       Success Rate:     56.0%
2026-05-18 22:21:14 INFO       Goal Reached:     95.2%
2026-05-18 22:21:14 INFO       Collision-free:   56.6%
2026-05-18 22:21:14 INFO       Avg Planning Time: 87.8 ± 46.9 ms
2026-05-18 22:21:14 INFO     ======================================================================
