2026-05-18 23:06:00 INFO     Using device: cuda
2026-05-18 23:06:00 INFO     VAE loaded from /home/chandrakiran/Projects/7.RTLS_WITH_CBFS/model_params/panda_10k/model.ckpt-016000.pt
2026-05-18 23:06:00 INFO     FixedCollisionClassifier loaded (epoch 81, val_acc=98.9%)
2026-05-18 23:06:00 INFO     
======================================================================
2026-05-18 23:06:00 INFO     FIXED-OBSTACLE CLASSIFIER EVALUATION
2026-05-18 23:06:00 INFO       Obstacle: [0.5, 0.0, 0.75, 0.1]
2026-05-18 23:06:00 INFO       Goal ee:  [0.39897406101226807, 0.21796053647994995, 0.6563624143600464]
2026-05-18 23:06:00 INFO       Scenarios: 500 (random start only)
2026-05-18 23:06:00 INFO       Planner: Goal + Prior + C(z) collision loss
2026-05-18 23:06:00 INFO       λ_prior=0.1, λ_collision=0.5, T=1.0
2026-05-18 23:06:00 INFO     ======================================================================

2026-05-18 23:06:09 INFO     Progress: 50/500 | Success: 60.0% | Goal: 96.0% | Collision-free: 60.0%
2026-05-18 23:06:19 INFO     Progress: 100/500 | Success: 59.0% | Goal: 94.0% | Collision-free: 60.0%
2026-05-18 23:06:27 INFO     Progress: 150/500 | Success: 58.7% | Goal: 94.7% | Collision-free: 59.3%
2026-05-18 23:06:36 INFO     Progress: 200/500 | Success: 60.0% | Goal: 93.5% | Collision-free: 61.5%
2026-05-18 23:06:44 INFO     Progress: 250/500 | Success: 61.2% | Goal: 94.4% | Collision-free: 62.4%
2026-05-18 23:06:52 INFO     Progress: 300/500 | Success: 60.3% | Goal: 94.7% | Collision-free: 61.7%
2026-05-18 23:07:02 INFO     Progress: 350/500 | Success: 60.0% | Goal: 93.7% | Collision-free: 61.7%
2026-05-18 23:07:11 INFO     Progress: 400/500 | Success: 58.5% | Goal: 93.2% | Collision-free: 60.5%
2026-05-18 23:07:20 INFO     Progress: 450/500 | Success: 58.2% | Goal: 93.3% | Collision-free: 60.4%
2026-05-18 23:07:31 INFO     Progress: 500/500 | Success: 57.0% | Goal: 91.8% | Collision-free: 59.8%
2026-05-18 23:07:31 INFO     
======================================================================
2026-05-18 23:07:31 INFO     FIXED-OBSTACLE CLASSIFIER EVALUATION RESULTS
2026-05-18 23:07:31 INFO     ======================================================================
2026-05-18 23:07:31 INFO       Method:           Collision Classifier C(z) (baseline, fixed)
2026-05-18 23:07:31 INFO       Obstacle:         [0.5, 0.0, 0.75, 0.1]
2026-05-18 23:07:31 INFO       Test Scenarios:   500
2026-05-18 23:07:31 INFO       Success Rate:     57.0%
2026-05-18 23:07:31 INFO       Goal Reached:     91.8%
2026-05-18 23:07:31 INFO       Collision-free:   59.8%
2026-05-18 23:07:31 INFO       Avg Planning Time: 90.4 ± 49.1 ms
2026-05-18 23:07:31 INFO     ======================================================================
