2026-05-18 23:09:11 INFO     Using device: cuda
2026-05-18 23:09:12 INFO     VAE loaded from /home/chandrakiran/Projects/7.RTLS_WITH_CBFS/model_params/panda_10k/model.ckpt-016000.pt
2026-05-18 23:09:12 INFO     FixedCollisionClassifier loaded (epoch 81, val_acc=98.9%)
2026-05-18 23:09:12 INFO     
======================================================================
2026-05-18 23:09:12 INFO     FIXED-OBSTACLE CLASSIFIER EVALUATION
2026-05-18 23:09:12 INFO       Obstacle: [0.5, 0.0, 0.75, 0.1]
2026-05-18 23:09:12 INFO       Goal ee:  [0.39897406101226807, 0.21796053647994995, 0.6563624143600464]
2026-05-18 23:09:12 INFO       Scenarios: 500 (random start only)
2026-05-18 23:09:12 INFO       Planner: Goal + Prior + C(z) collision loss
2026-05-18 23:09:12 INFO       λ_prior=0.1, λ_collision=2.0, T=1.0
2026-05-18 23:09:12 INFO     ======================================================================

2026-05-18 23:09:22 INFO     Progress: 50/500 | Success: 64.0% | Goal: 84.0% | Collision-free: 68.0%
2026-05-18 23:09:34 INFO     Progress: 100/500 | Success: 57.0% | Goal: 78.0% | Collision-free: 65.0%
2026-05-18 23:09:45 INFO     Progress: 150/500 | Success: 59.3% | Goal: 78.7% | Collision-free: 66.0%
2026-05-18 23:09:55 INFO     Progress: 200/500 | Success: 60.0% | Goal: 78.5% | Collision-free: 67.5%
2026-05-18 23:10:04 INFO     Progress: 250/500 | Success: 61.6% | Goal: 80.4% | Collision-free: 68.0%
2026-05-18 23:10:15 INFO     Progress: 300/500 | Success: 61.3% | Goal: 79.7% | Collision-free: 67.7%
2026-05-18 23:10:26 INFO     Progress: 350/500 | Success: 60.9% | Goal: 79.1% | Collision-free: 67.4%
2026-05-18 23:10:37 INFO     Progress: 400/500 | Success: 59.5% | Goal: 78.8% | Collision-free: 65.8%
2026-05-18 23:10:47 INFO     Progress: 450/500 | Success: 59.6% | Goal: 78.9% | Collision-free: 65.8%
2026-05-18 23:10:58 INFO     Progress: 500/500 | Success: 58.0% | Goal: 78.4% | Collision-free: 64.6%
2026-05-18 23:10:58 INFO     
======================================================================
2026-05-18 23:10:58 INFO     FIXED-OBSTACLE CLASSIFIER EVALUATION RESULTS
2026-05-18 23:10:58 INFO     ======================================================================
2026-05-18 23:10:58 INFO       Method:           Collision Classifier C(z) (baseline, fixed)
2026-05-18 23:10:58 INFO       Obstacle:         [0.5, 0.0, 0.75, 0.1]
2026-05-18 23:10:58 INFO       Test Scenarios:   500
2026-05-18 23:10:58 INFO       Success Rate:     58.0%
2026-05-18 23:10:58 INFO       Goal Reached:     78.4%
2026-05-18 23:10:58 INFO       Collision-free:   64.6%
2026-05-18 23:10:58 INFO       Avg Planning Time: 91.8 ± 48.3 ms
2026-05-18 23:10:58 INFO     ======================================================================
