2026-05-18 22:24:21 INFO     Using device: cuda
2026-05-18 22:24:21 INFO     VAE loaded from /home/chandrakiran/Projects/7.RTLS_WITH_CBFS/model_params/panda_10k/model.ckpt-016000.pt
2026-05-18 22:24:22 INFO     FixedCollisionClassifier loaded (epoch 81, val_acc=98.9%)
2026-05-18 22:24:22 INFO     
======================================================================
2026-05-18 22:24:22 INFO     FIXED-OBSTACLE CLASSIFIER EVALUATION
2026-05-18 22:24:22 INFO       Obstacle: [0.5, 0.0, 0.75, 0.1]
2026-05-18 22:24:22 INFO       Goal ee:  [0.39897406101226807, 0.21796053647994995, 0.6563624143600464]
2026-05-18 22:24:22 INFO       Scenarios: 500 (random start only)
2026-05-18 22:24:22 INFO       Planner: Goal + Prior + C(z) collision loss
2026-05-18 22:24:22 INFO       λ_prior=0.001, λ_collision=1.0, T=1.0
2026-05-18 22:24:22 INFO     ======================================================================

2026-05-18 22:24:30 INFO     Progress: 50/500 | Success: 68.0% | Goal: 92.0% | Collision-free: 70.0%
2026-05-18 22:24:41 INFO     Progress: 100/500 | Success: 62.0% | Goal: 88.0% | Collision-free: 65.0%
2026-05-18 22:24:49 INFO     Progress: 150/500 | Success: 59.3% | Goal: 88.7% | Collision-free: 61.3%
2026-05-18 22:24:58 INFO     Progress: 200/500 | Success: 59.5% | Goal: 87.5% | Collision-free: 63.0%
2026-05-18 22:25:07 INFO     Progress: 250/500 | Success: 60.4% | Goal: 88.0% | Collision-free: 64.0%
2026-05-18 22:25:17 INFO     Progress: 300/500 | Success: 59.0% | Goal: 87.0% | Collision-free: 62.0%
2026-05-18 22:25:27 INFO     Progress: 350/500 | Success: 59.1% | Goal: 87.1% | Collision-free: 62.0%
2026-05-18 22:25:38 INFO     Progress: 400/500 | Success: 58.0% | Goal: 86.5% | Collision-free: 60.5%
2026-05-18 22:25:48 INFO     Progress: 450/500 | Success: 58.4% | Goal: 86.4% | Collision-free: 60.9%
2026-05-18 22:25:58 INFO     Progress: 500/500 | Success: 58.0% | Goal: 85.6% | Collision-free: 60.4%
2026-05-18 22:25:58 INFO     
======================================================================
2026-05-18 22:25:58 INFO     FIXED-OBSTACLE CLASSIFIER EVALUATION RESULTS
2026-05-18 22:25:58 INFO     ======================================================================
2026-05-18 22:25:58 INFO       Method:           Collision Classifier C(z) (baseline, fixed)
2026-05-18 22:25:58 INFO       Obstacle:         [0.5, 0.0, 0.75, 0.1]
2026-05-18 22:25:58 INFO       Test Scenarios:   500
2026-05-18 22:25:58 INFO       Success Rate:     58.0%
2026-05-18 22:25:58 INFO       Goal Reached:     85.6%
2026-05-18 22:25:58 INFO       Collision-free:   60.4%
2026-05-18 22:25:58 INFO       Avg Planning Time: 91.0 ± 52.2 ms
2026-05-18 22:25:58 INFO     ======================================================================
