2026-05-18 22:46:07 INFO     Using device: cuda
2026-05-18 22:46:08 INFO     VAE loaded from /home/chandrakiran/Projects/7.RTLS_WITH_CBFS/model_params/panda_10k/model.ckpt-016000.pt
2026-05-18 22:46:08 INFO     FixedCollisionClassifier loaded (epoch 81, val_acc=98.9%)
2026-05-18 22:46:08 INFO     
======================================================================
2026-05-18 22:46:08 INFO     FIXED-OBSTACLE CLASSIFIER EVALUATION
2026-05-18 22:46:08 INFO       Obstacle: [0.5, 0.0, 0.75, 0.1]
2026-05-18 22:46:08 INFO       Goal ee:  [0.39897406101226807, 0.21796053647994995, 0.6563624143600464]
2026-05-18 22:46:08 INFO       Scenarios: 500 (random start only)
2026-05-18 22:46:08 INFO       Planner: Goal + Prior + C(z) collision loss
2026-05-18 22:46:08 INFO       λ_prior=0.01, λ_collision=1.0, T=1.0
2026-05-18 22:46:08 INFO     ======================================================================

2026-05-18 22:46:17 INFO     Progress: 50/500 | Success: 70.0% | Goal: 86.0% | Collision-free: 72.0%
2026-05-18 22:46:27 INFO     Progress: 100/500 | Success: 64.0% | Goal: 84.0% | Collision-free: 66.0%
2026-05-18 22:46:35 INFO     Progress: 150/500 | Success: 61.3% | Goal: 85.3% | Collision-free: 63.3%
2026-05-18 22:46:43 INFO     Progress: 200/500 | Success: 62.5% | Goal: 86.0% | Collision-free: 65.0%
2026-05-18 22:46:51 INFO     Progress: 250/500 | Success: 62.0% | Goal: 86.4% | Collision-free: 65.6%
2026-05-18 22:47:01 INFO     Progress: 300/500 | Success: 61.3% | Goal: 86.3% | Collision-free: 64.3%
2026-05-18 22:47:10 INFO     Progress: 350/500 | Success: 62.0% | Goal: 86.6% | Collision-free: 64.9%
2026-05-18 22:47:19 INFO     Progress: 400/500 | Success: 61.3% | Goal: 85.8% | Collision-free: 63.7%
2026-05-18 22:47:29 INFO     Progress: 450/500 | Success: 61.6% | Goal: 86.0% | Collision-free: 64.2%
2026-05-18 22:47:38 INFO     Progress: 500/500 | Success: 60.6% | Goal: 86.0% | Collision-free: 63.2%
2026-05-18 22:47:38 INFO     
======================================================================
2026-05-18 22:47:38 INFO     FIXED-OBSTACLE CLASSIFIER EVALUATION RESULTS
2026-05-18 22:47:38 INFO     ======================================================================
2026-05-18 22:47:38 INFO       Method:           Collision Classifier C(z) (baseline, fixed)
2026-05-18 22:47:38 INFO       Obstacle:         [0.5, 0.0, 0.75, 0.1]
2026-05-18 22:47:38 INFO       Test Scenarios:   500
2026-05-18 22:47:38 INFO       Success Rate:     60.6%
2026-05-18 22:47:38 INFO       Goal Reached:     86.0%
2026-05-18 22:47:38 INFO       Collision-free:   63.2%
2026-05-18 22:47:38 INFO       Avg Planning Time: 85.5 ± 46.7 ms
2026-05-18 22:47:38 INFO     ======================================================================
