2026-05-18 22:42:11 INFO     Using device: cuda
2026-05-18 22:42:11 INFO     VAE loaded from /home/chandrakiran/Projects/7.RTLS_WITH_CBFS/model_params/panda_10k/model.ckpt-016000.pt
2026-05-18 22:42:11 INFO     FixedCollisionClassifier loaded (epoch 81, val_acc=98.9%)
2026-05-18 22:42:11 INFO     
======================================================================
2026-05-18 22:42:11 INFO     FIXED-OBSTACLE CLASSIFIER EVALUATION
2026-05-18 22:42:11 INFO       Obstacle: [0.5, 0.0, 0.75, 0.1]
2026-05-18 22:42:11 INFO       Goal ee:  [0.39897406101226807, 0.21796053647994995, 0.6563624143600464]
2026-05-18 22:42:11 INFO       Scenarios: 500 (random start only)
2026-05-18 22:42:11 INFO       Planner: Goal + Prior + C(z) collision loss
2026-05-18 22:42:11 INFO       λ_prior=0.01, λ_collision=0.1, T=1.0
2026-05-18 22:42:11 INFO     ======================================================================

2026-05-18 22:42:20 INFO     Progress: 50/500 | Success: 64.0% | Goal: 92.0% | Collision-free: 66.0%
2026-05-18 22:42:26 INFO     Progress: 100/500 | Success: 57.0% | Goal: 94.0% | Collision-free: 58.0%
2026-05-18 22:42:33 INFO     Progress: 150/500 | Success: 54.7% | Goal: 93.3% | Collision-free: 56.0%
2026-05-18 22:42:39 INFO     Progress: 200/500 | Success: 56.0% | Goal: 95.0% | Collision-free: 57.0%
2026-05-18 22:42:45 INFO     Progress: 250/500 | Success: 56.4% | Goal: 95.2% | Collision-free: 57.6%
2026-05-18 22:42:51 INFO     Progress: 300/500 | Success: 56.3% | Goal: 96.0% | Collision-free: 57.3%
2026-05-18 22:42:58 INFO     Progress: 350/500 | Success: 57.1% | Goal: 96.6% | Collision-free: 58.0%
2026-05-18 22:43:05 INFO     Progress: 400/500 | Success: 56.0% | Goal: 96.8% | Collision-free: 56.8%
2026-05-18 22:43:12 INFO     Progress: 450/500 | Success: 56.7% | Goal: 96.4% | Collision-free: 57.6%
2026-05-18 22:43:19 INFO     Progress: 500/500 | Success: 55.6% | Goal: 96.2% | Collision-free: 56.6%
2026-05-18 22:43:19 INFO     
======================================================================
2026-05-18 22:43:19 INFO     FIXED-OBSTACLE CLASSIFIER EVALUATION RESULTS
2026-05-18 22:43:19 INFO     ======================================================================
2026-05-18 22:43:19 INFO       Method:           Collision Classifier C(z) (baseline, fixed)
2026-05-18 22:43:19 INFO       Obstacle:         [0.5, 0.0, 0.75, 0.1]
2026-05-18 22:43:19 INFO       Test Scenarios:   500
2026-05-18 22:43:19 INFO       Success Rate:     55.6%
2026-05-18 22:43:19 INFO       Goal Reached:     96.2%
2026-05-18 22:43:19 INFO       Collision-free:   56.6%
2026-05-18 22:43:19 INFO       Avg Planning Time: 77.6 ± 37.0 ms
2026-05-18 22:43:19 INFO     ======================================================================
