2026-05-18 22:55:03 INFO     Using device: cuda
2026-05-18 22:55:03 INFO     VAE loaded from /home/chandrakiran/Projects/7.RTLS_WITH_CBFS/model_params/panda_10k/model.ckpt-016000.pt
2026-05-18 22:55:03 INFO     FixedCollisionClassifier loaded (epoch 81, val_acc=98.9%)
2026-05-18 22:55:03 INFO     
======================================================================
2026-05-18 22:55:03 INFO     FIXED-OBSTACLE CLASSIFIER EVALUATION
2026-05-18 22:55:03 INFO       Obstacle: [0.5, 0.0, 0.75, 0.1]
2026-05-18 22:55:03 INFO       Goal ee:  [0.39897406101226807, 0.21796053647994995, 0.6563624143600464]
2026-05-18 22:55:03 INFO       Scenarios: 500 (random start only)
2026-05-18 22:55:03 INFO       Planner: Goal + Prior + C(z) collision loss
2026-05-18 22:55:03 INFO       λ_prior=0.05, λ_collision=0.5, T=1.0
2026-05-18 22:55:03 INFO     ======================================================================

2026-05-18 22:55:12 INFO     Progress: 50/500 | Success: 66.0% | Goal: 96.0% | Collision-free: 68.0%
2026-05-18 22:55:22 INFO     Progress: 100/500 | Success: 60.0% | Goal: 91.0% | Collision-free: 63.0%
2026-05-18 22:55:29 INFO     Progress: 150/500 | Success: 60.7% | Goal: 92.7% | Collision-free: 62.7%
2026-05-18 22:55:38 INFO     Progress: 200/500 | Success: 62.0% | Goal: 92.5% | Collision-free: 63.5%
2026-05-18 22:55:47 INFO     Progress: 250/500 | Success: 62.4% | Goal: 92.4% | Collision-free: 64.0%
2026-05-18 22:55:56 INFO     Progress: 300/500 | Success: 63.0% | Goal: 93.0% | Collision-free: 64.3%
2026-05-18 22:56:05 INFO     Progress: 350/500 | Success: 62.3% | Goal: 92.9% | Collision-free: 63.4%
2026-05-18 22:56:15 INFO     Progress: 400/500 | Success: 61.0% | Goal: 92.0% | Collision-free: 62.3%
2026-05-18 22:56:23 INFO     Progress: 450/500 | Success: 60.9% | Goal: 92.4% | Collision-free: 62.0%
2026-05-18 22:56:32 INFO     Progress: 500/500 | Success: 59.6% | Goal: 92.0% | Collision-free: 60.8%
2026-05-18 22:56:32 INFO     
======================================================================
2026-05-18 22:56:32 INFO     FIXED-OBSTACLE CLASSIFIER EVALUATION RESULTS
2026-05-18 22:56:32 INFO     ======================================================================
2026-05-18 22:56:32 INFO       Method:           Collision Classifier C(z) (baseline, fixed)
2026-05-18 22:56:32 INFO       Obstacle:         [0.5, 0.0, 0.75, 0.1]
2026-05-18 22:56:32 INFO       Test Scenarios:   500
2026-05-18 22:56:32 INFO       Success Rate:     59.6%
2026-05-18 22:56:32 INFO       Goal Reached:     92.0%
2026-05-18 22:56:32 INFO       Collision-free:   60.8%
2026-05-18 22:56:32 INFO       Avg Planning Time: 88.1 ± 48.1 ms
2026-05-18 22:56:32 INFO     ======================================================================
