2026-05-18 22:40:32 INFO     Using device: cuda
2026-05-18 22:40:32 INFO     VAE loaded from /home/chandrakiran/Projects/7.RTLS_WITH_CBFS/model_params/panda_10k/model.ckpt-016000.pt
2026-05-18 22:40:32 INFO     FixedCollisionClassifier loaded (epoch 81, val_acc=98.9%)
2026-05-18 22:40:32 INFO     
======================================================================
2026-05-18 22:40:32 INFO     FIXED-OBSTACLE CLASSIFIER EVALUATION
2026-05-18 22:40:32 INFO       Obstacle: [0.5, 0.0, 0.75, 0.1]
2026-05-18 22:40:32 INFO       Goal ee:  [0.39897406101226807, 0.21796053647994995, 0.6563624143600464]
2026-05-18 22:40:32 INFO       Scenarios: 500 (random start only)
2026-05-18 22:40:32 INFO       Planner: Goal + Prior + C(z) collision loss
2026-05-18 22:40:32 INFO       λ_prior=0.005, λ_collision=10.0, T=1.0
2026-05-18 22:40:32 INFO     ======================================================================

2026-05-18 22:40:42 INFO     Progress: 50/500 | Success: 68.0% | Goal: 76.0% | Collision-free: 74.0%
2026-05-18 22:40:52 INFO     Progress: 100/500 | Success: 65.0% | Goal: 76.0% | Collision-free: 72.0%
2026-05-18 22:41:01 INFO     Progress: 150/500 | Success: 63.3% | Goal: 78.0% | Collision-free: 68.0%
2026-05-18 22:41:10 INFO     Progress: 200/500 | Success: 62.5% | Goal: 79.0% | Collision-free: 68.0%
2026-05-18 22:41:19 INFO     Progress: 250/500 | Success: 63.6% | Goal: 80.4% | Collision-free: 69.2%
2026-05-18 22:41:29 INFO     Progress: 300/500 | Success: 63.0% | Goal: 79.0% | Collision-free: 68.7%
2026-05-18 22:41:39 INFO     Progress: 350/500 | Success: 63.4% | Goal: 79.4% | Collision-free: 68.9%
2026-05-18 22:41:49 INFO     Progress: 400/500 | Success: 62.7% | Goal: 78.8% | Collision-free: 68.0%
2026-05-18 22:41:59 INFO     Progress: 450/500 | Success: 62.9% | Goal: 78.7% | Collision-free: 68.2%
2026-05-18 22:42:10 INFO     Progress: 500/500 | Success: 62.0% | Goal: 78.0% | Collision-free: 67.6%
2026-05-18 22:42:10 INFO     
======================================================================
2026-05-18 22:42:10 INFO     FIXED-OBSTACLE CLASSIFIER EVALUATION RESULTS
2026-05-18 22:42:10 INFO     ======================================================================
2026-05-18 22:42:10 INFO       Method:           Collision Classifier C(z) (baseline, fixed)
2026-05-18 22:42:10 INFO       Obstacle:         [0.5, 0.0, 0.75, 0.1]
2026-05-18 22:42:10 INFO       Test Scenarios:   500
2026-05-18 22:42:10 INFO       Success Rate:     62.0%
2026-05-18 22:42:10 INFO       Goal Reached:     78.0%
2026-05-18 22:42:10 INFO       Collision-free:   67.6%
2026-05-18 22:42:10 INFO       Avg Planning Time: 88.6 ± 46.7 ms
2026-05-18 22:42:10 INFO     ======================================================================
