2026-05-18 22:43:20 INFO     Using device: cuda
2026-05-18 22:43:20 INFO     VAE loaded from /home/chandrakiran/Projects/7.RTLS_WITH_CBFS/model_params/panda_10k/model.ckpt-016000.pt
2026-05-18 22:43:21 INFO     FixedCollisionClassifier loaded (epoch 81, val_acc=98.9%)
2026-05-18 22:43:21 INFO     
======================================================================
2026-05-18 22:43:21 INFO     FIXED-OBSTACLE CLASSIFIER EVALUATION
2026-05-18 22:43:21 INFO       Obstacle: [0.5, 0.0, 0.75, 0.1]
2026-05-18 22:43:21 INFO       Goal ee:  [0.39897406101226807, 0.21796053647994995, 0.6563624143600464]
2026-05-18 22:43:21 INFO       Scenarios: 500 (random start only)
2026-05-18 22:43:21 INFO       Planner: Goal + Prior + C(z) collision loss
2026-05-18 22:43:21 INFO       λ_prior=0.01, λ_collision=0.25, T=1.0
2026-05-18 22:43:21 INFO     ======================================================================

2026-05-18 22:43:29 INFO     Progress: 50/500 | Success: 66.0% | Goal: 90.0% | Collision-free: 68.0%
2026-05-18 22:43:37 INFO     Progress: 100/500 | Success: 62.0% | Goal: 92.0% | Collision-free: 63.0%
2026-05-18 22:43:43 INFO     Progress: 150/500 | Success: 60.0% | Goal: 91.3% | Collision-free: 60.7%
2026-05-18 22:43:51 INFO     Progress: 200/500 | Success: 60.5% | Goal: 92.0% | Collision-free: 61.5%
2026-05-18 22:43:58 INFO     Progress: 250/500 | Success: 60.4% | Goal: 92.4% | Collision-free: 61.2%
2026-05-18 22:44:05 INFO     Progress: 300/500 | Success: 59.7% | Goal: 93.0% | Collision-free: 60.3%
2026-05-18 22:44:13 INFO     Progress: 350/500 | Success: 60.0% | Goal: 93.4% | Collision-free: 60.6%
2026-05-18 22:44:22 INFO     Progress: 400/500 | Success: 58.5% | Goal: 92.8% | Collision-free: 59.0%
2026-05-18 22:44:29 INFO     Progress: 450/500 | Success: 59.1% | Goal: 92.9% | Collision-free: 60.0%
2026-05-18 22:44:37 INFO     Progress: 500/500 | Success: 58.0% | Goal: 92.4% | Collision-free: 59.2%
2026-05-18 22:44:37 INFO     
======================================================================
2026-05-18 22:44:37 INFO     FIXED-OBSTACLE CLASSIFIER EVALUATION RESULTS
2026-05-18 22:44:37 INFO     ======================================================================
2026-05-18 22:44:37 INFO       Method:           Collision Classifier C(z) (baseline, fixed)
2026-05-18 22:44:37 INFO       Obstacle:         [0.5, 0.0, 0.75, 0.1]
2026-05-18 22:44:37 INFO       Test Scenarios:   500
2026-05-18 22:44:37 INFO       Success Rate:     58.0%
2026-05-18 22:44:37 INFO       Goal Reached:     92.4%
2026-05-18 22:44:37 INFO       Collision-free:   59.2%
2026-05-18 22:44:37 INFO       Avg Planning Time: 81.6 ± 41.9 ms
2026-05-18 22:44:37 INFO     ======================================================================
