2026-05-17 12:14:17 INFO     Using device: cuda
2026-05-17 12:14:17 INFO     MultiPosBarrierNet loaded (epoch 70)
2026-05-17 12:14:17 INFO     
======================================================================
2026-05-17 12:14:17 INFO     MULTI-POSITION CBF EVALUATION
2026-05-17 12:14:17 INFO       Positions: [[0.4, -0.2], [0.5, 0.0], [0.6, 0.2], [0.5, 0.3]]
2026-05-17 12:14:17 INFO       Shape: h=0.75, r=0.1
2026-05-17 12:14:17 INFO       Goal ee: [0.39897406101226807, 0.21796053647994995, 0.6563624143600464]
2026-05-17 12:14:17 INFO       Scenarios: 500
2026-05-17 12:14:17 INFO       CBF: α=0.55, Δt=1.0
2026-05-17 12:14:17 INFO     ======================================================================

2026-05-17 12:14:24 INFO     Progress: 50/500 | Success: 76.0% | Goal: 100.0% | CF: 76.0%
2026-05-17 12:14:30 INFO     Progress: 100/500 | Success: 71.0% | Goal: 98.0% | CF: 73.0%
2026-05-17 12:14:36 INFO     Progress: 150/500 | Success: 70.0% | Goal: 98.7% | CF: 71.3%
2026-05-17 12:14:44 INFO     Progress: 200/500 | Success: 70.5% | Goal: 96.5% | CF: 72.5%
2026-05-17 12:14:51 INFO     Progress: 250/500 | Success: 68.0% | Goal: 96.0% | CF: 70.8%
2026-05-17 12:14:56 INFO     Progress: 300/500 | Success: 69.3% | Goal: 96.7% | CF: 71.7%
2026-05-17 12:15:04 INFO     Progress: 350/500 | Success: 69.7% | Goal: 96.9% | CF: 71.7%
2026-05-17 12:15:11 INFO     Progress: 400/500 | Success: 68.5% | Goal: 96.8% | CF: 70.8%
2026-05-17 12:15:18 INFO     Progress: 450/500 | Success: 68.9% | Goal: 96.4% | CF: 71.1%
2026-05-17 12:15:25 INFO     Progress: 500/500 | Success: 68.2% | Goal: 96.6% | CF: 70.4%
2026-05-17 12:15:25 INFO     
======================================================================
2026-05-17 12:15:25 INFO     MULTI-POSITION CBF EVALUATION RESULTS
2026-05-17 12:15:25 INFO     ======================================================================
2026-05-17 12:15:25 INFO       Overall (500 scenarios):
2026-05-17 12:15:25 INFO         Success Rate:    68.2%
2026-05-17 12:15:25 INFO         Goal Reached:    96.6%
2026-05-17 12:15:25 INFO         Collision-free:  70.4%
2026-05-17 12:15:25 INFO     
  Per-position breakdown:
2026-05-17 12:15:25 INFO         Obs (0.4, -0.2): Success=73.6% Goal=99.2% CF=73.6% (n=125)
2026-05-17 12:15:25 INFO         Obs (0.5, 0.0): Success=58.4% Goal=94.4% CF=60.8% (n=125)
2026-05-17 12:15:25 INFO         Obs (0.6, 0.2): Success=79.2% Goal=99.2% CF=80.0% (n=125)
2026-05-17 12:15:25 INFO         Obs (0.5, 0.3): Success=61.6% Goal=93.6% CF=67.2% (n=125)
2026-05-17 12:15:25 INFO     ======================================================================
