2026-05-17 12:17:45 INFO     Using device: cuda
2026-05-17 12:17:46 INFO     MultiPosBarrierNet loaded (epoch 70)
2026-05-17 12:17:46 INFO     
======================================================================
2026-05-17 12:17:46 INFO     MULTI-POSITION CBF EVALUATION
2026-05-17 12:17:46 INFO       Positions: [[0.4, -0.2], [0.5, 0.0], [0.6, 0.2], [0.5, 0.3]]
2026-05-17 12:17:46 INFO       Shape: h=0.75, r=0.1
2026-05-17 12:17:46 INFO       Goal ee: [0.39897406101226807, 0.21796053647994995, 0.6563624143600464]
2026-05-17 12:17:46 INFO       Scenarios: 500
2026-05-17 12:17:46 INFO       CBF: α=0.7, Δt=1.0
2026-05-17 12:17:46 INFO     ======================================================================

2026-05-17 12:17:52 INFO     Progress: 50/500 | Success: 72.0% | Goal: 100.0% | CF: 72.0%
2026-05-17 12:17:58 INFO     Progress: 100/500 | Success: 63.0% | Goal: 100.0% | CF: 63.0%
2026-05-17 12:18:05 INFO     Progress: 150/500 | Success: 62.7% | Goal: 100.0% | CF: 62.7%
2026-05-17 12:18:12 INFO     Progress: 200/500 | Success: 62.5% | Goal: 97.5% | CF: 63.0%
2026-05-17 12:18:19 INFO     Progress: 250/500 | Success: 62.0% | Goal: 97.2% | CF: 62.4%
2026-05-17 12:18:26 INFO     Progress: 300/500 | Success: 64.0% | Goal: 97.3% | CF: 64.3%
2026-05-17 12:18:32 INFO     Progress: 350/500 | Success: 64.3% | Goal: 97.4% | CF: 64.6%
2026-05-17 12:18:39 INFO     Progress: 400/500 | Success: 64.0% | Goal: 97.5% | CF: 64.5%
2026-05-17 12:18:46 INFO     Progress: 450/500 | Success: 64.4% | Goal: 97.6% | CF: 64.9%
2026-05-17 12:18:52 INFO     Progress: 500/500 | Success: 64.4% | Goal: 97.6% | CF: 65.0%
2026-05-17 12:18:52 INFO     
======================================================================
2026-05-17 12:18:52 INFO     MULTI-POSITION CBF EVALUATION RESULTS
2026-05-17 12:18:52 INFO     ======================================================================
2026-05-17 12:18:52 INFO       Overall (500 scenarios):
2026-05-17 12:18:52 INFO         Success Rate:    64.4%
2026-05-17 12:18:52 INFO         Goal Reached:    97.6%
2026-05-17 12:18:52 INFO         Collision-free:  65.0%
2026-05-17 12:18:52 INFO     
  Per-position breakdown:
2026-05-17 12:18:52 INFO         Obs (0.4, -0.2): Success=72.0% Goal=99.2% CF=72.8% (n=125)
2026-05-17 12:18:52 INFO         Obs (0.5, 0.0): Success=56.0% Goal=95.2% CF=56.8% (n=125)
2026-05-17 12:18:52 INFO         Obs (0.6, 0.2): Success=71.2% Goal=100.0% CF=71.2% (n=125)
2026-05-17 12:18:52 INFO         Obs (0.5, 0.3): Success=58.4% Goal=96.0% CF=59.2% (n=125)
2026-05-17 12:18:52 INFO     ======================================================================
