2026-05-17 12:10:45 INFO     Using device: cuda
2026-05-17 12:10:46 INFO     MultiPosBarrierNet loaded (epoch 70)
2026-05-17 12:10:46 INFO     
======================================================================
2026-05-17 12:10:46 INFO     MULTI-POSITION CBF EVALUATION
2026-05-17 12:10:46 INFO       Positions: [[0.4, -0.2], [0.5, 0.0], [0.6, 0.2], [0.5, 0.3]]
2026-05-17 12:10:46 INFO       Shape: h=0.75, r=0.1
2026-05-17 12:10:46 INFO       Goal ee: [0.39897406101226807, 0.21796053647994995, 0.6563624143600464]
2026-05-17 12:10:46 INFO       Scenarios: 500
2026-05-17 12:10:46 INFO       CBF: α=0.4, Δt=1.0
2026-05-17 12:10:46 INFO     ======================================================================

2026-05-17 12:10:52 INFO     Progress: 50/500 | Success: 82.0% | Goal: 100.0% | CF: 82.0%
2026-05-17 12:10:59 INFO     Progress: 100/500 | Success: 80.0% | Goal: 100.0% | CF: 80.0%
2026-05-17 12:11:05 INFO     Progress: 150/500 | Success: 76.7% | Goal: 99.3% | CF: 77.3%
2026-05-17 12:11:12 INFO     Progress: 200/500 | Success: 76.0% | Goal: 97.0% | CF: 78.0%
2026-05-17 12:11:20 INFO     Progress: 250/500 | Success: 75.2% | Goal: 96.8% | CF: 77.2%
2026-05-17 12:11:26 INFO     Progress: 300/500 | Success: 76.0% | Goal: 96.7% | CF: 78.3%
2026-05-17 12:11:34 INFO     Progress: 350/500 | Success: 76.3% | Goal: 96.3% | CF: 78.3%
2026-05-17 12:11:41 INFO     Progress: 400/500 | Success: 75.2% | Goal: 96.0% | CF: 77.5%
2026-05-17 12:11:49 INFO     Progress: 450/500 | Success: 75.6% | Goal: 96.0% | CF: 77.8%
2026-05-17 12:11:55 INFO     Progress: 500/500 | Success: 75.0% | Goal: 96.2% | CF: 77.2%
2026-05-17 12:11:55 INFO     
======================================================================
2026-05-17 12:11:55 INFO     MULTI-POSITION CBF EVALUATION RESULTS
2026-05-17 12:11:55 INFO     ======================================================================
2026-05-17 12:11:55 INFO       Overall (500 scenarios):
2026-05-17 12:11:55 INFO         Success Rate:    75.0%
2026-05-17 12:11:55 INFO         Goal Reached:    96.2%
2026-05-17 12:11:55 INFO         Collision-free:  77.2%
2026-05-17 12:11:55 INFO     
  Per-position breakdown:
2026-05-17 12:11:55 INFO         Obs (0.4, -0.2): Success=76.8% Goal=97.6% CF=77.6% (n=125)
2026-05-17 12:11:55 INFO         Obs (0.5, 0.0): Success=63.2% Goal=92.8% CF=66.4% (n=125)
2026-05-17 12:11:55 INFO         Obs (0.6, 0.2): Success=86.4% Goal=100.0% CF=86.4% (n=125)
2026-05-17 12:11:55 INFO         Obs (0.5, 0.3): Success=73.6% Goal=94.4% CF=78.4% (n=125)
2026-05-17 12:11:55 INFO     ======================================================================
