2026-05-17 12:09:34 INFO     Using device: cuda
2026-05-17 12:09:35 INFO     MultiPosBarrierNet loaded (epoch 70)
2026-05-17 12:09:35 INFO     
======================================================================
2026-05-17 12:09:35 INFO     MULTI-POSITION CBF EVALUATION
2026-05-17 12:09:35 INFO       Positions: [[0.4, -0.2], [0.5, 0.0], [0.6, 0.2], [0.5, 0.3]]
2026-05-17 12:09:35 INFO       Shape: h=0.75, r=0.1
2026-05-17 12:09:35 INFO       Goal ee: [0.39897406101226807, 0.21796053647994995, 0.6563624143600464]
2026-05-17 12:09:35 INFO       Scenarios: 500
2026-05-17 12:09:35 INFO       CBF: α=0.35, Δt=1.0
2026-05-17 12:09:35 INFO     ======================================================================

2026-05-17 12:09:41 INFO     Progress: 50/500 | Success: 82.0% | Goal: 98.0% | CF: 84.0%
2026-05-17 12:09:48 INFO     Progress: 100/500 | Success: 80.0% | Goal: 97.0% | CF: 81.0%
2026-05-17 12:09:54 INFO     Progress: 150/500 | Success: 79.3% | Goal: 98.0% | CF: 80.0%
2026-05-17 12:10:01 INFO     Progress: 200/500 | Success: 77.0% | Goal: 96.0% | CF: 79.5%
2026-05-17 12:10:09 INFO     Progress: 250/500 | Success: 76.8% | Goal: 96.0% | CF: 79.2%
2026-05-17 12:10:15 INFO     Progress: 300/500 | Success: 77.7% | Goal: 96.3% | CF: 80.0%
2026-05-17 12:10:22 INFO     Progress: 350/500 | Success: 78.0% | Goal: 96.9% | CF: 80.0%
2026-05-17 12:10:29 INFO     Progress: 400/500 | Success: 77.8% | Goal: 96.8% | CF: 80.0%
2026-05-17 12:10:37 INFO     Progress: 450/500 | Success: 77.8% | Goal: 96.4% | CF: 80.0%
2026-05-17 12:10:44 INFO     Progress: 500/500 | Success: 77.4% | Goal: 96.6% | CF: 79.6%
2026-05-17 12:10:44 INFO     
======================================================================
2026-05-17 12:10:44 INFO     MULTI-POSITION CBF EVALUATION RESULTS
2026-05-17 12:10:44 INFO     ======================================================================
2026-05-17 12:10:44 INFO       Overall (500 scenarios):
2026-05-17 12:10:44 INFO         Success Rate:    77.4%
2026-05-17 12:10:44 INFO         Goal Reached:    96.6%
2026-05-17 12:10:44 INFO         Collision-free:  79.6%
2026-05-17 12:10:44 INFO     
  Per-position breakdown:
2026-05-17 12:10:44 INFO         Obs (0.4, -0.2): Success=77.6% Goal=99.2% CF=78.4% (n=125)
2026-05-17 12:10:44 INFO         Obs (0.5, 0.0): Success=69.6% Goal=94.4% CF=72.0% (n=125)
2026-05-17 12:10:44 INFO         Obs (0.6, 0.2): Success=88.0% Goal=100.0% CF=88.0% (n=125)
2026-05-17 12:10:44 INFO         Obs (0.5, 0.3): Success=74.4% Goal=92.8% CF=80.0% (n=125)
2026-05-17 12:10:44 INFO     ======================================================================
