2026-05-17 12:03:12 INFO     Using device: cuda
2026-05-17 12:03:13 INFO     MultiPosBarrierNet loaded (epoch 70)
2026-05-17 12:03:13 INFO     
======================================================================
2026-05-17 12:03:13 INFO     MULTI-POSITION CBF EVALUATION
2026-05-17 12:03:13 INFO       Positions: [[0.4, -0.2], [0.5, 0.0], [0.6, 0.2], [0.5, 0.3]]
2026-05-17 12:03:13 INFO       Shape: h=0.75, r=0.1
2026-05-17 12:03:13 INFO       Goal ee: [0.39897406101226807, 0.21796053647994995, 0.6563624143600464]
2026-05-17 12:03:13 INFO       Scenarios: 500
2026-05-17 12:03:13 INFO       CBF: α=0.1, Δt=1.0
2026-05-17 12:03:13 INFO     ======================================================================

2026-05-17 12:03:20 INFO     Progress: 50/500 | Success: 96.0% | Goal: 98.0% | CF: 98.0%
2026-05-17 12:03:27 INFO     Progress: 100/500 | Success: 90.0% | Goal: 97.0% | CF: 93.0%
2026-05-17 12:03:35 INFO     Progress: 150/500 | Success: 86.7% | Goal: 96.0% | CF: 90.0%
2026-05-17 12:03:42 INFO     Progress: 200/500 | Success: 85.5% | Goal: 95.5% | CF: 89.5%
2026-05-17 12:03:51 INFO     Progress: 250/500 | Success: 86.0% | Goal: 94.8% | CF: 90.8%
2026-05-17 12:03:58 INFO     Progress: 300/500 | Success: 86.0% | Goal: 95.3% | CF: 90.3%
2026-05-17 12:04:06 INFO     Progress: 350/500 | Success: 85.4% | Goal: 95.1% | CF: 90.0%
2026-05-17 12:04:15 INFO     Progress: 400/500 | Success: 84.2% | Goal: 94.8% | CF: 89.2%
2026-05-17 12:04:23 INFO     Progress: 450/500 | Success: 83.8% | Goal: 94.0% | CF: 89.3%
2026-05-17 12:04:32 INFO     Progress: 500/500 | Success: 83.8% | Goal: 93.6% | CF: 89.8%
2026-05-17 12:04:32 INFO     
======================================================================
2026-05-17 12:04:32 INFO     MULTI-POSITION CBF EVALUATION RESULTS
2026-05-17 12:04:32 INFO     ======================================================================
2026-05-17 12:04:32 INFO       Overall (500 scenarios):
2026-05-17 12:04:32 INFO         Success Rate:    83.8%
2026-05-17 12:04:32 INFO         Goal Reached:    93.6%
2026-05-17 12:04:32 INFO         Collision-free:  89.8%
2026-05-17 12:04:32 INFO     
  Per-position breakdown:
2026-05-17 12:04:32 INFO         Obs (0.4, -0.2): Success=81.6% Goal=98.4% CF=83.2% (n=125)
2026-05-17 12:04:32 INFO         Obs (0.5, 0.0): Success=73.6% Goal=86.4% CF=86.4% (n=125)
2026-05-17 12:04:32 INFO         Obs (0.6, 0.2): Success=93.6% Goal=98.4% CF=95.2% (n=125)
2026-05-17 12:04:32 INFO         Obs (0.5, 0.3): Success=86.4% Goal=91.2% CF=94.4% (n=125)
2026-05-17 12:04:32 INFO     ======================================================================
