2026-05-17 12:08:20 INFO     Using device: cuda
2026-05-17 12:08:20 INFO     MultiPosBarrierNet loaded (epoch 70)
2026-05-17 12:08:20 INFO     
======================================================================
2026-05-17 12:08:20 INFO     MULTI-POSITION CBF EVALUATION
2026-05-17 12:08:20 INFO       Positions: [[0.4, -0.2], [0.5, 0.0], [0.6, 0.2], [0.5, 0.3]]
2026-05-17 12:08:20 INFO       Shape: h=0.75, r=0.1
2026-05-17 12:08:20 INFO       Goal ee: [0.39897406101226807, 0.21796053647994995, 0.6563624143600464]
2026-05-17 12:08:20 INFO       Scenarios: 500
2026-05-17 12:08:20 INFO       CBF: α=0.3, Δt=1.0
2026-05-17 12:08:20 INFO     ======================================================================

2026-05-17 12:08:27 INFO     Progress: 50/500 | Success: 88.0% | Goal: 98.0% | CF: 90.0%
2026-05-17 12:08:33 INFO     Progress: 100/500 | Success: 85.0% | Goal: 99.0% | CF: 86.0%
2026-05-17 12:08:40 INFO     Progress: 150/500 | Success: 83.3% | Goal: 99.3% | CF: 84.0%
2026-05-17 12:08:47 INFO     Progress: 200/500 | Success: 81.5% | Goal: 97.5% | CF: 83.5%
2026-05-17 12:08:56 INFO     Progress: 250/500 | Success: 81.6% | Goal: 96.4% | CF: 84.4%
2026-05-17 12:09:02 INFO     Progress: 300/500 | Success: 81.3% | Goal: 96.3% | CF: 84.3%
2026-05-17 12:09:09 INFO     Progress: 350/500 | Success: 81.1% | Goal: 96.6% | CF: 83.7%
2026-05-17 12:09:17 INFO     Progress: 400/500 | Success: 80.0% | Goal: 96.5% | CF: 82.8%
2026-05-17 12:09:25 INFO     Progress: 450/500 | Success: 80.0% | Goal: 96.0% | CF: 82.7%
2026-05-17 12:09:33 INFO     Progress: 500/500 | Success: 79.6% | Goal: 96.0% | CF: 82.4%
2026-05-17 12:09:33 INFO     
======================================================================
2026-05-17 12:09:33 INFO     MULTI-POSITION CBF EVALUATION RESULTS
2026-05-17 12:09:33 INFO     ======================================================================
2026-05-17 12:09:33 INFO       Overall (500 scenarios):
2026-05-17 12:09:33 INFO         Success Rate:    79.6%
2026-05-17 12:09:33 INFO         Goal Reached:    96.0%
2026-05-17 12:09:33 INFO         Collision-free:  82.4%
2026-05-17 12:09:33 INFO     
  Per-position breakdown:
2026-05-17 12:09:33 INFO         Obs (0.4, -0.2): Success=77.6% Goal=99.2% CF=78.4% (n=125)
2026-05-17 12:09:33 INFO         Obs (0.5, 0.0): Success=72.8% Goal=92.0% CF=76.8% (n=125)
2026-05-17 12:09:33 INFO         Obs (0.6, 0.2): Success=88.0% Goal=100.0% CF=88.0% (n=125)
2026-05-17 12:09:33 INFO         Obs (0.5, 0.3): Success=80.0% Goal=92.8% CF=86.4% (n=125)
2026-05-17 12:09:33 INFO     ======================================================================
