2026-05-17 11:58:10 INFO     Using device: cuda
2026-05-17 11:58:10 INFO     MultiPosBarrierNet loaded (epoch 70)
2026-05-17 11:58:10 INFO     
======================================================================
2026-05-17 11:58:10 INFO     MULTI-POSITION CBF EVALUATION
2026-05-17 11:58:10 INFO       Positions: [[0.4, -0.2], [0.5, 0.0], [0.6, 0.2], [0.5, 0.3]]
2026-05-17 11:58:10 INFO       Shape: h=0.75, r=0.1
2026-05-17 11:58:10 INFO       Goal ee: [0.39897406101226807, 0.21796053647994995, 0.6563624143600464]
2026-05-17 11:58:10 INFO       Scenarios: 500
2026-05-17 11:58:10 INFO       CBF: α=0.0, Δt=1.0
2026-05-17 11:58:10 INFO     ======================================================================

2026-05-17 11:58:31 INFO     Progress: 50/500 | Success: 46.0% | Goal: 48.0% | CF: 98.0%
2026-05-17 11:58:50 INFO     Progress: 100/500 | Success: 44.0% | Goal: 50.0% | CF: 94.0%
2026-05-17 11:59:11 INFO     Progress: 150/500 | Success: 40.0% | Goal: 47.3% | CF: 92.0%
2026-05-17 11:59:32 INFO     Progress: 200/500 | Success: 37.0% | Goal: 46.0% | CF: 90.5%
2026-05-17 11:59:53 INFO     Progress: 250/500 | Success: 36.0% | Goal: 44.0% | CF: 91.6%
2026-05-17 12:00:14 INFO     Progress: 300/500 | Success: 35.0% | Goal: 43.7% | CF: 91.0%
2026-05-17 12:00:33 INFO     Progress: 350/500 | Success: 34.9% | Goal: 43.7% | CF: 90.9%
2026-05-17 12:00:53 INFO     Progress: 400/500 | Success: 34.8% | Goal: 44.0% | CF: 90.2%
2026-05-17 12:01:13 INFO     Progress: 450/500 | Success: 35.3% | Goal: 44.4% | CF: 90.2%
2026-05-17 12:01:33 INFO     Progress: 500/500 | Success: 36.6% | Goal: 45.2% | CF: 90.8%
2026-05-17 12:01:33 INFO     
======================================================================
2026-05-17 12:01:33 INFO     MULTI-POSITION CBF EVALUATION RESULTS
2026-05-17 12:01:33 INFO     ======================================================================
2026-05-17 12:01:33 INFO       Overall (500 scenarios):
2026-05-17 12:01:33 INFO         Success Rate:    36.6%
2026-05-17 12:01:33 INFO         Goal Reached:    45.2%
2026-05-17 12:01:33 INFO         Collision-free:  90.8%
2026-05-17 12:01:33 INFO     
  Per-position breakdown:
2026-05-17 12:01:33 INFO         Obs (0.4, -0.2): Success=64.8% Goal=83.2% CF=81.6% (n=125)
2026-05-17 12:01:33 INFO         Obs (0.5, 0.0): Success=42.4% Goal=51.2% CF=90.4% (n=125)
2026-05-17 12:01:33 INFO         Obs (0.6, 0.2): Success=29.6% Goal=33.6% CF=95.2% (n=125)
2026-05-17 12:01:33 INFO         Obs (0.5, 0.3): Success=9.6% Goal=12.8% CF=96.0% (n=125)
2026-05-17 12:01:33 INFO     ======================================================================
