2026-05-17 12:24:25 INFO     Using device: cuda
2026-05-17 12:24:26 INFO     MultiPosBarrierNet loaded (epoch 70)
2026-05-17 12:24:26 INFO     
======================================================================
2026-05-17 12:24:26 INFO     MULTI-POSITION CBF EVALUATION
2026-05-17 12:24:26 INFO       Positions: [[0.4, -0.2], [0.5, 0.0], [0.6, 0.2], [0.5, 0.3]]
2026-05-17 12:24:26 INFO       Shape: h=0.75, r=0.1
2026-05-17 12:24:26 INFO       Goal ee: [0.39897406101226807, 0.21796053647994995, 0.6563624143600464]
2026-05-17 12:24:26 INFO       Scenarios: 500
2026-05-17 12:24:26 INFO       CBF: α=1.0, Δt=1.0
2026-05-17 12:24:26 INFO     ======================================================================

2026-05-17 12:24:32 INFO     Progress: 50/500 | Success: 62.0% | Goal: 98.0% | CF: 62.0%
2026-05-17 12:24:38 INFO     Progress: 100/500 | Success: 55.0% | Goal: 99.0% | CF: 55.0%
2026-05-17 12:24:44 INFO     Progress: 150/500 | Success: 56.0% | Goal: 98.7% | CF: 56.7%
2026-05-17 12:24:51 INFO     Progress: 200/500 | Success: 55.0% | Goal: 98.5% | CF: 55.5%
2026-05-17 12:24:58 INFO     Progress: 250/500 | Success: 54.4% | Goal: 98.4% | CF: 55.2%
2026-05-17 12:25:04 INFO     Progress: 300/500 | Success: 55.3% | Goal: 98.3% | CF: 56.0%
2026-05-17 12:25:10 INFO     Progress: 350/500 | Success: 56.3% | Goal: 98.6% | CF: 56.9%
2026-05-17 12:25:16 INFO     Progress: 400/500 | Success: 56.5% | Goal: 98.5% | CF: 57.2%
2026-05-17 12:25:23 INFO     Progress: 450/500 | Success: 57.1% | Goal: 98.4% | CF: 57.8%
2026-05-17 12:25:29 INFO     Progress: 500/500 | Success: 56.6% | Goal: 98.4% | CF: 57.4%
2026-05-17 12:25:29 INFO     
======================================================================
2026-05-17 12:25:29 INFO     MULTI-POSITION CBF EVALUATION RESULTS
2026-05-17 12:25:29 INFO     ======================================================================
2026-05-17 12:25:29 INFO       Overall (500 scenarios):
2026-05-17 12:25:29 INFO         Success Rate:    56.6%
2026-05-17 12:25:29 INFO         Goal Reached:    98.4%
2026-05-17 12:25:29 INFO         Collision-free:  57.4%
2026-05-17 12:25:29 INFO     
  Per-position breakdown:
2026-05-17 12:25:29 INFO         Obs (0.4, -0.2): Success=70.4% Goal=100.0% CF=70.4% (n=125)
2026-05-17 12:25:29 INFO         Obs (0.5, 0.0): Success=52.0% Goal=97.6% CF=52.8% (n=125)
2026-05-17 12:25:29 INFO         Obs (0.6, 0.2): Success=59.2% Goal=99.2% CF=59.2% (n=125)
2026-05-17 12:25:29 INFO         Obs (0.5, 0.3): Success=44.8% Goal=96.8% CF=47.2% (n=125)
2026-05-17 12:25:29 INFO     ======================================================================
