2026-05-17 12:15:26 INFO     Using device: cuda
2026-05-17 12:15:27 INFO     MultiPosBarrierNet loaded (epoch 70)
2026-05-17 12:15:27 INFO     
======================================================================
2026-05-17 12:15:27 INFO     MULTI-POSITION CBF EVALUATION
2026-05-17 12:15:27 INFO       Positions: [[0.4, -0.2], [0.5, 0.0], [0.6, 0.2], [0.5, 0.3]]
2026-05-17 12:15:27 INFO       Shape: h=0.75, r=0.1
2026-05-17 12:15:27 INFO       Goal ee: [0.39897406101226807, 0.21796053647994995, 0.6563624143600464]
2026-05-17 12:15:27 INFO       Scenarios: 500
2026-05-17 12:15:27 INFO       CBF: α=0.6, Δt=1.0
2026-05-17 12:15:27 INFO     ======================================================================

2026-05-17 12:15:33 INFO     Progress: 50/500 | Success: 72.0% | Goal: 100.0% | CF: 72.0%
2026-05-17 12:15:40 INFO     Progress: 100/500 | Success: 66.0% | Goal: 99.0% | CF: 67.0%
2026-05-17 12:15:46 INFO     Progress: 150/500 | Success: 66.0% | Goal: 99.3% | CF: 66.7%
2026-05-17 12:15:53 INFO     Progress: 200/500 | Success: 66.5% | Goal: 97.5% | CF: 68.0%
2026-05-17 12:16:01 INFO     Progress: 250/500 | Success: 65.6% | Goal: 96.4% | CF: 67.6%
2026-05-17 12:16:07 INFO     Progress: 300/500 | Success: 67.0% | Goal: 96.7% | CF: 68.7%
2026-05-17 12:16:14 INFO     Progress: 350/500 | Success: 66.9% | Goal: 96.9% | CF: 68.3%
2026-05-17 12:16:21 INFO     Progress: 400/500 | Success: 66.2% | Goal: 96.8% | CF: 68.0%
2026-05-17 12:16:28 INFO     Progress: 450/500 | Success: 66.9% | Goal: 96.4% | CF: 68.4%
2026-05-17 12:16:34 INFO     Progress: 500/500 | Success: 67.2% | Goal: 96.6% | CF: 68.8%
2026-05-17 12:16:34 INFO     
======================================================================
2026-05-17 12:16:34 INFO     MULTI-POSITION CBF EVALUATION RESULTS
2026-05-17 12:16:34 INFO     ======================================================================
2026-05-17 12:16:34 INFO       Overall (500 scenarios):
2026-05-17 12:16:34 INFO         Success Rate:    67.2%
2026-05-17 12:16:34 INFO         Goal Reached:    96.6%
2026-05-17 12:16:34 INFO         Collision-free:  68.8%
2026-05-17 12:16:34 INFO     
  Per-position breakdown:
2026-05-17 12:16:34 INFO         Obs (0.4, -0.2): Success=74.4% Goal=99.2% CF=75.2% (n=125)
2026-05-17 12:16:34 INFO         Obs (0.5, 0.0): Success=56.8% Goal=94.4% CF=57.6% (n=125)
2026-05-17 12:16:34 INFO         Obs (0.6, 0.2): Success=73.6% Goal=99.2% CF=74.4% (n=125)
2026-05-17 12:16:34 INFO         Obs (0.5, 0.3): Success=64.0% Goal=93.6% CF=68.0% (n=125)
2026-05-17 12:16:34 INFO     ======================================================================
