2026-05-17 12:23:20 INFO     Using device: cuda
2026-05-17 12:23:21 INFO     MultiPosBarrierNet loaded (epoch 70)
2026-05-17 12:23:21 INFO     
======================================================================
2026-05-17 12:23:21 INFO     MULTI-POSITION CBF EVALUATION
2026-05-17 12:23:21 INFO       Positions: [[0.4, -0.2], [0.5, 0.0], [0.6, 0.2], [0.5, 0.3]]
2026-05-17 12:23:21 INFO       Shape: h=0.75, r=0.1
2026-05-17 12:23:21 INFO       Goal ee: [0.39897406101226807, 0.21796053647994995, 0.6563624143600464]
2026-05-17 12:23:21 INFO       Scenarios: 500
2026-05-17 12:23:21 INFO       CBF: α=0.95, Δt=1.0
2026-05-17 12:23:21 INFO     ======================================================================

2026-05-17 12:23:27 INFO     Progress: 50/500 | Success: 64.0% | Goal: 100.0% | CF: 64.0%
2026-05-17 12:23:33 INFO     Progress: 100/500 | Success: 56.0% | Goal: 99.0% | CF: 56.0%
2026-05-17 12:23:38 INFO     Progress: 150/500 | Success: 55.3% | Goal: 98.7% | CF: 56.0%
2026-05-17 12:23:44 INFO     Progress: 200/500 | Success: 56.0% | Goal: 98.5% | CF: 56.5%
2026-05-17 12:23:53 INFO     Progress: 250/500 | Success: 54.8% | Goal: 97.6% | CF: 55.6%
2026-05-17 12:23:58 INFO     Progress: 300/500 | Success: 55.3% | Goal: 97.3% | CF: 56.7%
2026-05-17 12:24:05 INFO     Progress: 350/500 | Success: 56.3% | Goal: 97.7% | CF: 57.4%
2026-05-17 12:24:11 INFO     Progress: 400/500 | Success: 56.2% | Goal: 97.5% | CF: 57.5%
2026-05-17 12:24:17 INFO     Progress: 450/500 | Success: 56.9% | Goal: 97.6% | CF: 58.0%
2026-05-17 12:24:24 INFO     Progress: 500/500 | Success: 56.6% | Goal: 97.6% | CF: 57.8%
2026-05-17 12:24:24 INFO     
======================================================================
2026-05-17 12:24:24 INFO     MULTI-POSITION CBF EVALUATION RESULTS
2026-05-17 12:24:24 INFO     ======================================================================
2026-05-17 12:24:24 INFO       Overall (500 scenarios):
2026-05-17 12:24:24 INFO         Success Rate:    56.6%
2026-05-17 12:24:24 INFO         Goal Reached:    97.6%
2026-05-17 12:24:24 INFO         Collision-free:  57.8%
2026-05-17 12:24:24 INFO     
  Per-position breakdown:
2026-05-17 12:24:24 INFO         Obs (0.4, -0.2): Success=69.6% Goal=99.2% CF=69.6% (n=125)
2026-05-17 12:24:24 INFO         Obs (0.5, 0.0): Success=48.8% Goal=99.2% CF=49.6% (n=125)
2026-05-17 12:24:24 INFO         Obs (0.6, 0.2): Success=63.2% Goal=98.4% CF=63.2% (n=125)
2026-05-17 12:24:24 INFO         Obs (0.5, 0.3): Success=44.8% Goal=93.6% CF=48.8% (n=125)
2026-05-17 12:24:24 INFO     ======================================================================
