2026-05-17 12:20:01 INFO     Using device: cuda
2026-05-17 12:20:01 INFO     MultiPosBarrierNet loaded (epoch 70)
2026-05-17 12:20:01 INFO     
======================================================================
2026-05-17 12:20:01 INFO     MULTI-POSITION CBF EVALUATION
2026-05-17 12:20:01 INFO       Positions: [[0.4, -0.2], [0.5, 0.0], [0.6, 0.2], [0.5, 0.3]]
2026-05-17 12:20:01 INFO       Shape: h=0.75, r=0.1
2026-05-17 12:20:01 INFO       Goal ee: [0.39897406101226807, 0.21796053647994995, 0.6563624143600464]
2026-05-17 12:20:01 INFO       Scenarios: 500
2026-05-17 12:20:01 INFO       CBF: α=0.8, Δt=1.0
2026-05-17 12:20:01 INFO     ======================================================================

2026-05-17 12:20:07 INFO     Progress: 50/500 | Success: 72.0% | Goal: 100.0% | CF: 72.0%
2026-05-17 12:20:14 INFO     Progress: 100/500 | Success: 62.0% | Goal: 99.0% | CF: 62.0%
2026-05-17 12:20:20 INFO     Progress: 150/500 | Success: 60.0% | Goal: 98.7% | CF: 60.7%
2026-05-17 12:20:27 INFO     Progress: 200/500 | Success: 60.5% | Goal: 97.0% | CF: 62.0%
2026-05-17 12:20:35 INFO     Progress: 250/500 | Success: 58.8% | Goal: 96.8% | CF: 60.4%
2026-05-17 12:20:41 INFO     Progress: 300/500 | Success: 59.7% | Goal: 97.0% | CF: 61.3%
2026-05-17 12:20:48 INFO     Progress: 350/500 | Success: 61.1% | Goal: 97.1% | CF: 62.9%
2026-05-17 12:20:55 INFO     Progress: 400/500 | Success: 61.3% | Goal: 97.0% | CF: 63.0%
2026-05-17 12:21:00 INFO     Progress: 450/500 | Success: 61.8% | Goal: 97.1% | CF: 63.3%
2026-05-17 12:21:07 INFO     Progress: 500/500 | Success: 61.2% | Goal: 97.2% | CF: 62.8%
2026-05-17 12:21:07 INFO     
======================================================================
2026-05-17 12:21:07 INFO     MULTI-POSITION CBF EVALUATION RESULTS
2026-05-17 12:21:07 INFO     ======================================================================
2026-05-17 12:21:07 INFO       Overall (500 scenarios):
2026-05-17 12:21:07 INFO         Success Rate:    61.2%
2026-05-17 12:21:07 INFO         Goal Reached:    97.2%
2026-05-17 12:21:07 INFO         Collision-free:  62.8%
2026-05-17 12:21:07 INFO     
  Per-position breakdown:
2026-05-17 12:21:07 INFO         Obs (0.4, -0.2): Success=72.0% Goal=99.2% CF=72.8% (n=125)
2026-05-17 12:21:07 INFO         Obs (0.5, 0.0): Success=52.8% Goal=98.4% CF=53.6% (n=125)
2026-05-17 12:21:07 INFO         Obs (0.6, 0.2): Success=71.2% Goal=100.0% CF=71.2% (n=125)
2026-05-17 12:21:07 INFO         Obs (0.5, 0.3): Success=48.8% Goal=91.2% CF=53.6% (n=125)
2026-05-17 12:21:07 INFO     ======================================================================
