2026-05-17 12:18:53 INFO     Using device: cuda
2026-05-17 12:18:54 INFO     MultiPosBarrierNet loaded (epoch 70)
2026-05-17 12:18:54 INFO     
======================================================================
2026-05-17 12:18:54 INFO     MULTI-POSITION CBF EVALUATION
2026-05-17 12:18:54 INFO       Positions: [[0.4, -0.2], [0.5, 0.0], [0.6, 0.2], [0.5, 0.3]]
2026-05-17 12:18:54 INFO       Shape: h=0.75, r=0.1
2026-05-17 12:18:54 INFO       Goal ee: [0.39897406101226807, 0.21796053647994995, 0.6563624143600464]
2026-05-17 12:18:54 INFO       Scenarios: 500
2026-05-17 12:18:54 INFO       CBF: α=0.75, Δt=1.0
2026-05-17 12:18:54 INFO     ======================================================================

2026-05-17 12:19:00 INFO     Progress: 50/500 | Success: 70.0% | Goal: 100.0% | CF: 70.0%
2026-05-17 12:19:06 INFO     Progress: 100/500 | Success: 62.0% | Goal: 100.0% | CF: 62.0%
2026-05-17 12:19:12 INFO     Progress: 150/500 | Success: 60.7% | Goal: 98.7% | CF: 61.3%
2026-05-17 12:19:20 INFO     Progress: 200/500 | Success: 61.0% | Goal: 96.5% | CF: 62.0%
2026-05-17 12:19:28 INFO     Progress: 250/500 | Success: 60.4% | Goal: 96.4% | CF: 61.2%
2026-05-17 12:19:33 INFO     Progress: 300/500 | Success: 62.7% | Goal: 97.0% | CF: 63.3%
2026-05-17 12:19:40 INFO     Progress: 350/500 | Success: 63.4% | Goal: 97.4% | CF: 64.0%
2026-05-17 12:19:46 INFO     Progress: 400/500 | Success: 63.2% | Goal: 97.5% | CF: 64.0%
2026-05-17 12:19:53 INFO     Progress: 450/500 | Success: 63.1% | Goal: 97.6% | CF: 63.8%
2026-05-17 12:19:59 INFO     Progress: 500/500 | Success: 62.8% | Goal: 97.6% | CF: 63.6%
2026-05-17 12:19:59 INFO     
======================================================================
2026-05-17 12:19:59 INFO     MULTI-POSITION CBF EVALUATION RESULTS
2026-05-17 12:19:59 INFO     ======================================================================
2026-05-17 12:19:59 INFO       Overall (500 scenarios):
2026-05-17 12:19:59 INFO         Success Rate:    62.8%
2026-05-17 12:19:59 INFO         Goal Reached:    97.6%
2026-05-17 12:19:59 INFO         Collision-free:  63.6%
2026-05-17 12:19:59 INFO     
  Per-position breakdown:
2026-05-17 12:19:59 INFO         Obs (0.4, -0.2): Success=72.0% Goal=99.2% CF=72.0% (n=125)
2026-05-17 12:19:59 INFO         Obs (0.5, 0.0): Success=53.6% Goal=96.8% CF=54.4% (n=125)
2026-05-17 12:19:59 INFO         Obs (0.6, 0.2): Success=69.6% Goal=100.0% CF=69.6% (n=125)
2026-05-17 12:19:59 INFO         Obs (0.5, 0.3): Success=56.0% Goal=94.4% CF=58.4% (n=125)
2026-05-17 12:19:59 INFO     ======================================================================
