2026-05-17 12:21:08 INFO     Using device: cuda
2026-05-17 12:21:09 INFO     MultiPosBarrierNet loaded (epoch 70)
2026-05-17 12:21:09 INFO     
======================================================================
2026-05-17 12:21:09 INFO     MULTI-POSITION CBF EVALUATION
2026-05-17 12:21:09 INFO       Positions: [[0.4, -0.2], [0.5, 0.0], [0.6, 0.2], [0.5, 0.3]]
2026-05-17 12:21:09 INFO       Shape: h=0.75, r=0.1
2026-05-17 12:21:09 INFO       Goal ee: [0.39897406101226807, 0.21796053647994995, 0.6563624143600464]
2026-05-17 12:21:09 INFO       Scenarios: 500
2026-05-17 12:21:09 INFO       CBF: α=0.85, Δt=1.0
2026-05-17 12:21:09 INFO     ======================================================================

2026-05-17 12:21:15 INFO     Progress: 50/500 | Success: 68.0% | Goal: 100.0% | CF: 68.0%
2026-05-17 12:21:21 INFO     Progress: 100/500 | Success: 61.0% | Goal: 100.0% | CF: 61.0%
2026-05-17 12:21:27 INFO     Progress: 150/500 | Success: 58.7% | Goal: 99.3% | CF: 59.3%
2026-05-17 12:21:34 INFO     Progress: 200/500 | Success: 60.0% | Goal: 98.0% | CF: 61.0%
2026-05-17 12:21:41 INFO     Progress: 250/500 | Success: 59.2% | Goal: 98.0% | CF: 60.4%
2026-05-17 12:21:47 INFO     Progress: 300/500 | Success: 60.3% | Goal: 98.0% | CF: 61.3%
2026-05-17 12:21:53 INFO     Progress: 350/500 | Success: 61.1% | Goal: 98.3% | CF: 62.0%
2026-05-17 12:22:00 INFO     Progress: 400/500 | Success: 61.0% | Goal: 98.2% | CF: 62.0%
2026-05-17 12:22:07 INFO     Progress: 450/500 | Success: 60.9% | Goal: 98.0% | CF: 61.8%
2026-05-17 12:22:13 INFO     Progress: 500/500 | Success: 61.0% | Goal: 98.0% | CF: 62.0%
2026-05-17 12:22:13 INFO     
======================================================================
2026-05-17 12:22:13 INFO     MULTI-POSITION CBF EVALUATION RESULTS
2026-05-17 12:22:13 INFO     ======================================================================
2026-05-17 12:22:13 INFO       Overall (500 scenarios):
2026-05-17 12:22:13 INFO         Success Rate:    61.0%
2026-05-17 12:22:13 INFO         Goal Reached:    98.0%
2026-05-17 12:22:13 INFO         Collision-free:  62.0%
2026-05-17 12:22:13 INFO     
  Per-position breakdown:
2026-05-17 12:22:13 INFO         Obs (0.4, -0.2): Success=71.2% Goal=99.2% CF=72.0% (n=125)
2026-05-17 12:22:13 INFO         Obs (0.5, 0.0): Success=52.0% Goal=97.6% CF=52.8% (n=125)
2026-05-17 12:22:13 INFO         Obs (0.6, 0.2): Success=70.4% Goal=100.0% CF=70.4% (n=125)
2026-05-17 12:22:13 INFO         Obs (0.5, 0.3): Success=50.4% Goal=95.2% CF=52.8% (n=125)
2026-05-17 12:22:13 INFO     ======================================================================
