2026-05-17 12:22:15 INFO     Using device: cuda
2026-05-17 12:22:15 INFO     MultiPosBarrierNet loaded (epoch 70)
2026-05-17 12:22:15 INFO     
======================================================================
2026-05-17 12:22:15 INFO     MULTI-POSITION CBF EVALUATION
2026-05-17 12:22:15 INFO       Positions: [[0.4, -0.2], [0.5, 0.0], [0.6, 0.2], [0.5, 0.3]]
2026-05-17 12:22:15 INFO       Shape: h=0.75, r=0.1
2026-05-17 12:22:15 INFO       Goal ee: [0.39897406101226807, 0.21796053647994995, 0.6563624143600464]
2026-05-17 12:22:15 INFO       Scenarios: 500
2026-05-17 12:22:15 INFO       CBF: α=0.9, Δt=1.0
2026-05-17 12:22:15 INFO     ======================================================================

2026-05-17 12:22:21 INFO     Progress: 50/500 | Success: 66.0% | Goal: 100.0% | CF: 66.0%
2026-05-17 12:22:28 INFO     Progress: 100/500 | Success: 58.0% | Goal: 98.0% | CF: 58.0%
2026-05-17 12:22:34 INFO     Progress: 150/500 | Success: 57.3% | Goal: 98.0% | CF: 58.0%
2026-05-17 12:22:41 INFO     Progress: 200/500 | Success: 58.0% | Goal: 96.5% | CF: 59.5%
2026-05-17 12:22:49 INFO     Progress: 250/500 | Success: 57.2% | Goal: 96.0% | CF: 58.8%
2026-05-17 12:22:54 INFO     Progress: 300/500 | Success: 58.3% | Goal: 96.7% | CF: 59.7%
2026-05-17 12:23:00 INFO     Progress: 350/500 | Success: 59.4% | Goal: 97.1% | CF: 60.6%
2026-05-17 12:23:07 INFO     Progress: 400/500 | Success: 59.5% | Goal: 97.2% | CF: 60.5%
2026-05-17 12:23:12 INFO     Progress: 450/500 | Success: 60.0% | Goal: 97.6% | CF: 60.9%
2026-05-17 12:23:19 INFO     Progress: 500/500 | Success: 59.8% | Goal: 97.6% | CF: 60.8%
2026-05-17 12:23:19 INFO     
======================================================================
2026-05-17 12:23:19 INFO     MULTI-POSITION CBF EVALUATION RESULTS
2026-05-17 12:23:19 INFO     ======================================================================
2026-05-17 12:23:19 INFO       Overall (500 scenarios):
2026-05-17 12:23:19 INFO         Success Rate:    59.8%
2026-05-17 12:23:19 INFO         Goal Reached:    97.6%
2026-05-17 12:23:19 INFO         Collision-free:  60.8%
2026-05-17 12:23:19 INFO     
  Per-position breakdown:
2026-05-17 12:23:19 INFO         Obs (0.4, -0.2): Success=71.2% Goal=99.2% CF=71.2% (n=125)
2026-05-17 12:23:19 INFO         Obs (0.5, 0.0): Success=50.4% Goal=99.2% CF=51.2% (n=125)
2026-05-17 12:23:19 INFO         Obs (0.6, 0.2): Success=69.6% Goal=98.4% CF=69.6% (n=125)
2026-05-17 12:23:19 INFO         Obs (0.5, 0.3): Success=48.0% Goal=93.6% CF=51.2% (n=125)
2026-05-17 12:23:19 INFO     ======================================================================
