2026-05-17 12:04:34 INFO     Using device: cuda
2026-05-17 12:04:34 INFO     MultiPosBarrierNet loaded (epoch 70)
2026-05-17 12:04:34 INFO     
======================================================================
2026-05-17 12:04:34 INFO     MULTI-POSITION CBF EVALUATION
2026-05-17 12:04:34 INFO       Positions: [[0.4, -0.2], [0.5, 0.0], [0.6, 0.2], [0.5, 0.3]]
2026-05-17 12:04:34 INFO       Shape: h=0.75, r=0.1
2026-05-17 12:04:34 INFO       Goal ee: [0.39897406101226807, 0.21796053647994995, 0.6563624143600464]
2026-05-17 12:04:34 INFO       Scenarios: 500
2026-05-17 12:04:34 INFO       CBF: α=0.15, Δt=1.0
2026-05-17 12:04:34 INFO     ======================================================================

2026-05-17 12:04:42 INFO     Progress: 50/500 | Success: 88.0% | Goal: 96.0% | CF: 92.0%
2026-05-17 12:04:48 INFO     Progress: 100/500 | Success: 88.0% | Goal: 98.0% | CF: 90.0%
2026-05-17 12:04:54 INFO     Progress: 150/500 | Success: 86.0% | Goal: 98.0% | CF: 88.0%
2026-05-17 12:05:01 INFO     Progress: 200/500 | Success: 84.5% | Goal: 96.5% | CF: 88.0%
2026-05-17 12:05:10 INFO     Progress: 250/500 | Success: 84.0% | Goal: 95.6% | CF: 88.4%
2026-05-17 12:05:17 INFO     Progress: 300/500 | Success: 83.7% | Goal: 95.7% | CF: 88.0%
2026-05-17 12:05:24 INFO     Progress: 350/500 | Success: 84.0% | Goal: 95.7% | CF: 88.0%
2026-05-17 12:05:32 INFO     Progress: 400/500 | Success: 83.2% | Goal: 95.5% | CF: 87.5%
2026-05-17 12:05:40 INFO     Progress: 450/500 | Success: 82.4% | Goal: 94.7% | CF: 87.3%
2026-05-17 12:05:48 INFO     Progress: 500/500 | Success: 83.0% | Goal: 94.8% | CF: 87.6%
2026-05-17 12:05:48 INFO     
======================================================================
2026-05-17 12:05:48 INFO     MULTI-POSITION CBF EVALUATION RESULTS
2026-05-17 12:05:48 INFO     ======================================================================
2026-05-17 12:05:48 INFO       Overall (500 scenarios):
2026-05-17 12:05:48 INFO         Success Rate:    83.0%
2026-05-17 12:05:48 INFO         Goal Reached:    94.8%
2026-05-17 12:05:48 INFO         Collision-free:  87.6%
2026-05-17 12:05:48 INFO     
  Per-position breakdown:
2026-05-17 12:05:48 INFO         Obs (0.4, -0.2): Success=80.8% Goal=98.4% CF=81.6% (n=125)
2026-05-17 12:05:48 INFO         Obs (0.5, 0.0): Success=72.8% Goal=89.6% CF=82.4% (n=125)
2026-05-17 12:05:48 INFO         Obs (0.6, 0.2): Success=95.2% Goal=100.0% CF=95.2% (n=125)
2026-05-17 12:05:48 INFO         Obs (0.5, 0.3): Success=83.2% Goal=91.2% CF=91.2% (n=125)
2026-05-17 12:05:48 INFO     ======================================================================
