2026-05-17 12:05:50 INFO     Using device: cuda
2026-05-17 12:05:50 INFO     MultiPosBarrierNet loaded (epoch 70)
2026-05-17 12:05:50 INFO     
======================================================================
2026-05-17 12:05:50 INFO     MULTI-POSITION CBF EVALUATION
2026-05-17 12:05:50 INFO       Positions: [[0.4, -0.2], [0.5, 0.0], [0.6, 0.2], [0.5, 0.3]]
2026-05-17 12:05:50 INFO       Shape: h=0.75, r=0.1
2026-05-17 12:05:50 INFO       Goal ee: [0.39897406101226807, 0.21796053647994995, 0.6563624143600464]
2026-05-17 12:05:50 INFO       Scenarios: 500
2026-05-17 12:05:50 INFO       CBF: α=0.2, Δt=1.0
2026-05-17 12:05:50 INFO     ======================================================================

2026-05-17 12:05:58 INFO     Progress: 50/500 | Success: 84.0% | Goal: 94.0% | CF: 88.0%
2026-05-17 12:06:04 INFO     Progress: 100/500 | Success: 84.0% | Goal: 97.0% | CF: 86.0%
2026-05-17 12:06:10 INFO     Progress: 150/500 | Success: 82.7% | Goal: 98.0% | CF: 84.0%
2026-05-17 12:06:17 INFO     Progress: 200/500 | Success: 82.0% | Goal: 96.5% | CF: 85.0%
2026-05-17 12:06:27 INFO     Progress: 250/500 | Success: 81.6% | Goal: 95.6% | CF: 85.2%
2026-05-17 12:06:32 INFO     Progress: 300/500 | Success: 82.3% | Goal: 96.0% | CF: 85.7%
2026-05-17 12:06:40 INFO     Progress: 350/500 | Success: 82.0% | Goal: 95.7% | CF: 85.1%
2026-05-17 12:06:47 INFO     Progress: 400/500 | Success: 82.0% | Goal: 95.8% | CF: 85.2%
2026-05-17 12:06:56 INFO     Progress: 450/500 | Success: 81.8% | Goal: 95.1% | CF: 85.3%
2026-05-17 12:07:04 INFO     Progress: 500/500 | Success: 81.6% | Goal: 95.0% | CF: 85.2%
2026-05-17 12:07:04 INFO     
======================================================================
2026-05-17 12:07:04 INFO     MULTI-POSITION CBF EVALUATION RESULTS
2026-05-17 12:07:04 INFO     ======================================================================
2026-05-17 12:07:04 INFO       Overall (500 scenarios):
2026-05-17 12:07:04 INFO         Success Rate:    81.6%
2026-05-17 12:07:04 INFO         Goal Reached:    95.0%
2026-05-17 12:07:04 INFO         Collision-free:  85.2%
2026-05-17 12:07:04 INFO     
  Per-position breakdown:
2026-05-17 12:07:04 INFO         Obs (0.4, -0.2): Success=78.4% Goal=98.4% CF=79.2% (n=125)
2026-05-17 12:07:04 INFO         Obs (0.5, 0.0): Success=72.0% Goal=88.8% CF=79.2% (n=125)
2026-05-17 12:07:04 INFO         Obs (0.6, 0.2): Success=92.0% Goal=99.2% CF=92.8% (n=125)
2026-05-17 12:07:04 INFO         Obs (0.5, 0.3): Success=84.0% Goal=93.6% CF=89.6% (n=125)
2026-05-17 12:07:04 INFO     ======================================================================
