2026-05-17 12:13:07 INFO     Using device: cuda
2026-05-17 12:13:07 INFO     MultiPosBarrierNet loaded (epoch 70)
2026-05-17 12:13:07 INFO     
======================================================================
2026-05-17 12:13:07 INFO     MULTI-POSITION CBF EVALUATION
2026-05-17 12:13:07 INFO       Positions: [[0.4, -0.2], [0.5, 0.0], [0.6, 0.2], [0.5, 0.3]]
2026-05-17 12:13:07 INFO       Shape: h=0.75, r=0.1
2026-05-17 12:13:07 INFO       Goal ee: [0.39897406101226807, 0.21796053647994995, 0.6563624143600464]
2026-05-17 12:13:07 INFO       Scenarios: 500
2026-05-17 12:13:07 INFO       CBF: α=0.5, Δt=1.0
2026-05-17 12:13:07 INFO     ======================================================================

2026-05-17 12:13:14 INFO     Progress: 50/500 | Success: 76.0% | Goal: 100.0% | CF: 76.0%
2026-05-17 12:13:21 INFO     Progress: 100/500 | Success: 70.0% | Goal: 98.0% | CF: 71.0%
2026-05-17 12:13:27 INFO     Progress: 150/500 | Success: 70.7% | Goal: 98.0% | CF: 72.0%
2026-05-17 12:13:34 INFO     Progress: 200/500 | Success: 71.0% | Goal: 96.5% | CF: 73.5%
2026-05-17 12:13:42 INFO     Progress: 250/500 | Success: 69.2% | Goal: 96.0% | CF: 72.4%
2026-05-17 12:13:48 INFO     Progress: 300/500 | Success: 71.0% | Goal: 96.7% | CF: 73.7%
2026-05-17 12:13:55 INFO     Progress: 350/500 | Success: 70.6% | Goal: 96.6% | CF: 72.9%
2026-05-17 12:14:02 INFO     Progress: 400/500 | Success: 69.8% | Goal: 96.5% | CF: 72.2%
2026-05-17 12:14:09 INFO     Progress: 450/500 | Success: 69.6% | Goal: 96.4% | CF: 71.8%
2026-05-17 12:14:16 INFO     Progress: 500/500 | Success: 69.4% | Goal: 96.6% | CF: 71.6%
2026-05-17 12:14:16 INFO     
======================================================================
2026-05-17 12:14:16 INFO     MULTI-POSITION CBF EVALUATION RESULTS
2026-05-17 12:14:16 INFO     ======================================================================
2026-05-17 12:14:16 INFO       Overall (500 scenarios):
2026-05-17 12:14:16 INFO         Success Rate:    69.4%
2026-05-17 12:14:16 INFO         Goal Reached:    96.6%
2026-05-17 12:14:16 INFO         Collision-free:  71.6%
2026-05-17 12:14:16 INFO     
  Per-position breakdown:
2026-05-17 12:14:16 INFO         Obs (0.4, -0.2): Success=75.2% Goal=98.4% CF=76.0% (n=125)
2026-05-17 12:14:16 INFO         Obs (0.5, 0.0): Success=59.2% Goal=95.2% CF=60.8% (n=125)
2026-05-17 12:14:16 INFO         Obs (0.6, 0.2): Success=80.8% Goal=99.2% CF=81.6% (n=125)
2026-05-17 12:14:16 INFO         Obs (0.5, 0.3): Success=62.4% Goal=93.6% CF=68.0% (n=125)
2026-05-17 12:14:16 INFO     ======================================================================
