2026-05-17 12:07:05 INFO     Using device: cuda
2026-05-17 12:07:05 INFO     MultiPosBarrierNet loaded (epoch 70)
2026-05-17 12:07:05 INFO     
======================================================================
2026-05-17 12:07:05 INFO     MULTI-POSITION CBF EVALUATION
2026-05-17 12:07:05 INFO       Positions: [[0.4, -0.2], [0.5, 0.0], [0.6, 0.2], [0.5, 0.3]]
2026-05-17 12:07:05 INFO       Shape: h=0.75, r=0.1
2026-05-17 12:07:05 INFO       Goal ee: [0.39897406101226807, 0.21796053647994995, 0.6563624143600464]
2026-05-17 12:07:05 INFO       Scenarios: 500
2026-05-17 12:07:05 INFO       CBF: α=0.25, Δt=1.0
2026-05-17 12:07:05 INFO     ======================================================================

2026-05-17 12:07:13 INFO     Progress: 50/500 | Success: 86.0% | Goal: 98.0% | CF: 88.0%
2026-05-17 12:07:19 INFO     Progress: 100/500 | Success: 83.0% | Goal: 97.0% | CF: 86.0%
2026-05-17 12:07:25 INFO     Progress: 150/500 | Success: 82.0% | Goal: 98.0% | CF: 84.0%
2026-05-17 12:07:33 INFO     Progress: 200/500 | Success: 80.5% | Goal: 96.0% | CF: 84.0%
2026-05-17 12:07:42 INFO     Progress: 250/500 | Success: 80.4% | Goal: 95.6% | CF: 84.0%
2026-05-17 12:07:47 INFO     Progress: 300/500 | Success: 81.0% | Goal: 96.0% | CF: 84.3%
2026-05-17 12:07:55 INFO     Progress: 350/500 | Success: 81.1% | Goal: 96.3% | CF: 84.0%
2026-05-17 12:08:02 INFO     Progress: 400/500 | Success: 80.0% | Goal: 96.2% | CF: 83.0%
2026-05-17 12:08:11 INFO     Progress: 450/500 | Success: 79.8% | Goal: 95.8% | CF: 82.9%
2026-05-17 12:08:18 INFO     Progress: 500/500 | Success: 79.6% | Goal: 95.8% | CF: 82.8%
2026-05-17 12:08:18 INFO     
======================================================================
2026-05-17 12:08:18 INFO     MULTI-POSITION CBF EVALUATION RESULTS
2026-05-17 12:08:18 INFO     ======================================================================
2026-05-17 12:08:18 INFO       Overall (500 scenarios):
2026-05-17 12:08:18 INFO         Success Rate:    79.6%
2026-05-17 12:08:18 INFO         Goal Reached:    95.8%
2026-05-17 12:08:18 INFO         Collision-free:  82.8%
2026-05-17 12:08:18 INFO     
  Per-position breakdown:
2026-05-17 12:08:18 INFO         Obs (0.4, -0.2): Success=76.8% Goal=98.4% CF=77.6% (n=125)
2026-05-17 12:08:18 INFO         Obs (0.5, 0.0): Success=69.6% Goal=92.8% CF=75.2% (n=125)
2026-05-17 12:08:18 INFO         Obs (0.6, 0.2): Success=92.8% Goal=100.0% CF=92.8% (n=125)
2026-05-17 12:08:18 INFO         Obs (0.5, 0.3): Success=79.2% Goal=92.0% CF=85.6% (n=125)
2026-05-17 12:08:18 INFO     ======================================================================
