2026-05-17 12:01:35 INFO     Using device: cuda
2026-05-17 12:01:35 INFO     MultiPosBarrierNet loaded (epoch 70)
2026-05-17 12:01:35 INFO     
======================================================================
2026-05-17 12:01:35 INFO     MULTI-POSITION CBF EVALUATION
2026-05-17 12:01:35 INFO       Positions: [[0.4, -0.2], [0.5, 0.0], [0.6, 0.2], [0.5, 0.3]]
2026-05-17 12:01:35 INFO       Shape: h=0.75, r=0.1
2026-05-17 12:01:35 INFO       Goal ee: [0.39897406101226807, 0.21796053647994995, 0.6563624143600464]
2026-05-17 12:01:35 INFO       Scenarios: 500
2026-05-17 12:01:35 INFO       CBF: α=0.05, Δt=1.0
2026-05-17 12:01:35 INFO     ======================================================================

2026-05-17 12:01:44 INFO     Progress: 50/500 | Success: 92.0% | Goal: 94.0% | CF: 98.0%
2026-05-17 12:01:52 INFO     Progress: 100/500 | Success: 87.0% | Goal: 93.0% | CF: 94.0%
2026-05-17 12:02:03 INFO     Progress: 150/500 | Success: 82.0% | Goal: 90.0% | CF: 91.3%
2026-05-17 12:02:11 INFO     Progress: 200/500 | Success: 79.5% | Goal: 89.5% | CF: 89.5%
2026-05-17 12:02:22 INFO     Progress: 250/500 | Success: 80.0% | Goal: 88.8% | CF: 90.8%
2026-05-17 12:02:31 INFO     Progress: 300/500 | Success: 80.0% | Goal: 89.0% | CF: 90.3%
2026-05-17 12:02:39 INFO     Progress: 350/500 | Success: 80.6% | Goal: 89.7% | CF: 90.3%
2026-05-17 12:02:51 INFO     Progress: 400/500 | Success: 79.0% | Goal: 88.5% | CF: 89.8%
2026-05-17 12:03:00 INFO     Progress: 450/500 | Success: 79.1% | Goal: 88.4% | CF: 90.0%
2026-05-17 12:03:11 INFO     Progress: 500/500 | Success: 79.4% | Goal: 88.6% | CF: 90.2%
2026-05-17 12:03:11 INFO     
======================================================================
2026-05-17 12:03:11 INFO     MULTI-POSITION CBF EVALUATION RESULTS
2026-05-17 12:03:11 INFO     ======================================================================
2026-05-17 12:03:11 INFO       Overall (500 scenarios):
2026-05-17 12:03:11 INFO         Success Rate:    79.4%
2026-05-17 12:03:11 INFO         Goal Reached:    88.6%
2026-05-17 12:03:11 INFO         Collision-free:  90.2%
2026-05-17 12:03:11 INFO     
  Per-position breakdown:
2026-05-17 12:03:11 INFO         Obs (0.4, -0.2): Success=80.0% Goal=98.4% CF=81.6% (n=125)
2026-05-17 12:03:11 INFO         Obs (0.5, 0.0): Success=70.4% Goal=80.8% CF=88.8% (n=125)
2026-05-17 12:03:11 INFO         Obs (0.6, 0.2): Success=88.0% Goal=92.0% CF=95.2% (n=125)
2026-05-17 12:03:11 INFO         Obs (0.5, 0.3): Success=79.2% Goal=83.2% CF=95.2% (n=125)
2026-05-17 12:03:11 INFO     ======================================================================
