2026-05-17 12:11:57 INFO     Using device: cuda
2026-05-17 12:11:57 INFO     MultiPosBarrierNet loaded (epoch 70)
2026-05-17 12:11:57 INFO     
======================================================================
2026-05-17 12:11:57 INFO     MULTI-POSITION CBF EVALUATION
2026-05-17 12:11:57 INFO       Positions: [[0.4, -0.2], [0.5, 0.0], [0.6, 0.2], [0.5, 0.3]]
2026-05-17 12:11:57 INFO       Shape: h=0.75, r=0.1
2026-05-17 12:11:57 INFO       Goal ee: [0.39897406101226807, 0.21796053647994995, 0.6563624143600464]
2026-05-17 12:11:57 INFO       Scenarios: 500
2026-05-17 12:11:57 INFO       CBF: α=0.45, Δt=1.0
2026-05-17 12:11:57 INFO     ======================================================================

2026-05-17 12:12:04 INFO     Progress: 50/500 | Success: 78.0% | Goal: 100.0% | CF: 78.0%
2026-05-17 12:12:10 INFO     Progress: 100/500 | Success: 76.0% | Goal: 100.0% | CF: 76.0%
2026-05-17 12:12:16 INFO     Progress: 150/500 | Success: 74.0% | Goal: 99.3% | CF: 74.7%
2026-05-17 12:12:23 INFO     Progress: 200/500 | Success: 73.5% | Goal: 97.5% | CF: 75.5%
2026-05-17 12:12:31 INFO     Progress: 250/500 | Success: 72.4% | Goal: 97.2% | CF: 74.8%
2026-05-17 12:12:37 INFO     Progress: 300/500 | Success: 73.3% | Goal: 97.0% | CF: 75.7%
2026-05-17 12:12:44 INFO     Progress: 350/500 | Success: 73.1% | Goal: 96.9% | CF: 75.1%
2026-05-17 12:12:52 INFO     Progress: 400/500 | Success: 72.0% | Goal: 96.5% | CF: 74.2%
2026-05-17 12:12:59 INFO     Progress: 450/500 | Success: 72.0% | Goal: 96.4% | CF: 74.0%
2026-05-17 12:13:05 INFO     Progress: 500/500 | Success: 71.6% | Goal: 96.6% | CF: 73.6%
2026-05-17 12:13:05 INFO     
======================================================================
2026-05-17 12:13:05 INFO     MULTI-POSITION CBF EVALUATION RESULTS
2026-05-17 12:13:05 INFO     ======================================================================
2026-05-17 12:13:05 INFO       Overall (500 scenarios):
2026-05-17 12:13:05 INFO         Success Rate:    71.6%
2026-05-17 12:13:05 INFO         Goal Reached:    96.6%
2026-05-17 12:13:05 INFO         Collision-free:  73.6%
2026-05-17 12:13:05 INFO     
  Per-position breakdown:
2026-05-17 12:13:05 INFO         Obs (0.4, -0.2): Success=74.4% Goal=97.6% CF=75.2% (n=125)
2026-05-17 12:13:05 INFO         Obs (0.5, 0.0): Success=61.6% Goal=96.0% CF=63.2% (n=125)
2026-05-17 12:13:05 INFO         Obs (0.6, 0.2): Success=83.2% Goal=100.0% CF=83.2% (n=125)
2026-05-17 12:13:05 INFO         Obs (0.5, 0.3): Success=67.2% Goal=92.8% CF=72.8% (n=125)
2026-05-17 12:13:05 INFO     ======================================================================
