2026-05-17 12:16:35 INFO     Using device: cuda
2026-05-17 12:16:36 INFO     MultiPosBarrierNet loaded (epoch 70)
2026-05-17 12:16:36 INFO     
======================================================================
2026-05-17 12:16:36 INFO     MULTI-POSITION CBF EVALUATION
2026-05-17 12:16:36 INFO       Positions: [[0.4, -0.2], [0.5, 0.0], [0.6, 0.2], [0.5, 0.3]]
2026-05-17 12:16:36 INFO       Shape: h=0.75, r=0.1
2026-05-17 12:16:36 INFO       Goal ee: [0.39897406101226807, 0.21796053647994995, 0.6563624143600464]
2026-05-17 12:16:36 INFO       Scenarios: 500
2026-05-17 12:16:36 INFO       CBF: α=0.65, Δt=1.0
2026-05-17 12:16:36 INFO     ======================================================================

2026-05-17 12:16:42 INFO     Progress: 50/500 | Success: 70.0% | Goal: 100.0% | CF: 70.0%
2026-05-17 12:16:49 INFO     Progress: 100/500 | Success: 64.0% | Goal: 99.0% | CF: 64.0%
2026-05-17 12:16:55 INFO     Progress: 150/500 | Success: 64.0% | Goal: 98.7% | CF: 64.7%
2026-05-17 12:17:03 INFO     Progress: 200/500 | Success: 64.5% | Goal: 96.0% | CF: 65.5%
2026-05-17 12:17:11 INFO     Progress: 250/500 | Success: 64.0% | Goal: 96.0% | CF: 65.6%
2026-05-17 12:17:16 INFO     Progress: 300/500 | Success: 65.7% | Goal: 96.3% | CF: 67.3%
2026-05-17 12:17:23 INFO     Progress: 350/500 | Success: 65.7% | Goal: 96.9% | CF: 67.1%
2026-05-17 12:17:30 INFO     Progress: 400/500 | Success: 65.2% | Goal: 96.8% | CF: 67.0%
2026-05-17 12:17:37 INFO     Progress: 450/500 | Success: 65.3% | Goal: 96.2% | CF: 67.1%
2026-05-17 12:17:44 INFO     Progress: 500/500 | Success: 64.8% | Goal: 96.2% | CF: 66.6%
2026-05-17 12:17:44 INFO     
======================================================================
2026-05-17 12:17:44 INFO     MULTI-POSITION CBF EVALUATION RESULTS
2026-05-17 12:17:44 INFO     ======================================================================
2026-05-17 12:17:44 INFO       Overall (500 scenarios):
2026-05-17 12:17:44 INFO         Success Rate:    64.8%
2026-05-17 12:17:44 INFO         Goal Reached:    96.2%
2026-05-17 12:17:44 INFO         Collision-free:  66.6%
2026-05-17 12:17:44 INFO     
  Per-position breakdown:
2026-05-17 12:17:44 INFO         Obs (0.4, -0.2): Success=70.4% Goal=99.2% CF=70.4% (n=125)
2026-05-17 12:17:44 INFO         Obs (0.5, 0.0): Success=56.0% Goal=95.2% CF=56.8% (n=125)
2026-05-17 12:17:44 INFO         Obs (0.6, 0.2): Success=75.2% Goal=99.2% CF=76.0% (n=125)
2026-05-17 12:17:44 INFO         Obs (0.5, 0.3): Success=57.6% Goal=91.2% CF=63.2% (n=125)
2026-05-17 12:17:44 INFO     ======================================================================
