2026-05-17 16:13:28 INFO     Using device: cuda
2026-05-17 16:13:28 INFO     Robo3D geometric collision checker instantiated
2026-05-17 16:13:28 INFO     Loading VAE from /home/chandrakiran/Projects/7.RTLS_WITH_CBFS/model_params/panda_10k/model.ckpt-016000.pt
2026-05-17 16:13:29 INFO     VAE loaded: 7D latent
2026-05-17 16:13:29 INFO     Loading BarrierNet from /home/chandrakiran/Projects/7.RTLS_WITH_CBFS/model_params/panda_10k/cbf_snapshots/barrier_net_best.pt
2026-05-17 16:13:29 INFO     BarrierNet loaded (epoch 126)
2026-05-17 16:13:29 INFO     
Starting CBF evaluation (two-stage pipeline)...
2026-05-17 16:13:29 INFO       Stage 1: Planning with Goal+Prior + CBF safety filter
2026-05-17 16:13:29 INFO       Stage 2: Validation with Robo3D.check_for_collision
2026-05-17 16:13:29 INFO     
2026-05-17 16:13:29 INFO     ======================================================================
2026-05-17 16:13:29 INFO     CBF Evaluation: 500 planning scenarios
2026-05-17 16:13:29 INFO     Planner: Goal + Prior only (lr=0.03, λ_prior=0.01)
2026-05-17 16:13:29 INFO     Safety: CBF filter (α=0.35, Δt=1.0)
2026-05-17 16:13:29 INFO     Max steps: 300, Success threshold: 0.01m
2026-05-17 16:13:29 INFO     ======================================================================
2026-05-17 16:14:08 INFO     Progress: 100/500 | Success: 25.0% | Goal: 73.0% | Collision-free: 28.0% | CBF: λ_avg=0.0064, interv=54.8%
2026-05-17 16:14:44 INFO     Progress: 200/500 | Success: 26.5% | Goal: 74.0% | Collision-free: 28.0% | CBF: λ_avg=0.0066, interv=50.0%
2026-05-17 16:15:21 INFO     Progress: 300/500 | Success: 26.7% | Goal: 73.7% | Collision-free: 28.7% | CBF: λ_avg=0.0059, interv=49.0%
2026-05-17 16:16:00 INFO     Progress: 400/500 | Success: 26.0% | Goal: 73.0% | Collision-free: 27.5% | CBF: λ_avg=0.0058, interv=49.9%
2026-05-17 16:16:32 INFO     Progress: 500/500 | Success: 28.8% | Goal: 74.8% | Collision-free: 30.2% | CBF: λ_avg=0.0054, interv=48.7%
2026-05-17 16:16:32 INFO     
======================================================================
2026-05-17 16:16:32 INFO     CBF PLANNING EVALUATION RESULTS
2026-05-17 16:16:32 INFO     ======================================================================
2026-05-17 16:16:32 INFO     Configuration:
2026-05-17 16:16:32 INFO       Method:              CBF Safety Filter
2026-05-17 16:16:32 INFO       Test Scenarios:      500
2026-05-17 16:16:32 INFO       Obstacles per scene: 1
2026-05-17 16:16:32 INFO       Success threshold:   0.01m
2026-05-17 16:16:32 INFO       Max planning steps:  300
2026-05-17 16:16:32 INFO       Planning LR:         0.03
2026-05-17 16:16:32 INFO       Lambda prior:        0.01
2026-05-17 16:16:32 INFO       CBF alpha:           0.35
2026-05-17 16:16:32 INFO       CBF delta_t:         1.0
2026-05-17 16:16:32 INFO       Collision checker:   Robo3D.check_for_collision (geometric ground truth)
2026-05-17 16:16:32 INFO     ----------------------------------------------------------------------
2026-05-17 16:16:32 INFO     Task Performance:
2026-05-17 16:16:32 INFO       Success Rate:        28.80%
2026-05-17 16:16:32 INFO       Goal Reached:        74.80%
2026-05-17 16:16:32 INFO       Collision-free:      30.20%
2026-05-17 16:16:32 INFO       Avg Planning Time:   131.59 ± 62.70 ms
2026-05-17 16:16:32 INFO       Avg Path Length:     4.4757 ± 2.0445
2026-05-17 16:16:32 INFO     ----------------------------------------------------------------------
2026-05-17 16:16:32 INFO     CBF-Specific Metrics:
2026-05-17 16:16:32 INFO       Avg λ correction:     0.005433
2026-05-17 16:16:32 INFO       Max λ correction:     1.000000
2026-05-17 16:16:32 INFO       Avg intervention rate: 48.7%
2026-05-17 16:16:32 INFO       Avg min B(z_k):       -0.3440
2026-05-17 16:16:32 INFO     ======================================================================

