2026-05-17 15:57:19 INFO     Using device: cuda
2026-05-17 15:57:19 INFO     Robo3D geometric collision checker instantiated
2026-05-17 15:57:19 INFO     Loading VAE from /home/chandrakiran/Projects/7.RTLS_WITH_CBFS/model_params/panda_10k/model.ckpt-016000.pt
2026-05-17 15:57:20 INFO     VAE loaded: 7D latent
2026-05-17 15:57:20 INFO     Loading BarrierNet from /home/chandrakiran/Projects/7.RTLS_WITH_CBFS/model_params/panda_10k/cbf_snapshots/barrier_net_best.pt
2026-05-17 15:57:20 INFO     BarrierNet loaded (epoch 126)
2026-05-17 15:57:20 INFO     
Starting CBF evaluation (two-stage pipeline)...
2026-05-17 15:57:20 INFO       Stage 1: Planning with Goal+Prior + CBF safety filter
2026-05-17 15:57:20 INFO       Stage 2: Validation with Robo3D.check_for_collision
2026-05-17 15:57:20 INFO     
2026-05-17 15:57:20 INFO     ======================================================================
2026-05-17 15:57:20 INFO     CBF Evaluation: 500 planning scenarios
2026-05-17 15:57:20 INFO     Planner: Goal + Prior only (lr=0.03, λ_prior=0.01)
2026-05-17 15:57:20 INFO     Safety: CBF filter (α=0.1, Δt=1.0)
2026-05-17 15:57:20 INFO     Max steps: 300, Success threshold: 0.01m
2026-05-17 15:57:20 INFO     ======================================================================
2026-05-17 15:58:02 INFO     Progress: 100/500 | Success: 27.0% | Goal: 71.0% | Collision-free: 31.0% | CBF: λ_avg=0.0061, interv=59.9%
2026-05-17 15:58:40 INFO     Progress: 200/500 | Success: 27.5% | Goal: 72.5% | Collision-free: 30.0% | CBF: λ_avg=0.0069, interv=53.4%
2026-05-17 15:59:22 INFO     Progress: 300/500 | Success: 29.0% | Goal: 72.0% | Collision-free: 32.7% | CBF: λ_avg=0.0059, interv=53.1%
2026-05-17 16:00:07 INFO     Progress: 400/500 | Success: 27.5% | Goal: 70.2% | Collision-free: 31.8% | CBF: λ_avg=0.0055, interv=54.5%
2026-05-17 16:00:44 INFO     Progress: 500/500 | Success: 30.4% | Goal: 71.4% | Collision-free: 34.6% | CBF: λ_avg=0.0051, interv=53.5%
2026-05-17 16:00:44 INFO     
======================================================================
2026-05-17 16:00:44 INFO     CBF PLANNING EVALUATION RESULTS
2026-05-17 16:00:44 INFO     ======================================================================
2026-05-17 16:00:44 INFO     Configuration:
2026-05-17 16:00:44 INFO       Method:              CBF Safety Filter
2026-05-17 16:00:44 INFO       Test Scenarios:      500
2026-05-17 16:00:44 INFO       Obstacles per scene: 1
2026-05-17 16:00:44 INFO       Success threshold:   0.01m
2026-05-17 16:00:44 INFO       Max planning steps:  300
2026-05-17 16:00:44 INFO       Planning LR:         0.03
2026-05-17 16:00:44 INFO       Lambda prior:        0.01
2026-05-17 16:00:44 INFO       CBF alpha:           0.1
2026-05-17 16:00:44 INFO       CBF delta_t:         1.0
2026-05-17 16:00:44 INFO       Collision checker:   Robo3D.check_for_collision (geometric ground truth)
2026-05-17 16:00:44 INFO     ----------------------------------------------------------------------
2026-05-17 16:00:44 INFO     Task Performance:
2026-05-17 16:00:44 INFO       Success Rate:        30.40%
2026-05-17 16:00:44 INFO       Goal Reached:        71.40%
2026-05-17 16:00:44 INFO       Collision-free:      34.60%
2026-05-17 16:00:44 INFO       Avg Planning Time:   142.26 ± 73.52 ms
2026-05-17 16:00:44 INFO       Avg Path Length:     4.6927 ± 2.1826
2026-05-17 16:00:44 INFO     ----------------------------------------------------------------------
2026-05-17 16:00:44 INFO     CBF-Specific Metrics:
2026-05-17 16:00:44 INFO       Avg λ correction:     0.005058
2026-05-17 16:00:44 INFO       Max λ correction:     1.000000
2026-05-17 16:00:44 INFO       Avg intervention rate: 53.5%
2026-05-17 16:00:44 INFO       Avg min B(z_k):       -0.3308
2026-05-17 16:00:44 INFO     ======================================================================

