2026-05-17 16:41:09 INFO     Using device: cuda
2026-05-17 16:41:09 INFO     Robo3D geometric collision checker instantiated
2026-05-17 16:41:09 INFO     Loading VAE from /home/chandrakiran/Projects/7.RTLS_WITH_CBFS/model_params/panda_10k/model.ckpt-016000.pt
2026-05-17 16:41:09 INFO     VAE loaded: 7D latent
2026-05-17 16:41:09 INFO     Loading BarrierNet from /home/chandrakiran/Projects/7.RTLS_WITH_CBFS/model_params/panda_10k/cbf_snapshots/barrier_net_best.pt
2026-05-17 16:41:09 INFO     BarrierNet loaded (epoch 126)
2026-05-17 16:41:09 INFO     
Starting CBF evaluation (two-stage pipeline)...
2026-05-17 16:41:09 INFO       Stage 1: Planning with Goal+Prior + CBF safety filter
2026-05-17 16:41:09 INFO       Stage 2: Validation with Robo3D.check_for_collision
2026-05-17 16:41:09 INFO     
2026-05-17 16:41:09 INFO     ======================================================================
2026-05-17 16:41:09 INFO     CBF Evaluation: 500 planning scenarios
2026-05-17 16:41:09 INFO     Planner: Goal + Prior only (lr=0.03, λ_prior=0.01)
2026-05-17 16:41:09 INFO     Safety: CBF filter (α=0.9, Δt=1.0)
2026-05-17 16:41:09 INFO     Max steps: 300, Success threshold: 0.01m
2026-05-17 16:41:09 INFO     ======================================================================
2026-05-17 16:41:37 INFO     Progress: 100/500 | Success: 26.0% | Goal: 73.0% | Collision-free: 28.0% | CBF: λ_avg=0.0060, interv=51.4%
2026-05-17 16:42:02 INFO     Progress: 200/500 | Success: 31.0% | Goal: 75.0% | Collision-free: 32.0% | CBF: λ_avg=0.0070, interv=46.8%
2026-05-17 16:42:30 INFO     Progress: 300/500 | Success: 30.7% | Goal: 74.3% | Collision-free: 32.3% | CBF: λ_avg=0.0065, interv=46.1%
2026-05-17 16:42:59 INFO     Progress: 400/500 | Success: 29.0% | Goal: 73.5% | Collision-free: 30.2% | CBF: λ_avg=0.0065, interv=47.2%
2026-05-17 16:43:22 INFO     Progress: 500/500 | Success: 31.0% | Goal: 74.8% | Collision-free: 32.0% | CBF: λ_avg=0.0061, interv=45.8%
2026-05-17 16:43:22 INFO     
======================================================================
2026-05-17 16:43:22 INFO     CBF PLANNING EVALUATION RESULTS
2026-05-17 16:43:22 INFO     ======================================================================
2026-05-17 16:43:22 INFO     Configuration:
2026-05-17 16:43:22 INFO       Method:              CBF Safety Filter
2026-05-17 16:43:22 INFO       Test Scenarios:      500
2026-05-17 16:43:22 INFO       Obstacles per scene: 1
2026-05-17 16:43:22 INFO       Success threshold:   0.01m
2026-05-17 16:43:22 INFO       Max planning steps:  300
2026-05-17 16:43:22 INFO       Planning LR:         0.03
2026-05-17 16:43:22 INFO       Lambda prior:        0.01
2026-05-17 16:43:22 INFO       CBF alpha:           0.9
2026-05-17 16:43:22 INFO       CBF delta_t:         1.0
2026-05-17 16:43:22 INFO       Collision checker:   Robo3D.check_for_collision (geometric ground truth)
2026-05-17 16:43:22 INFO     ----------------------------------------------------------------------
2026-05-17 16:43:22 INFO     Task Performance:
2026-05-17 16:43:22 INFO       Success Rate:        31.00%
2026-05-17 16:43:22 INFO       Goal Reached:        74.80%
2026-05-17 16:43:22 INFO       Collision-free:      32.00%
2026-05-17 16:43:22 INFO       Avg Planning Time:   89.67 ± 38.37 ms
2026-05-17 16:43:22 INFO       Avg Path Length:     4.3188 ± 1.8752
2026-05-17 16:43:22 INFO     ----------------------------------------------------------------------
2026-05-17 16:43:22 INFO     CBF-Specific Metrics:
2026-05-17 16:43:22 INFO       Avg λ correction:     0.006149
2026-05-17 16:43:22 INFO       Max λ correction:     1.000000
2026-05-17 16:43:22 INFO       Avg intervention rate: 45.8%
2026-05-17 16:43:22 INFO       Avg min B(z_k):       -0.3466
2026-05-17 16:43:22 INFO     ======================================================================

