2026-05-17 15:53:31 INFO     Using device: cuda
2026-05-17 15:53:31 INFO     Robo3D geometric collision checker instantiated
2026-05-17 15:53:31 INFO     Loading VAE from /home/chandrakiran/Projects/7.RTLS_WITH_CBFS/model_params/panda_10k/model.ckpt-016000.pt
2026-05-17 15:53:31 INFO     VAE loaded: 7D latent
2026-05-17 15:53:31 INFO     Loading BarrierNet from /home/chandrakiran/Projects/7.RTLS_WITH_CBFS/model_params/panda_10k/cbf_snapshots/barrier_net_best.pt
2026-05-17 15:53:31 INFO     BarrierNet loaded (epoch 126)
2026-05-17 15:53:31 INFO     
Starting CBF evaluation (two-stage pipeline)...
2026-05-17 15:53:31 INFO       Stage 1: Planning with Goal+Prior + CBF safety filter
2026-05-17 15:53:31 INFO       Stage 2: Validation with Robo3D.check_for_collision
2026-05-17 15:53:31 INFO     
2026-05-17 15:53:31 INFO     ======================================================================
2026-05-17 15:53:31 INFO     CBF Evaluation: 500 planning scenarios
2026-05-17 15:53:31 INFO     Planner: Goal + Prior only (lr=0.03, λ_prior=0.01)
2026-05-17 15:53:31 INFO     Safety: CBF filter (α=0.05, Δt=1.0)
2026-05-17 15:53:31 INFO     Max steps: 300, Success threshold: 0.01m
2026-05-17 15:53:31 INFO     ======================================================================
2026-05-17 15:54:13 INFO     Progress: 100/500 | Success: 28.0% | Goal: 67.0% | Collision-free: 36.0% | CBF: λ_avg=0.0054, interv=64.8%
2026-05-17 15:55:00 INFO     Progress: 200/500 | Success: 29.5% | Goal: 71.0% | Collision-free: 35.0% | CBF: λ_avg=0.0053, interv=58.3%
2026-05-17 15:55:48 INFO     Progress: 300/500 | Success: 31.7% | Goal: 70.3% | Collision-free: 38.0% | CBF: λ_avg=0.0046, interv=57.9%
2026-05-17 15:56:39 INFO     Progress: 400/500 | Success: 30.8% | Goal: 68.5% | Collision-free: 38.0% | CBF: λ_avg=0.0044, interv=59.2%
2026-05-17 15:57:18 INFO     Progress: 500/500 | Success: 33.0% | Goal: 69.4% | Collision-free: 39.8% | CBF: λ_avg=0.0045, interv=58.5%
2026-05-17 15:57:18 INFO     
======================================================================
2026-05-17 15:57:18 INFO     CBF PLANNING EVALUATION RESULTS
2026-05-17 15:57:18 INFO     ======================================================================
2026-05-17 15:57:18 INFO     Configuration:
2026-05-17 15:57:18 INFO       Method:              CBF Safety Filter
2026-05-17 15:57:18 INFO       Test Scenarios:      500
2026-05-17 15:57:18 INFO       Obstacles per scene: 1
2026-05-17 15:57:18 INFO       Success threshold:   0.01m
2026-05-17 15:57:18 INFO       Max planning steps:  300
2026-05-17 15:57:18 INFO       Planning LR:         0.03
2026-05-17 15:57:18 INFO       Lambda prior:        0.01
2026-05-17 15:57:18 INFO       CBF alpha:           0.05
2026-05-17 15:57:18 INFO       CBF delta_t:         1.0
2026-05-17 15:57:18 INFO       Collision checker:   Robo3D.check_for_collision (geometric ground truth)
2026-05-17 15:57:18 INFO     ----------------------------------------------------------------------
2026-05-17 15:57:18 INFO     Task Performance:
2026-05-17 15:57:18 INFO       Success Rate:        33.00%
2026-05-17 15:57:18 INFO       Goal Reached:        69.40%
2026-05-17 15:57:18 INFO       Collision-free:      39.80%
2026-05-17 15:57:18 INFO       Avg Planning Time:   176.10 ± 109.31 ms
2026-05-17 15:57:18 INFO       Avg Path Length:     5.2579 ± 2.8347
2026-05-17 15:57:18 INFO     ----------------------------------------------------------------------
2026-05-17 15:57:18 INFO     CBF-Specific Metrics:
2026-05-17 15:57:18 INFO       Avg λ correction:     0.004450
2026-05-17 15:57:18 INFO       Max λ correction:     1.000000
2026-05-17 15:57:18 INFO       Avg intervention rate: 58.5%
2026-05-17 15:57:18 INFO       Avg min B(z_k):       -0.2786
2026-05-17 15:57:18 INFO     ======================================================================

