2026-05-17 16:19:39 INFO     Using device: cuda
2026-05-17 16:19:39 INFO     Robo3D geometric collision checker instantiated
2026-05-17 16:19:39 INFO     Loading VAE from /home/chandrakiran/Projects/7.RTLS_WITH_CBFS/model_params/panda_10k/model.ckpt-016000.pt
2026-05-17 16:19:40 INFO     VAE loaded: 7D latent
2026-05-17 16:19:40 INFO     Loading BarrierNet from /home/chandrakiran/Projects/7.RTLS_WITH_CBFS/model_params/panda_10k/cbf_snapshots/barrier_net_best.pt
2026-05-17 16:19:40 INFO     BarrierNet loaded (epoch 126)
2026-05-17 16:19:40 INFO     
Starting CBF evaluation (two-stage pipeline)...
2026-05-17 16:19:40 INFO       Stage 1: Planning with Goal+Prior + CBF safety filter
2026-05-17 16:19:40 INFO       Stage 2: Validation with Robo3D.check_for_collision
2026-05-17 16:19:40 INFO     
2026-05-17 16:19:40 INFO     ======================================================================
2026-05-17 16:19:40 INFO     CBF Evaluation: 500 planning scenarios
2026-05-17 16:19:40 INFO     Planner: Goal + Prior only (lr=0.03, λ_prior=0.01)
2026-05-17 16:19:40 INFO     Safety: CBF filter (α=0.45, Δt=1.0)
2026-05-17 16:19:40 INFO     Max steps: 300, Success threshold: 0.01m
2026-05-17 16:19:40 INFO     ======================================================================
2026-05-17 16:20:18 INFO     Progress: 100/500 | Success: 25.0% | Goal: 72.0% | Collision-free: 27.0% | CBF: λ_avg=0.0063, interv=54.4%
2026-05-17 16:20:53 INFO     Progress: 200/500 | Success: 26.5% | Goal: 74.0% | Collision-free: 27.5% | CBF: λ_avg=0.0067, interv=49.3%
2026-05-17 16:21:30 INFO     Progress: 300/500 | Success: 26.7% | Goal: 73.7% | Collision-free: 28.3% | CBF: λ_avg=0.0060, interv=48.4%
2026-05-17 16:22:11 INFO     Progress: 400/500 | Success: 26.5% | Goal: 72.5% | Collision-free: 27.8% | CBF: λ_avg=0.0060, interv=49.4%
2026-05-17 16:22:40 INFO     Progress: 500/500 | Success: 29.0% | Goal: 74.2% | Collision-free: 30.0% | CBF: λ_avg=0.0056, interv=48.2%
2026-05-17 16:22:40 INFO     
======================================================================
2026-05-17 16:22:40 INFO     CBF PLANNING EVALUATION RESULTS
2026-05-17 16:22:40 INFO     ======================================================================
2026-05-17 16:22:40 INFO     Configuration:
2026-05-17 16:22:40 INFO       Method:              CBF Safety Filter
2026-05-17 16:22:40 INFO       Test Scenarios:      500
2026-05-17 16:22:40 INFO       Obstacles per scene: 1
2026-05-17 16:22:40 INFO       Success threshold:   0.01m
2026-05-17 16:22:40 INFO       Max planning steps:  300
2026-05-17 16:22:40 INFO       Planning LR:         0.03
2026-05-17 16:22:40 INFO       Lambda prior:        0.01
2026-05-17 16:22:40 INFO       CBF alpha:           0.45
2026-05-17 16:22:40 INFO       CBF delta_t:         1.0
2026-05-17 16:22:40 INFO       Collision checker:   Robo3D.check_for_collision (geometric ground truth)
2026-05-17 16:22:40 INFO     ----------------------------------------------------------------------
2026-05-17 16:22:40 INFO     Task Performance:
2026-05-17 16:22:40 INFO       Success Rate:        29.00%
2026-05-17 16:22:40 INFO       Goal Reached:        74.20%
2026-05-17 16:22:40 INFO       Collision-free:      30.00%
2026-05-17 16:22:40 INFO       Avg Planning Time:   126.00 ± 57.94 ms
2026-05-17 16:22:40 INFO       Avg Path Length:     4.4074 ± 2.0268
2026-05-17 16:22:40 INFO     ----------------------------------------------------------------------
2026-05-17 16:22:40 INFO     CBF-Specific Metrics:
2026-05-17 16:22:40 INFO       Avg λ correction:     0.005609
2026-05-17 16:22:40 INFO       Max λ correction:     1.000000
2026-05-17 16:22:40 INFO       Avg intervention rate: 48.2%
2026-05-17 16:22:40 INFO       Avg min B(z_k):       -0.3453
2026-05-17 16:22:40 INFO     ======================================================================

