2026-05-17 16:45:35 INFO     Using device: cuda
2026-05-17 16:45:36 INFO     Robo3D geometric collision checker instantiated
2026-05-17 16:45:36 INFO     Loading VAE from /home/chandrakiran/Projects/7.RTLS_WITH_CBFS/model_params/panda_10k/model.ckpt-016000.pt
2026-05-17 16:45:36 INFO     VAE loaded: 7D latent
2026-05-17 16:45:36 INFO     Loading BarrierNet from /home/chandrakiran/Projects/7.RTLS_WITH_CBFS/model_params/panda_10k/cbf_snapshots/barrier_net_best.pt
2026-05-17 16:45:36 INFO     BarrierNet loaded (epoch 126)
2026-05-17 16:45:36 INFO     
Starting CBF evaluation (two-stage pipeline)...
2026-05-17 16:45:36 INFO       Stage 1: Planning with Goal+Prior + CBF safety filter
2026-05-17 16:45:36 INFO       Stage 2: Validation with Robo3D.check_for_collision
2026-05-17 16:45:36 INFO     
2026-05-17 16:45:36 INFO     ======================================================================
2026-05-17 16:45:36 INFO     CBF Evaluation: 500 planning scenarios
2026-05-17 16:45:36 INFO     Planner: Goal + Prior only (lr=0.03, λ_prior=0.01)
2026-05-17 16:45:36 INFO     Safety: CBF filter (α=1.0, Δt=1.0)
2026-05-17 16:45:36 INFO     Max steps: 300, Success threshold: 0.01m
2026-05-17 16:45:36 INFO     ======================================================================
2026-05-17 16:46:03 INFO     Progress: 100/500 | Success: 26.0% | Goal: 72.0% | Collision-free: 28.0% | CBF: λ_avg=0.0060, interv=50.5%
2026-05-17 16:46:28 INFO     Progress: 200/500 | Success: 31.5% | Goal: 74.5% | Collision-free: 32.5% | CBF: λ_avg=0.0070, interv=46.1%
2026-05-17 16:46:55 INFO     Progress: 300/500 | Success: 30.7% | Goal: 75.0% | Collision-free: 32.3% | CBF: λ_avg=0.0066, interv=45.7%
2026-05-17 16:47:23 INFO     Progress: 400/500 | Success: 28.7% | Goal: 74.5% | Collision-free: 30.0% | CBF: λ_avg=0.0066, interv=46.8%
2026-05-17 16:47:46 INFO     Progress: 500/500 | Success: 30.8% | Goal: 75.8% | Collision-free: 31.8% | CBF: λ_avg=0.0062, interv=45.5%
2026-05-17 16:47:46 INFO     
======================================================================
2026-05-17 16:47:46 INFO     CBF PLANNING EVALUATION RESULTS
2026-05-17 16:47:46 INFO     ======================================================================
2026-05-17 16:47:46 INFO     Configuration:
2026-05-17 16:47:46 INFO       Method:              CBF Safety Filter
2026-05-17 16:47:46 INFO       Test Scenarios:      500
2026-05-17 16:47:46 INFO       Obstacles per scene: 1
2026-05-17 16:47:46 INFO       Success threshold:   0.01m
2026-05-17 16:47:46 INFO       Max planning steps:  300
2026-05-17 16:47:46 INFO       Planning LR:         0.03
2026-05-17 16:47:46 INFO       Lambda prior:        0.01
2026-05-17 16:47:46 INFO       CBF alpha:           1.0
2026-05-17 16:47:46 INFO       CBF delta_t:         1.0
2026-05-17 16:47:46 INFO       Collision checker:   Robo3D.check_for_collision (geometric ground truth)
2026-05-17 16:47:46 INFO     ----------------------------------------------------------------------
2026-05-17 16:47:46 INFO     Task Performance:
2026-05-17 16:47:46 INFO       Success Rate:        30.80%
2026-05-17 16:47:46 INFO       Goal Reached:        75.80%
2026-05-17 16:47:46 INFO       Collision-free:      31.80%
2026-05-17 16:47:46 INFO       Avg Planning Time:   87.40 ± 36.30 ms
2026-05-17 16:47:46 INFO       Avg Path Length:     4.2889 ± 1.8267
2026-05-17 16:47:46 INFO     ----------------------------------------------------------------------
2026-05-17 16:47:46 INFO     CBF-Specific Metrics:
2026-05-17 16:47:46 INFO       Avg λ correction:     0.006207
2026-05-17 16:47:46 INFO       Max λ correction:     1.000000
2026-05-17 16:47:46 INFO       Avg intervention rate: 45.5%
2026-05-17 16:47:46 INFO       Avg min B(z_k):       -0.3462
2026-05-17 16:47:46 INFO     ======================================================================

