2026-05-17 16:34:30 INFO     Using device: cuda
2026-05-17 16:34:30 INFO     Robo3D geometric collision checker instantiated
2026-05-17 16:34:30 INFO     Loading VAE from /home/chandrakiran/Projects/7.RTLS_WITH_CBFS/model_params/panda_10k/model.ckpt-016000.pt
2026-05-17 16:34:30 INFO     VAE loaded: 7D latent
2026-05-17 16:34:30 INFO     Loading BarrierNet from /home/chandrakiran/Projects/7.RTLS_WITH_CBFS/model_params/panda_10k/cbf_snapshots/barrier_net_best.pt
2026-05-17 16:34:30 INFO     BarrierNet loaded (epoch 126)
2026-05-17 16:34:30 INFO     
Starting CBF evaluation (two-stage pipeline)...
2026-05-17 16:34:30 INFO       Stage 1: Planning with Goal+Prior + CBF safety filter
2026-05-17 16:34:30 INFO       Stage 2: Validation with Robo3D.check_for_collision
2026-05-17 16:34:30 INFO     
2026-05-17 16:34:30 INFO     ======================================================================
2026-05-17 16:34:30 INFO     CBF Evaluation: 500 planning scenarios
2026-05-17 16:34:30 INFO     Planner: Goal + Prior only (lr=0.03, λ_prior=0.01)
2026-05-17 16:34:30 INFO     Safety: CBF filter (α=0.75, Δt=1.0)
2026-05-17 16:34:30 INFO     Max steps: 300, Success threshold: 0.01m
2026-05-17 16:34:30 INFO     ======================================================================
2026-05-17 16:34:58 INFO     Progress: 100/500 | Success: 25.0% | Goal: 73.0% | Collision-free: 27.0% | CBF: λ_avg=0.0058, interv=52.4%
2026-05-17 16:35:22 INFO     Progress: 200/500 | Success: 30.0% | Goal: 75.0% | Collision-free: 31.0% | CBF: λ_avg=0.0068, interv=47.5%
2026-05-17 16:35:49 INFO     Progress: 300/500 | Success: 29.3% | Goal: 74.0% | Collision-free: 31.0% | CBF: λ_avg=0.0062, interv=46.8%
2026-05-17 16:36:18 INFO     Progress: 400/500 | Success: 28.0% | Goal: 73.8% | Collision-free: 29.2% | CBF: λ_avg=0.0063, interv=47.8%
2026-05-17 16:36:41 INFO     Progress: 500/500 | Success: 30.4% | Goal: 75.2% | Collision-free: 31.4% | CBF: λ_avg=0.0059, interv=46.6%
2026-05-17 16:36:41 INFO     
======================================================================
2026-05-17 16:36:41 INFO     CBF PLANNING EVALUATION RESULTS
2026-05-17 16:36:41 INFO     ======================================================================
2026-05-17 16:36:41 INFO     Configuration:
2026-05-17 16:36:41 INFO       Method:              CBF Safety Filter
2026-05-17 16:36:41 INFO       Test Scenarios:      500
2026-05-17 16:36:41 INFO       Obstacles per scene: 1
2026-05-17 16:36:41 INFO       Success threshold:   0.01m
2026-05-17 16:36:41 INFO       Max planning steps:  300
2026-05-17 16:36:41 INFO       Planning LR:         0.03
2026-05-17 16:36:41 INFO       Lambda prior:        0.01
2026-05-17 16:36:41 INFO       CBF alpha:           0.75
2026-05-17 16:36:41 INFO       CBF delta_t:         1.0
2026-05-17 16:36:41 INFO       Collision checker:   Robo3D.check_for_collision (geometric ground truth)
2026-05-17 16:36:41 INFO     ----------------------------------------------------------------------
2026-05-17 16:36:41 INFO     Task Performance:
2026-05-17 16:36:41 INFO       Success Rate:        30.40%
2026-05-17 16:36:41 INFO       Goal Reached:        75.20%
2026-05-17 16:36:41 INFO       Collision-free:      31.40%
2026-05-17 16:36:41 INFO       Avg Planning Time:   87.89 ± 36.91 ms
2026-05-17 16:36:41 INFO       Avg Path Length:     4.3454 ± 1.8646
2026-05-17 16:36:41 INFO     ----------------------------------------------------------------------
2026-05-17 16:36:41 INFO     CBF-Specific Metrics:
2026-05-17 16:36:41 INFO       Avg λ correction:     0.005937
2026-05-17 16:36:41 INFO       Max λ correction:     1.000000
2026-05-17 16:36:41 INFO       Avg intervention rate: 46.6%
2026-05-17 16:36:41 INFO       Avg min B(z_k):       -0.3462
2026-05-17 16:36:41 INFO     ======================================================================

