2026-05-17 16:16:34 INFO     Using device: cuda
2026-05-17 16:16:34 INFO     Robo3D geometric collision checker instantiated
2026-05-17 16:16:34 INFO     Loading VAE from /home/chandrakiran/Projects/7.RTLS_WITH_CBFS/model_params/panda_10k/model.ckpt-016000.pt
2026-05-17 16:16:34 INFO     VAE loaded: 7D latent
2026-05-17 16:16:34 INFO     Loading BarrierNet from /home/chandrakiran/Projects/7.RTLS_WITH_CBFS/model_params/panda_10k/cbf_snapshots/barrier_net_best.pt
2026-05-17 16:16:34 INFO     BarrierNet loaded (epoch 126)
2026-05-17 16:16:34 INFO     
Starting CBF evaluation (two-stage pipeline)...
2026-05-17 16:16:34 INFO       Stage 1: Planning with Goal+Prior + CBF safety filter
2026-05-17 16:16:34 INFO       Stage 2: Validation with Robo3D.check_for_collision
2026-05-17 16:16:34 INFO     
2026-05-17 16:16:34 INFO     ======================================================================
2026-05-17 16:16:34 INFO     CBF Evaluation: 500 planning scenarios
2026-05-17 16:16:34 INFO     Planner: Goal + Prior only (lr=0.03, λ_prior=0.01)
2026-05-17 16:16:34 INFO     Safety: CBF filter (α=0.4, Δt=1.0)
2026-05-17 16:16:34 INFO     Max steps: 300, Success threshold: 0.01m
2026-05-17 16:16:34 INFO     ======================================================================
2026-05-17 16:17:12 INFO     Progress: 100/500 | Success: 24.0% | Goal: 72.0% | Collision-free: 26.0% | CBF: λ_avg=0.0059, interv=54.9%
2026-05-17 16:17:47 INFO     Progress: 200/500 | Success: 26.0% | Goal: 74.5% | Collision-free: 27.0% | CBF: λ_avg=0.0064, interv=49.9%
2026-05-17 16:18:25 INFO     Progress: 300/500 | Success: 26.3% | Goal: 73.7% | Collision-free: 28.0% | CBF: λ_avg=0.0057, interv=48.9%
2026-05-17 16:19:05 INFO     Progress: 400/500 | Success: 26.0% | Goal: 72.8% | Collision-free: 27.3% | CBF: λ_avg=0.0058, interv=49.7%
2026-05-17 16:19:38 INFO     Progress: 500/500 | Success: 28.6% | Goal: 74.2% | Collision-free: 29.8% | CBF: λ_avg=0.0054, interv=48.5%
2026-05-17 16:19:38 INFO     
======================================================================
2026-05-17 16:19:38 INFO     CBF PLANNING EVALUATION RESULTS
2026-05-17 16:19:38 INFO     ======================================================================
2026-05-17 16:19:38 INFO     Configuration:
2026-05-17 16:19:38 INFO       Method:              CBF Safety Filter
2026-05-17 16:19:38 INFO       Test Scenarios:      500
2026-05-17 16:19:38 INFO       Obstacles per scene: 1
2026-05-17 16:19:38 INFO       Success threshold:   0.01m
2026-05-17 16:19:38 INFO       Max planning steps:  300
2026-05-17 16:19:38 INFO       Planning LR:         0.03
2026-05-17 16:19:38 INFO       Lambda prior:        0.01
2026-05-17 16:19:38 INFO       CBF alpha:           0.4
2026-05-17 16:19:38 INFO       CBF delta_t:         1.0
2026-05-17 16:19:38 INFO       Collision checker:   Robo3D.check_for_collision (geometric ground truth)
2026-05-17 16:19:38 INFO     ----------------------------------------------------------------------
2026-05-17 16:19:38 INFO     Task Performance:
2026-05-17 16:19:38 INFO       Success Rate:        28.60%
2026-05-17 16:19:38 INFO       Goal Reached:        74.20%
2026-05-17 16:19:38 INFO       Collision-free:      29.80%
2026-05-17 16:19:38 INFO       Avg Planning Time:   129.89 ± 63.64 ms
2026-05-17 16:19:38 INFO       Avg Path Length:     4.4567 ± 2.0133
2026-05-17 16:19:38 INFO     ----------------------------------------------------------------------
2026-05-17 16:19:38 INFO     CBF-Specific Metrics:
2026-05-17 16:19:38 INFO       Avg λ correction:     0.005435
2026-05-17 16:19:38 INFO       Max λ correction:     1.000000
2026-05-17 16:19:38 INFO       Avg intervention rate: 48.5%
2026-05-17 16:19:38 INFO       Avg min B(z_k):       -0.3451
2026-05-17 16:19:38 INFO     ======================================================================

