2026-05-17 16:38:56 INFO     Using device: cuda
2026-05-17 16:38:56 INFO     Robo3D geometric collision checker instantiated
2026-05-17 16:38:56 INFO     Loading VAE from /home/chandrakiran/Projects/7.RTLS_WITH_CBFS/model_params/panda_10k/model.ckpt-016000.pt
2026-05-17 16:38:56 INFO     VAE loaded: 7D latent
2026-05-17 16:38:56 INFO     Loading BarrierNet from /home/chandrakiran/Projects/7.RTLS_WITH_CBFS/model_params/panda_10k/cbf_snapshots/barrier_net_best.pt
2026-05-17 16:38:56 INFO     BarrierNet loaded (epoch 126)
2026-05-17 16:38:56 INFO     
Starting CBF evaluation (two-stage pipeline)...
2026-05-17 16:38:56 INFO       Stage 1: Planning with Goal+Prior + CBF safety filter
2026-05-17 16:38:56 INFO       Stage 2: Validation with Robo3D.check_for_collision
2026-05-17 16:38:56 INFO     
2026-05-17 16:38:56 INFO     ======================================================================
2026-05-17 16:38:56 INFO     CBF Evaluation: 500 planning scenarios
2026-05-17 16:38:56 INFO     Planner: Goal + Prior only (lr=0.03, λ_prior=0.01)
2026-05-17 16:38:56 INFO     Safety: CBF filter (α=0.85, Δt=1.0)
2026-05-17 16:38:56 INFO     Max steps: 300, Success threshold: 0.01m
2026-05-17 16:38:56 INFO     ======================================================================
2026-05-17 16:39:24 INFO     Progress: 100/500 | Success: 25.0% | Goal: 71.0% | Collision-free: 27.0% | CBF: λ_avg=0.0060, interv=51.9%
2026-05-17 16:39:49 INFO     Progress: 200/500 | Success: 30.5% | Goal: 74.0% | Collision-free: 31.5% | CBF: λ_avg=0.0069, interv=47.1%
2026-05-17 16:40:16 INFO     Progress: 300/500 | Success: 30.0% | Goal: 74.3% | Collision-free: 31.7% | CBF: λ_avg=0.0065, interv=46.5%
2026-05-17 16:40:44 INFO     Progress: 400/500 | Success: 28.5% | Goal: 73.2% | Collision-free: 29.8% | CBF: λ_avg=0.0066, interv=47.6%
2026-05-17 16:41:07 INFO     Progress: 500/500 | Success: 30.6% | Goal: 74.8% | Collision-free: 31.6% | CBF: λ_avg=0.0062, interv=46.3%
2026-05-17 16:41:07 INFO     
======================================================================
2026-05-17 16:41:07 INFO     CBF PLANNING EVALUATION RESULTS
2026-05-17 16:41:07 INFO     ======================================================================
2026-05-17 16:41:07 INFO     Configuration:
2026-05-17 16:41:07 INFO       Method:              CBF Safety Filter
2026-05-17 16:41:07 INFO       Test Scenarios:      500
2026-05-17 16:41:07 INFO       Obstacles per scene: 1
2026-05-17 16:41:07 INFO       Success threshold:   0.01m
2026-05-17 16:41:07 INFO       Max planning steps:  300
2026-05-17 16:41:07 INFO       Planning LR:         0.03
2026-05-17 16:41:07 INFO       Lambda prior:        0.01
2026-05-17 16:41:07 INFO       CBF alpha:           0.85
2026-05-17 16:41:07 INFO       CBF delta_t:         1.0
2026-05-17 16:41:07 INFO       Collision checker:   Robo3D.check_for_collision (geometric ground truth)
2026-05-17 16:41:07 INFO     ----------------------------------------------------------------------
2026-05-17 16:41:07 INFO     Task Performance:
2026-05-17 16:41:07 INFO       Success Rate:        30.60%
2026-05-17 16:41:07 INFO       Goal Reached:        74.80%
2026-05-17 16:41:07 INFO       Collision-free:      31.60%
2026-05-17 16:41:07 INFO       Avg Planning Time:   88.79 ± 37.50 ms
2026-05-17 16:41:07 INFO       Avg Path Length:     4.3448 ± 1.8725
2026-05-17 16:41:07 INFO     ----------------------------------------------------------------------
2026-05-17 16:41:07 INFO     CBF-Specific Metrics:
2026-05-17 16:41:07 INFO       Avg λ correction:     0.006187
2026-05-17 16:41:07 INFO       Max λ correction:     1.000000
2026-05-17 16:41:07 INFO       Avg intervention rate: 46.3%
2026-05-17 16:41:07 INFO       Avg min B(z_k):       -0.3462
2026-05-17 16:41:07 INFO     ======================================================================

