2026-05-17 16:25:33 INFO     Using device: cuda
2026-05-17 16:25:33 INFO     Robo3D geometric collision checker instantiated
2026-05-17 16:25:33 INFO     Loading VAE from /home/chandrakiran/Projects/7.RTLS_WITH_CBFS/model_params/panda_10k/model.ckpt-016000.pt
2026-05-17 16:25:33 INFO     VAE loaded: 7D latent
2026-05-17 16:25:33 INFO     Loading BarrierNet from /home/chandrakiran/Projects/7.RTLS_WITH_CBFS/model_params/panda_10k/cbf_snapshots/barrier_net_best.pt
2026-05-17 16:25:33 INFO     BarrierNet loaded (epoch 126)
2026-05-17 16:25:33 INFO     
Starting CBF evaluation (two-stage pipeline)...
2026-05-17 16:25:33 INFO       Stage 1: Planning with Goal+Prior + CBF safety filter
2026-05-17 16:25:33 INFO       Stage 2: Validation with Robo3D.check_for_collision
2026-05-17 16:25:33 INFO     
2026-05-17 16:25:33 INFO     ======================================================================
2026-05-17 16:25:33 INFO     CBF Evaluation: 500 planning scenarios
2026-05-17 16:25:33 INFO     Planner: Goal + Prior only (lr=0.03, λ_prior=0.01)
2026-05-17 16:25:33 INFO     Safety: CBF filter (α=0.55, Δt=1.0)
2026-05-17 16:25:33 INFO     Max steps: 300, Success threshold: 0.01m
2026-05-17 16:25:33 INFO     ======================================================================
2026-05-17 16:26:04 INFO     Progress: 100/500 | Success: 24.0% | Goal: 73.0% | Collision-free: 26.0% | CBF: λ_avg=0.0063, interv=53.6%
2026-05-17 16:26:31 INFO     Progress: 200/500 | Success: 27.0% | Goal: 74.0% | Collision-free: 28.0% | CBF: λ_avg=0.0066, interv=48.5%
2026-05-17 16:26:59 INFO     Progress: 300/500 | Success: 27.0% | Goal: 74.0% | Collision-free: 28.7% | CBF: λ_avg=0.0060, interv=47.7%
2026-05-17 16:27:28 INFO     Progress: 400/500 | Success: 26.5% | Goal: 73.0% | Collision-free: 27.8% | CBF: λ_avg=0.0061, interv=48.7%
2026-05-17 16:27:50 INFO     Progress: 500/500 | Success: 29.2% | Goal: 74.6% | Collision-free: 30.2% | CBF: λ_avg=0.0056, interv=47.5%
2026-05-17 16:27:50 INFO     
======================================================================
2026-05-17 16:27:50 INFO     CBF PLANNING EVALUATION RESULTS
2026-05-17 16:27:50 INFO     ======================================================================
2026-05-17 16:27:50 INFO     Configuration:
2026-05-17 16:27:50 INFO       Method:              CBF Safety Filter
2026-05-17 16:27:50 INFO       Test Scenarios:      500
2026-05-17 16:27:50 INFO       Obstacles per scene: 1
2026-05-17 16:27:50 INFO       Success threshold:   0.01m
2026-05-17 16:27:50 INFO       Max planning steps:  300
2026-05-17 16:27:50 INFO       Planning LR:         0.03
2026-05-17 16:27:50 INFO       Lambda prior:        0.01
2026-05-17 16:27:50 INFO       CBF alpha:           0.55
2026-05-17 16:27:50 INFO       CBF delta_t:         1.0
2026-05-17 16:27:50 INFO       Collision checker:   Robo3D.check_for_collision (geometric ground truth)
2026-05-17 16:27:50 INFO     ----------------------------------------------------------------------
2026-05-17 16:27:50 INFO     Task Performance:
2026-05-17 16:27:50 INFO       Success Rate:        29.20%
2026-05-17 16:27:50 INFO       Goal Reached:        74.60%
2026-05-17 16:27:50 INFO       Collision-free:      30.20%
2026-05-17 16:27:50 INFO       Avg Planning Time:   91.69 ± 42.72 ms
2026-05-17 16:27:50 INFO       Avg Path Length:     4.4038 ± 2.0110
2026-05-17 16:27:50 INFO     ----------------------------------------------------------------------
2026-05-17 16:27:50 INFO     CBF-Specific Metrics:
2026-05-17 16:27:50 INFO       Avg λ correction:     0.005649
2026-05-17 16:27:50 INFO       Max λ correction:     1.000000
2026-05-17 16:27:50 INFO       Avg intervention rate: 47.5%
2026-05-17 16:27:50 INFO       Avg min B(z_k):       -0.3455
2026-05-17 16:27:50 INFO     ======================================================================

