2026-05-17 16:32:18 INFO     Using device: cuda
2026-05-17 16:32:18 INFO     Robo3D geometric collision checker instantiated
2026-05-17 16:32:18 INFO     Loading VAE from /home/chandrakiran/Projects/7.RTLS_WITH_CBFS/model_params/panda_10k/model.ckpt-016000.pt
2026-05-17 16:32:19 INFO     VAE loaded: 7D latent
2026-05-17 16:32:19 INFO     Loading BarrierNet from /home/chandrakiran/Projects/7.RTLS_WITH_CBFS/model_params/panda_10k/cbf_snapshots/barrier_net_best.pt
2026-05-17 16:32:19 INFO     BarrierNet loaded (epoch 126)
2026-05-17 16:32:19 INFO     
Starting CBF evaluation (two-stage pipeline)...
2026-05-17 16:32:19 INFO       Stage 1: Planning with Goal+Prior + CBF safety filter
2026-05-17 16:32:19 INFO       Stage 2: Validation with Robo3D.check_for_collision
2026-05-17 16:32:19 INFO     
2026-05-17 16:32:19 INFO     ======================================================================
2026-05-17 16:32:19 INFO     CBF Evaluation: 500 planning scenarios
2026-05-17 16:32:19 INFO     Planner: Goal + Prior only (lr=0.03, λ_prior=0.01)
2026-05-17 16:32:19 INFO     Safety: CBF filter (α=0.7, Δt=1.0)
2026-05-17 16:32:19 INFO     Max steps: 300, Success threshold: 0.01m
2026-05-17 16:32:19 INFO     ======================================================================
2026-05-17 16:32:46 INFO     Progress: 100/500 | Success: 24.0% | Goal: 70.0% | Collision-free: 26.0% | CBF: λ_avg=0.0058, interv=53.7%
2026-05-17 16:33:11 INFO     Progress: 200/500 | Success: 28.5% | Goal: 73.0% | Collision-free: 29.5% | CBF: λ_avg=0.0068, interv=48.1%
2026-05-17 16:33:37 INFO     Progress: 300/500 | Success: 28.0% | Goal: 73.3% | Collision-free: 29.7% | CBF: λ_avg=0.0062, interv=47.2%
2026-05-17 16:34:06 INFO     Progress: 400/500 | Success: 27.0% | Goal: 72.8% | Collision-free: 28.2% | CBF: λ_avg=0.0063, interv=48.2%
2026-05-17 16:34:28 INFO     Progress: 500/500 | Success: 29.6% | Goal: 74.4% | Collision-free: 30.6% | CBF: λ_avg=0.0059, interv=46.9%
2026-05-17 16:34:28 INFO     
======================================================================
2026-05-17 16:34:28 INFO     CBF PLANNING EVALUATION RESULTS
2026-05-17 16:34:28 INFO     ======================================================================
2026-05-17 16:34:28 INFO     Configuration:
2026-05-17 16:34:28 INFO       Method:              CBF Safety Filter
2026-05-17 16:34:28 INFO       Test Scenarios:      500
2026-05-17 16:34:28 INFO       Obstacles per scene: 1
2026-05-17 16:34:28 INFO       Success threshold:   0.01m
2026-05-17 16:34:28 INFO       Max planning steps:  300
2026-05-17 16:34:28 INFO       Planning LR:         0.03
2026-05-17 16:34:28 INFO       Lambda prior:        0.01
2026-05-17 16:34:28 INFO       CBF alpha:           0.7
2026-05-17 16:34:28 INFO       CBF delta_t:         1.0
2026-05-17 16:34:28 INFO       Collision checker:   Robo3D.check_for_collision (geometric ground truth)
2026-05-17 16:34:28 INFO     ----------------------------------------------------------------------
2026-05-17 16:34:28 INFO     Task Performance:
2026-05-17 16:34:28 INFO       Success Rate:        29.60%
2026-05-17 16:34:28 INFO       Goal Reached:        74.40%
2026-05-17 16:34:28 INFO       Collision-free:      30.60%
2026-05-17 16:34:28 INFO       Avg Planning Time:   87.51 ± 36.91 ms
2026-05-17 16:34:28 INFO       Avg Path Length:     4.3561 ± 1.8710
2026-05-17 16:34:28 INFO     ----------------------------------------------------------------------
2026-05-17 16:34:28 INFO     CBF-Specific Metrics:
2026-05-17 16:34:28 INFO       Avg λ correction:     0.005864
2026-05-17 16:34:28 INFO       Max λ correction:     1.000000
2026-05-17 16:34:28 INFO       Avg intervention rate: 46.9%
2026-05-17 16:34:28 INFO       Avg min B(z_k):       -0.3464
2026-05-17 16:34:28 INFO     ======================================================================

