2026-05-17 16:27:52 INFO     Using device: cuda
2026-05-17 16:27:52 INFO     Robo3D geometric collision checker instantiated
2026-05-17 16:27:52 INFO     Loading VAE from /home/chandrakiran/Projects/7.RTLS_WITH_CBFS/model_params/panda_10k/model.ckpt-016000.pt
2026-05-17 16:27:52 INFO     VAE loaded: 7D latent
2026-05-17 16:27:52 INFO     Loading BarrierNet from /home/chandrakiran/Projects/7.RTLS_WITH_CBFS/model_params/panda_10k/cbf_snapshots/barrier_net_best.pt
2026-05-17 16:27:52 INFO     BarrierNet loaded (epoch 126)
2026-05-17 16:27:52 INFO     
Starting CBF evaluation (two-stage pipeline)...
2026-05-17 16:27:52 INFO       Stage 1: Planning with Goal+Prior + CBF safety filter
2026-05-17 16:27:52 INFO       Stage 2: Validation with Robo3D.check_for_collision
2026-05-17 16:27:52 INFO     
2026-05-17 16:27:52 INFO     ======================================================================
2026-05-17 16:27:52 INFO     CBF Evaluation: 500 planning scenarios
2026-05-17 16:27:52 INFO     Planner: Goal + Prior only (lr=0.03, λ_prior=0.01)
2026-05-17 16:27:52 INFO     Safety: CBF filter (α=0.6, Δt=1.0)
2026-05-17 16:27:52 INFO     Max steps: 300, Success threshold: 0.01m
2026-05-17 16:27:52 INFO     ======================================================================
2026-05-17 16:28:20 INFO     Progress: 100/500 | Success: 24.0% | Goal: 71.0% | Collision-free: 26.0% | CBF: λ_avg=0.0057, interv=53.5%
2026-05-17 16:28:45 INFO     Progress: 200/500 | Success: 27.5% | Goal: 73.5% | Collision-free: 28.5% | CBF: λ_avg=0.0066, interv=48.3%
2026-05-17 16:29:13 INFO     Progress: 300/500 | Success: 27.3% | Goal: 73.3% | Collision-free: 29.0% | CBF: λ_avg=0.0060, interv=47.6%
2026-05-17 16:29:41 INFO     Progress: 400/500 | Success: 26.5% | Goal: 73.2% | Collision-free: 27.8% | CBF: λ_avg=0.0061, interv=48.5%
2026-05-17 16:30:04 INFO     Progress: 500/500 | Success: 29.4% | Goal: 74.8% | Collision-free: 30.4% | CBF: λ_avg=0.0057, interv=47.2%
2026-05-17 16:30:04 INFO     
======================================================================
2026-05-17 16:30:04 INFO     CBF PLANNING EVALUATION RESULTS
2026-05-17 16:30:04 INFO     ======================================================================
2026-05-17 16:30:04 INFO     Configuration:
2026-05-17 16:30:04 INFO       Method:              CBF Safety Filter
2026-05-17 16:30:04 INFO       Test Scenarios:      500
2026-05-17 16:30:04 INFO       Obstacles per scene: 1
2026-05-17 16:30:04 INFO       Success threshold:   0.01m
2026-05-17 16:30:04 INFO       Max planning steps:  300
2026-05-17 16:30:04 INFO       Planning LR:         0.03
2026-05-17 16:30:04 INFO       Lambda prior:        0.01
2026-05-17 16:30:04 INFO       CBF alpha:           0.6
2026-05-17 16:30:04 INFO       CBF delta_t:         1.0
2026-05-17 16:30:04 INFO       Collision checker:   Robo3D.check_for_collision (geometric ground truth)
2026-05-17 16:30:04 INFO     ----------------------------------------------------------------------
2026-05-17 16:30:04 INFO     Task Performance:
2026-05-17 16:30:04 INFO       Success Rate:        29.40%
2026-05-17 16:30:04 INFO       Goal Reached:        74.80%
2026-05-17 16:30:04 INFO       Collision-free:      30.40%
2026-05-17 16:30:04 INFO       Avg Planning Time:   89.79 ± 40.57 ms
2026-05-17 16:30:04 INFO       Avg Path Length:     4.4128 ± 1.9870
2026-05-17 16:30:04 INFO     ----------------------------------------------------------------------
2026-05-17 16:30:04 INFO     CBF-Specific Metrics:
2026-05-17 16:30:04 INFO       Avg λ correction:     0.005685
2026-05-17 16:30:04 INFO       Max λ correction:     1.000000
2026-05-17 16:30:04 INFO       Avg intervention rate: 47.2%
2026-05-17 16:30:04 INFO       Avg min B(z_k):       -0.3463
2026-05-17 16:30:04 INFO     ======================================================================

