2026-05-17 16:00:46 INFO     Using device: cuda
2026-05-17 16:00:46 INFO     Robo3D geometric collision checker instantiated
2026-05-17 16:00:46 INFO     Loading VAE from /home/chandrakiran/Projects/7.RTLS_WITH_CBFS/model_params/panda_10k/model.ckpt-016000.pt
2026-05-17 16:00:46 INFO     VAE loaded: 7D latent
2026-05-17 16:00:46 INFO     Loading BarrierNet from /home/chandrakiran/Projects/7.RTLS_WITH_CBFS/model_params/panda_10k/cbf_snapshots/barrier_net_best.pt
2026-05-17 16:00:47 INFO     BarrierNet loaded (epoch 126)
2026-05-17 16:00:47 INFO     
Starting CBF evaluation (two-stage pipeline)...
2026-05-17 16:00:47 INFO       Stage 1: Planning with Goal+Prior + CBF safety filter
2026-05-17 16:00:47 INFO       Stage 2: Validation with Robo3D.check_for_collision
2026-05-17 16:00:47 INFO     
2026-05-17 16:00:47 INFO     ======================================================================
2026-05-17 16:00:47 INFO     CBF Evaluation: 500 planning scenarios
2026-05-17 16:00:47 INFO     Planner: Goal + Prior only (lr=0.03, λ_prior=0.01)
2026-05-17 16:00:47 INFO     Safety: CBF filter (α=0.15, Δt=1.0)
2026-05-17 16:00:47 INFO     Max steps: 300, Success threshold: 0.01m
2026-05-17 16:00:47 INFO     ======================================================================
2026-05-17 16:01:27 INFO     Progress: 100/500 | Success: 25.0% | Goal: 73.0% | Collision-free: 27.0% | CBF: λ_avg=0.0061, interv=58.3%
2026-05-17 16:02:03 INFO     Progress: 200/500 | Success: 26.5% | Goal: 75.0% | Collision-free: 27.5% | CBF: λ_avg=0.0072, interv=52.1%
2026-05-17 16:02:43 INFO     Progress: 300/500 | Success: 28.0% | Goal: 74.0% | Collision-free: 30.3% | CBF: λ_avg=0.0061, interv=51.3%
2026-05-17 16:03:24 INFO     Progress: 400/500 | Success: 27.5% | Goal: 72.5% | Collision-free: 30.0% | CBF: λ_avg=0.0058, interv=52.6%
2026-05-17 16:03:59 INFO     Progress: 500/500 | Success: 30.2% | Goal: 73.6% | Collision-free: 33.2% | CBF: λ_avg=0.0053, interv=51.6%
2026-05-17 16:03:59 INFO     
======================================================================
2026-05-17 16:03:59 INFO     CBF PLANNING EVALUATION RESULTS
2026-05-17 16:03:59 INFO     ======================================================================
2026-05-17 16:03:59 INFO     Configuration:
2026-05-17 16:03:59 INFO       Method:              CBF Safety Filter
2026-05-17 16:03:59 INFO       Test Scenarios:      500
2026-05-17 16:03:59 INFO       Obstacles per scene: 1
2026-05-17 16:03:59 INFO       Success threshold:   0.01m
2026-05-17 16:03:59 INFO       Max planning steps:  300
2026-05-17 16:03:59 INFO       Planning LR:         0.03
2026-05-17 16:03:59 INFO       Lambda prior:        0.01
2026-05-17 16:03:59 INFO       CBF alpha:           0.15
2026-05-17 16:03:59 INFO       CBF delta_t:         1.0
2026-05-17 16:03:59 INFO       Collision checker:   Robo3D.check_for_collision (geometric ground truth)
2026-05-17 16:03:59 INFO     ----------------------------------------------------------------------
2026-05-17 16:03:59 INFO     Task Performance:
2026-05-17 16:03:59 INFO       Success Rate:        30.20%
2026-05-17 16:03:59 INFO       Goal Reached:        73.60%
2026-05-17 16:03:59 INFO       Collision-free:      33.20%
2026-05-17 16:03:59 INFO       Avg Planning Time:   136.43 ± 64.86 ms
2026-05-17 16:03:59 INFO       Avg Path Length:     4.5562 ± 2.0861
2026-05-17 16:03:59 INFO     ----------------------------------------------------------------------
2026-05-17 16:03:59 INFO     CBF-Specific Metrics:
2026-05-17 16:03:59 INFO       Avg λ correction:     0.005321
2026-05-17 16:03:59 INFO       Max λ correction:     1.000000
2026-05-17 16:03:59 INFO       Avg intervention rate: 51.6%
2026-05-17 16:03:59 INFO       Avg min B(z_k):       -0.3381
2026-05-17 16:03:59 INFO     ======================================================================

